Component: ARM Compiler 5.06 update 6 (build 750) Tool: armlink [4d35ed]

==============================================================================

Section Cross References

    startup_stm32f407xx.o(RESET) refers to startup_stm32f407xx.o(STACK) for __initial_sp
    startup_stm32f407xx.o(RESET) refers to startup_stm32f407xx.o(.text) for Reset_Handler
    startup_stm32f407xx.o(RESET) refers to stm32f4xx_it.o(i.NMI_Handler) for NMI_Handler
    startup_stm32f407xx.o(RESET) refers to stm32f4xx_it.o(i.MemManage_Handler) for MemManage_Handler
    startup_stm32f407xx.o(RESET) refers to stm32f4xx_it.o(i.BusFault_Handler) for BusFault_Handler
    startup_stm32f407xx.o(RESET) refers to stm32f4xx_it.o(i.UsageFault_Handler) for UsageFault_Handler
    startup_stm32f407xx.o(RESET) refers to port.o(.emb_text) for SVC_Handler
    startup_stm32f407xx.o(RESET) refers to stm32f4xx_it.o(i.DebugMon_Handler) for DebugMon_Handler
    startup_stm32f407xx.o(RESET) refers to port.o(i.SysTick_Handler) for SysTick_Handler
    startup_stm32f407xx.o(RESET) refers to stm32f4xx_it.o(i.DMA1_Stream0_IRQHandler) for DMA1_Stream0_IRQHandler
    startup_stm32f407xx.o(RESET) refers to stm32f4xx_it.o(i.DMA1_Stream1_IRQHandler) for DMA1_Stream1_IRQHandler
    startup_stm32f407xx.o(RESET) refers to stm32f4xx_it.o(i.DMA1_Stream2_IRQHandler) for DMA1_Stream2_IRQHandler
    startup_stm32f407xx.o(RESET) refers to stm32f4xx_it.o(i.DMA1_Stream3_IRQHandler) for DMA1_Stream3_IRQHandler
    startup_stm32f407xx.o(RESET) refers to stm32f4xx_it.o(i.DMA1_Stream4_IRQHandler) for DMA1_Stream4_IRQHandler
    startup_stm32f407xx.o(RESET) refers to stm32f4xx_it.o(i.DMA1_Stream5_IRQHandler) for DMA1_Stream5_IRQHandler
    startup_stm32f407xx.o(RESET) refers to stm32f4xx_it.o(i.DMA1_Stream6_IRQHandler) for DMA1_Stream6_IRQHandler
    startup_stm32f407xx.o(RESET) refers to stm32f4xx_it.o(i.TIM1_UP_TIM10_IRQHandler) for TIM1_UP_TIM10_IRQHandler
    startup_stm32f407xx.o(RESET) refers to stm32f4xx_it.o(i.USART1_IRQHandler) for USART1_IRQHandler
    startup_stm32f407xx.o(RESET) refers to stm32f4xx_it.o(i.USART2_IRQHandler) for USART2_IRQHandler
    startup_stm32f407xx.o(RESET) refers to stm32f4xx_it.o(i.USART3_IRQHandler) for USART3_IRQHandler
    startup_stm32f407xx.o(RESET) refers to stm32f4xx_it.o(i.DMA1_Stream7_IRQHandler) for DMA1_Stream7_IRQHandler
    startup_stm32f407xx.o(RESET) refers to stm32f4xx_it.o(i.UART4_IRQHandler) for UART4_IRQHandler
    startup_stm32f407xx.o(RESET) refers to stm32f4xx_it.o(i.UART5_IRQHandler) for UART5_IRQHandler
    startup_stm32f407xx.o(RESET) refers to stm32f4xx_it.o(i.TIM7_IRQHandler) for TIM7_IRQHandler
    startup_stm32f407xx.o(RESET) refers to stm32f4xx_it.o(i.DMA2_Stream0_IRQHandler) for DMA2_Stream0_IRQHandler
    startup_stm32f407xx.o(RESET) refers to stm32f4xx_it.o(i.DMA2_Stream1_IRQHandler) for DMA2_Stream1_IRQHandler
    startup_stm32f407xx.o(RESET) refers to stm32f4xx_it.o(i.DMA2_Stream2_IRQHandler) for DMA2_Stream2_IRQHandler
    startup_stm32f407xx.o(RESET) refers to stm32f4xx_it.o(i.DMA2_Stream6_IRQHandler) for DMA2_Stream6_IRQHandler
    startup_stm32f407xx.o(RESET) refers to stm32f4xx_it.o(i.DMA2_Stream7_IRQHandler) for DMA2_Stream7_IRQHandler
    startup_stm32f407xx.o(RESET) refers to stm32f4xx_it.o(i.USART6_IRQHandler) for USART6_IRQHandler
    startup_stm32f407xx.o(.text) refers to system_stm32f4xx.o(i.SystemInit) for SystemInit
    startup_stm32f407xx.o(.text) refers to entry.o(.ARM.Collect$$$$00000000) for __main
    main.o(i.AttTask) refers to stm32f4xx_hal_iwdg.o(i.HAL_IWDG_Refresh) for HAL_IWDG_Refresh
    main.o(i.AttTask) refers to tasks.o(i.vTaskSuspend) for vTaskSuspend
    main.o(i.AttTask) refers to cmsis_os.o(i.osDelay) for osDelay
    main.o(i.AttTask) refers to main.o(.data) for .data
    main.o(i.AttTask) refers to main.o(.bss) for .bss
    main.o(i.AutoTask) refers to stm32f4xx_hal_iwdg.o(i.HAL_IWDG_Refresh) for HAL_IWDG_Refresh
    main.o(i.AutoTask) refers to cmsis_os.o(i.osDelay) for osDelay
    main.o(i.AutoTask) refers to main.o(.bss) for .bss
    main.o(i.CtrlTask) refers to dfltui.o(.text) for __aeabi_ui2d
    main.o(i.CtrlTask) refers to dmul.o(.text) for __aeabi_dmul
    main.o(i.CtrlTask) refers to dfixui.o(.text) for __aeabi_d2uiz
    main.o(i.CtrlTask) refers to stm32f4xx_hal_iwdg.o(i.HAL_IWDG_Refresh) for HAL_IWDG_Refresh
    main.o(i.CtrlTask) refers to basicctrl.o(i.BasicControl) for BasicControl
    main.o(i.CtrlTask) refers to basicctrl.o(i.PassBack) for PassBack
    main.o(i.CtrlTask) refers to stm32f4xx_hal_uart.o(i.HAL_UART_Receive_DMA) for HAL_UART_Receive_DMA
    main.o(i.CtrlTask) refers to tasks.o(i.vTaskSuspend) for vTaskSuspend
    main.o(i.CtrlTask) refers to cmsis_os.o(i.osDelay) for osDelay
    main.o(i.CtrlTask) refers to main.o(.bss) for .bss
    main.o(i.CtrlTask) refers to main.o(.data) for .data
    main.o(i.DisTask) refers to dfltui.o(.text) for __aeabi_ui2d
    main.o(i.DisTask) refers to dmul.o(.text) for __aeabi_dmul
[...]
    i.SDeepkeepingMove                       0x08003634   Section        0  auto.o(i.SDeepkeepingMove)
    i.SOrientMove                            0x08003636   Section        0  auto.o(i.SOrientMove)
    i.SWTask                                 0x08003638   Section        0  main.o(i.SWTask)
    i.SixMove                                0x08003698   Section        0  basicctrl.o(i.SixMove)
    i.SysTick_Handler                        0x0800369c   Section        0  port.o(i.SysTick_Handler)
    i.SystemClock_Config                     0x080036c8   Section        0  main.o(i.SystemClock_Config)
    i.SystemInit                             0x08003750   Section        0  system_stm32f4xx.o(i.SystemInit)
    i.TIM1_UP_TIM10_IRQHandler               0x0800376c   Section        0  stm32f4xx_it.o(i.TIM1_UP_TIM10_IRQHandler)
    i.TIM7_IRQHandler                        0x08003788   Section        0  stm32f4xx_it.o(i.TIM7_IRQHandler)
    i.TIM_Base_SetConfig                     0x080037fc   Section        0  stm32f4xx_hal_tim.o(i.TIM_Base_SetConfig)
    i.TIM_CCxChannelCmd                      0x080038c4   Section        0  stm32f4xx_hal_tim.o(i.TIM_CCxChannelCmd)
    i.TIM_ETR_SetConfig                      0x080038de   Section        0  stm32f4xx_hal_tim.o(i.TIM_ETR_SetConfig)
    i.TIM_ITRx_SetConfig                     0x080038f2   Section        0  stm32f4xx_hal_tim.o(i.TIM_ITRx_SetConfig)
    TIM_ITRx_SetConfig                       0x080038f3   Thumb Code    16  stm32f4xx_hal_tim.o(i.TIM_ITRx_SetConfig)
    i.TIM_OC1_SetConfig                      0x08003904   Section        0  stm32f4xx_hal_tim.o(i.TIM_OC1_SetConfig)
    TIM_OC1_SetConfig                        0x08003905   Thumb Code    88  stm32f4xx_hal_tim.o(i.TIM_OC1_SetConfig)
    i.TIM_OC2_SetConfig                      0x08003964   Section        0  stm32f4xx_hal_tim.o(i.TIM_OC2_SetConfig)
    i.TIM_OC3_SetConfig                      0x080039d0   Section        0  stm32f4xx_hal_tim.o(i.TIM_OC3_SetConfig)
    TIM_OC3_SetConfig                        0x080039d1   Thumb Code    96  stm32f4xx_hal_tim.o(i.TIM_OC3_SetConfig)
    i.TIM_OC4_SetConfig                      0x08003a38   Section        0  stm32f4xx_hal_tim.o(i.TIM_OC4_SetConfig)
    TIM_OC4_SetConfig                        0x08003a39   Thumb Code    70  stm32f4xx_hal_tim.o(i.TIM_OC4_SetConfig)
    i.TIM_TI1_ConfigInputStage               0x08003a88   Section        0  stm32f4xx_hal_tim.o(i.TIM_TI1_ConfigInputStage)
    TIM_TI1_ConfigInputStage                 0x08003a89   Thumb Code    34  stm32f4xx_hal_tim.o(i.TIM_TI1_ConfigInputStage)
    i.TIM_TI2_ConfigInputStage               0x08003aaa   Section        0  stm32f4xx_hal_tim.o(i.TIM_TI2_ConfigInputStage)
    TIM_TI2_ConfigInputStage                 0x08003aab   Thumb Code    36  stm32f4xx_hal_tim.o(i.TIM_TI2_ConfigInputStage)
    i.UART4_IRQHandler                       0x08003ad0   Section        0  stm32f4xx_it.o(i.UART4_IRQHandler)
    i.UART5_IRQHandler                       0x08003b80   Section        0  stm32f4xx_it.o(i.UART5_IRQHandler)
    i.UART_DMAAbortOnError                   0x08003b8c   Section        0  stm32f4xx_hal_uart.o(i.UART_DMAAbortOnError)
    UART_DMAAbortOnError                     0x08003b8d   Thumb Code    16  stm32f4xx_hal_uart.o(i.UART_DMAAbortOnError)
    i.UART_DMAError                          0x08003b9c   Section        0  stm32f4xx_hal_uart.o(i.UART_DMAError)
    UART_DMAError                            0x08003b9d   Thumb Code    74  stm32f4xx_hal_uart.o(i.UART_DMAError)
    i.UART_DMAReceiveCplt                    0x08003be6   Section        0  stm32f4xx_hal_uart.o(i.UART_DMAReceiveCplt)
    UART_DMAReceiveCplt                      0x08003be7   Thumb Code    60  stm32f4xx_hal_uart.o(i.UART_DMAReceiveCplt)
    i.UART_DMARxHalfCplt                     0x08003c22   Section        0  stm32f4xx_hal_uart.o(i.UART_DMARxHalfCplt)
    UART_DMARxHalfCplt                       0x08003c23   Thumb Code    10  stm32f4xx_hal_uart.o(i.UART_DMARxHalfCplt)
    i.UART_DMATransmitCplt                   0x08003c2c   Section        0  stm32f4xx_hal_uart.o(i.UART_DMATransmitCplt)
    UART_DMATransmitCplt                     0x08003c2d   Thumb Code    46  stm32f4xx_hal_uart.o(i.UART_DMATransmitCplt)
    i.UART_DMATxHalfCplt                     0x08003c5a   Section        0  stm32f4xx_hal_uart.o(i.UART_DMATxHalfCplt)
    UART_DMATxHalfCplt                       0x08003c5b   Thumb Code    10  stm32f4xx_hal_uart.o(i.UART_DMATxHalfCplt)
    i.UART_EndRxTransfer                     0x08003c64   Section        0  stm32f4xx_hal_uart.o(i.UART_EndRxTransfer)
    UART_EndRxTransfer                       0x08003c65   Thumb Code    28  stm32f4xx_hal_uart.o(i.UART_EndRxTransfer)
    i.UART_EndTxTransfer                     0x08003c80   Section        0  stm32f4xx_hal_uart.o(i.UART_EndTxTransfer)
    UART_EndTxTransfer                       0x08003c81   Thumb Code    18  stm32f4xx_hal_uart.o(i.UART_EndTxTransfer)
    i.UART_Receive_IT                        0x08003c92   Section        0  stm32f4xx_hal_uart.o(i.UART_Receive_IT)
    UART_Receive_IT                          0x08003c93   Thumb Code   150  stm32f4xx_hal_uart.o(i.UART_Receive_IT)
    i.UART_SetConfig                         0x08003d28   Section        0  stm32f4xx_hal_uart.o(i.UART_SetConfig)
    UART_SetConfig                           0x08003d29   Thumb Code   286  stm32f4xx_hal_uart.o(i.UART_SetConfig)
    i.UART_Transmit_IT                       0x08003e50   Section        0  stm32f4xx_hal_uart.o(i.UART_Transmit_IT)
    UART_Transmit_IT                         0x08003e51   Thumb Code    98  stm32f4xx_hal_uart.o(i.UART_Transmit_IT)
    i.USART1_IRQHandler                      0x08003eb4   Section        0  stm32f4xx_it.o(i.USART1_IRQHandler)
    i.USART2_IRQHandler                      0x08003f54   Section        0  stm32f4xx_it.o(i.USART2_IRQHandler)
    i.USART3_IRQHandler                      0x08003f60   Section        0  stm32f4xx_it.o(i.USART3_IRQHandler)
    i.USART6_IRQHandler                      0x08003ff8   Section        0  stm32f4xx_it.o(i.USART6_IRQHandler)
    i.UsageFault_Handler                     0x08004004   Section        0  stm32f4xx_it.o(i.UsageFault_Handler)
    i.WDTask                                 0x08004008   Section        0  main.o(i.WDTask)
    i.XorCaculate                            0x08004040   Section        0  basicctrl.o(i.XorCaculate)
    i.__NVIC_SetPriority                     0x08004058   Section        0  stm32f4xx_hal_cortex.o(i.__NVIC_SetPriority)
    __NVIC_SetPriority                       0x08004059   Thumb Code    32  stm32f4xx_hal_cortex.o(i.__NVIC_SetPriority)
    i.__scatterload_copy                     0x08004078   Section       14  handlers.o(i.__scatterload_copy)
    i.__scatterload_null                     0x08004086   Section        2  handlers.o(i.__scatterload_null)
    i.__scatterload_zeroinit                 0x08004088   Section       14  handlers.o(i.__scatterload_zeroinit)
    i.main                                   0x08004098   Section        0  main.o(i.main)
    i.makeFreeRtosPriority                   0x0800429c   Section        0  cmsis_os.o(i.makeFreeRtosPriority)
    makeFreeRtosPriority                     0x0800429d   Thumb Code    12  cmsis_os.o(i.makeFreeRtosPriority)
    i.malloc                                 0x080042a8   Section        0  malloc.o(i.malloc)
    i.osDelay                                0x08004314   Section        0  cmsis_os.o(i.osDelay)
    i.osKernelStart                          0x08004322   Section        0  cmsis_os.o(i.osKernelStart)
    i.osThreadCreate                         0x0800432c   Section        0  cmsis_os.o(i.osThreadCreate)
    i.prvAddCurrentTaskToDelayedList         0x08004380   Section        0  tasks.o(i.prvAddCurrentTaskToDelayedList)
    prvAddCurrentTaskToDelayedList           0x08004381   Thumb Code   102  tasks.o(i.prvAddCurrentTaskToDelayedList)
    i.prvAddNewTaskToReadyList               0x080043f0   Section        0  tasks.o(i.prvAddNewTaskToReadyList)
    prvAddNewTaskToReadyList                 0x080043f1   Thumb Code   194  tasks.o(i.prvAddNewTaskToReadyList)
    i.prvDeleteTCB                           0x080044c0   Section        0  tasks.o(i.prvDeleteTCB)
    prvDeleteTCB                             0x080044c1   Thumb Code    52  tasks.o(i.prvDeleteTCB)
    i.prvHeapInit                            0x080044f4   Section        0  heap_4.o(i.prvHeapInit)
    prvHeapInit                              0x080044f5   Thumb Code    66  heap_4.o(i.prvHeapInit)
    i.prvIdleTask                            0x08004540   Section        0  tasks.o(i.prvIdleTask)
    prvIdleTask                              0x08004541   Thumb Code    82  tasks.o(i.prvIdleTask)
    i.prvInitialiseNewTask                   0x080045a0   Section        0  tasks.o(i.prvInitialiseNewTask)
    prvInitialiseNewTask                     0x080045a1   Thumb Code   142  tasks.o(i.prvInitialiseNewTask)
    i.prvInsertBlockIntoFreeList             0x08004630   Section        0  heap_4.o(i.prvInsertBlockIntoFreeList)
    prvInsertBlockIntoFreeList               0x08004631   Thumb Code    72  heap_4.o(i.prvInsertBlockIntoFreeList)
    i.prvResetNextTaskUnblockTime            0x0800467c   Section        0  tasks.o(i.prvResetNextTaskUnblockTime)
    prvResetNextTaskUnblockTime              0x0800467d   Thumb Code    26  tasks.o(i.prvResetNextTaskUnblockTime)
    i.prvTaskExitError                       0x0800469c   Section        0  port.o(i.prvTaskExitError)
    prvTaskExitError                         0x0800469d   Thumb Code    36  port.o(i.prvTaskExitError)
    i.prvTaskIsTaskSuspended                 0x080046c4   Section        0  tasks.o(i.prvTaskIsTaskSuspended)
    prvTaskIsTaskSuspended                   0x080046c5   Thumb Code    48  tasks.o(i.prvTaskIsTaskSuspended)
    i.pvPortMalloc                           0x080046f8   Section        0  heap_4.o(i.pvPortMalloc)
    i.pxPortInitialiseStack                  0x080047d0   Section        0  port.o(i.pxPortInitialiseStack)
    i.uxListRemove                           0x080047fc   Section        0  list.o(i.uxListRemove)
    i.vApplicationGetIdleTaskMemory          0x08004824   Section        0  freertos.o(i.vApplicationGetIdleTaskMemory)
    i.vListInitialise                        0x08004838   Section        0  list.o(i.vListInitialise)
    i.vListInitialiseItem                    0x0800484e   Section        0  list.o(i.vListInitialiseItem)
    i.vListInsert                            0x08004854   Section        0  list.o(i.vListInsert)
    i.vListInsertEnd                         0x08004884   Section        0  list.o(i.vListInsertEnd)
    i.vPortEnterCritical                     0x0800489c   Section        0  port.o(i.vPortEnterCritical)
    i.vPortExitCritical                      0x080048dc   Section        0  port.o(i.vPortExitCritical)
    i.vPortFree                              0x08004904   Section        0  heap_4.o(i.vPortFree)
    i.vPortSetupTimerInterrupt               0x08004960   Section        0  port.o(i.vPortSetupTimerInterrupt)
    i.vTaskDelay                             0x08004984   Section        0  tasks.o(i.vTaskDelay)
    i.vTaskResume                            0x080049d0   Section        0  tasks.o(i.vTaskResume)
    i.vTaskStartScheduler                    0x08004a4c   Section        0  tasks.o(i.vTaskStartScheduler)
    i.vTaskSuspend                           0x08004ab8   Section        0  tasks.o(i.vTaskSuspend)
    i.vTaskSuspendAll                        0x08004b74   Section        0  tasks.o(i.vTaskSuspendAll)
    i.vTaskSwitchContext                     0x08004b84   Section        0  tasks.o(i.vTaskSwitchContext)
    i.xPortStartScheduler                    0x08004be0   Section        0  port.o(i.xPortStartScheduler)
    i.xTaskCreate                            0x08004cd4   Section        0  tasks.o(i.xTaskCreate)
    i.xTaskCreateStatic                      0x08004d2e   Section        0  tasks.o(i.xTaskCreateStatic)
    i.xTaskIncrementTick                     0x08004d84   Section        0  tasks.o(i.xTaskIncrementTick)
    i.xTaskResumeAll                         0x08004e4c   Section        0  tasks.o(i.xTaskResumeAll)
    .constdata                               0x08004f10   Section      224  main.o(.constdata)
    .constdata                               0x08004ff0   Section        8  stm32f4xx_hal_dma.o(.constdata)
    flagBitshiftOffset                       0x08004ff0   Data           8  stm32f4xx_hal_dma.o(.constdata)
    .constdata                               0x08004ff8   Section       16  system_stm32f4xx.o(.constdata)
    .constdata                               0x08005008   Section        8  system_stm32f4xx.o(.constdata)
    .conststring                             0x08005010   Section      110  main.o(.conststring)
    .data                                    0x20000000   Section       84  main.o(.data)
    .data                                    0x20000054   Section        1  main.o(.data)
    .data                                    0x20000055   Section        1  main.o(.data)
    .data                                    0x20000056   Section        1  main.o(.data)
    .data                                    0x20000057   Section        3  stm32f4xx_it.o(.data)
    RestFlag                                 0x20000057   Data           1  stm32f4xx_it.o(.data)
    RestTimer                                0x20000058   Data           1  stm32f4xx_it.o(.data)
    LightClipTimer                           0x20000059   Data           1  stm32f4xx_it.o(.data)
    .data                                    0x2000005c   Section       16  attitude.o(.data)
    VerticalCCR                              0x2000005c   Data          16  attitude.o(.data)
    .data                                    0x2000006c   Section        1  basicctrl.o(.data)
    Zero                                     0x2000006c   Data           1  basicctrl.o(.data)
    .data                                    0x2000006d   Section        1  basicctrl.o(.data)
    One                                      0x2000006d   Data           1  basicctrl.o(.data)
    .data                                    0x20000070   Section      152  basicctrl.o(.data)
    NMoveMode                                0x20000070   Data           1  basicctrl.o(.data)
    MoveCCR                                  0x200000c4   Data          16  basicctrl.o(.data)
    .data                                    0x20000108   Section      233  display.o(.data)
    .data                                    0x200001f4   Section       12  stm32f4xx_hal.o(.data)
    .data                                    0x20000200   Section        4  system_stm32f4xx.o(.data)
    .data                                    0x20000204   Section       60  tasks.o(.data)
    pxDelayedTaskList                        0x20000208   Data           4  tasks.o(.data)
    pxOverflowDelayedTaskList                0x2000020c   Data           4  tasks.o(.data)
    uxDeletedTasksWaitingCleanUp             0x20000210   Data           4  tasks.o(.data)
    uxCurrentNumberOfTasks                   0x20000214   Data           4  tasks.o(.data)
    xTickCount                               0x20000218   Data           4  tasks.o(.data)
    uxTopReadyPriority                       0x2000021c   Data           4  tasks.o(.data)
    xSchedulerRunning                        0x20000220   Data           4  tasks.o(.data)
    uxPendedTicks                            0x20000224   Data           4  tasks.o(.data)
    xYieldPending                            0x20000228   Data           4  tasks.o(.data)
    xNumOfOverflows                          0x2000022c   Data           4  tasks.o(.data)
    uxTaskNumber                             0x20000230   Data           4  tasks.o(.data)
    xNextTaskUnblockTime                     0x20000234   Data           4  tasks.o(.data)
    xIdleTaskHandle                          0x20000238   Data           4  tasks.o(.data)
    uxSchedulerSuspended                     0x2000023c   Data           4  tasks.o(.data)
    .data                                    0x20000240   Section       24  heap_4.o(.data)
    pxEnd                                    0x20000240   Data           4  heap_4.o(.data)
    xFreeBytesRemaining                      0x20000244   Data           4  heap_4.o(.data)
    xMinimumEverFreeBytesRemaining           0x20000248   Data           4  heap_4.o(.data)
    xBlockAllocatedBit                       0x2000024c   Data           4  heap_4.o(.data)
    xStart                                   0x20000250   Data           8  heap_4.o(.data)
    .data                                    0x20000258   Section       12  port.o(.data)
    ucMaxSysCallPriority                     0x20000258   Data           1  port.o(.data)
    uxCriticalNesting                        0x2000025c   Data           4  port.o(.data)
    ulMaxPRIGROUPValue                       0x20000260   Data           4  port.o(.data)
    .data                                    0x20000264   Section        4  mvars.o(.data)
    .data                                    0x20000268   Section        4  mvars.o(.data)
    .bss                                     0x2000026c   Section      842  main.o(.bss)
    .bss                                     0x200005b8   Section       96  main.o(.bss)
    .bss                                     0x20000618   Section       96  main.o(.bss)
    .bss                                     0x20000678   Section       96  main.o(.bss)
    .bss                                     0x200006d8   Section       96  main.o(.bss)
    .bss                                     0x20000738   Section       96  main.o(.bss)
    .bss                                     0x20000798   Section       96  main.o(.bss)
    .bss                                     0x200007f8   Section       96  main.o(.bss)
    .bss                                     0x20000858   Section       96  main.o(.bss)
    .bss                                     0x200008b8   Section       96  main.o(.bss)
    .bss                                     0x20000918   Section       96  main.o(.bss)
    .bss                                     0x20000978   Section       96  main.o(.bss)
    .bss                                     0x200009d8   Section       96  main.o(.bss)
    .bss                                     0x20000a38   Section       96  main.o(.bss)
    .bss                                     0x20000a98   Section       30  main.o(.bss)
    .bss                                     0x20000ab6   Section       40  main.o(.bss)
    .bss                                     0x20000ae0   Section      596  freertos.o(.bss)
    xIdleTaskTCBBuffer                       0x20000ae0   Data          84  freertos.o(.bss)
    xIdleStack                               0x20000b34   Data         512  freertos.o(.bss)
    .bss                                     0x20000d34   Section       64  stm32f4xx_hal_timebase_tim.o(.bss)
    .bss                                     0x20000d74   Section       48  basicctrl.o(.bss)
    .bss                                     0x20000da4   Section      240  tasks.o(.bss)
    pxReadyTasksLists                        0x20000da4   Data         140  tasks.o(.bss)
    xDelayedTaskList1                        0x20000e30   Data          20  tasks.o(.bss)
    xDelayedTaskList2                        0x20000e44   Data          20  tasks.o(.bss)
    xPendingReadyList                        0x20000e58   Data          20  tasks.o(.bss)
    xTasksWaitingTermination                 0x20000e6c   Data          20  tasks.o(.bss)
    xSuspendedTaskList                       0x20000e80   Data          20  tasks.o(.bss)
    .bss                                     0x20000e94   Section    15360  heap_4.o(.bss)
    ucHeap                                   0x20000e94   Data       15360  heap_4.o(.bss)
    HEAP                                     0x20004a98   Section      512  startup_stm32f407xx.o(HEAP)
    STACK                                    0x20004c98   Section     1024  startup_stm32f407xx.o(STACK)

    Global Symbols

    Symbol Name                              Value     Ov Type        Size  Object(Section)

    BuildAttributes$$THM_ISAv4$E$P$D$K$B$S$7EM$VFPi3$EXTD16$VFPS$VFMA$PE$A:L22UL41UL21$X:L11$S22US41US21$IEEE1$IW$USESV6$~STKCKD$USESV7$~SHL$OSPACE$ROPI$EBA8$MICROLIB$REQ8$PRES8$EABIv2 0x00000000   Number         0  anon$$obj.o ABSOLUTE
    __ARM_use_no_argv                        0x00000000   Number         0  main.o ABSOLUTE
    __cpp_initialize__aeabi_                  - Undefined Weak Reference
    __cxa_finalize                            - Undefined Weak Reference
    _clock_init                               - Undefined Weak Reference
    _microlib_exit                            - Undefined Weak Reference
    __Vectors_Size                           0x00000188   Number         0  startup_stm32f407xx.o ABSOLUTE
    __Vectors                                0x08000000   Data           4  startup_stm32f407xx.o(RESET)
    __Vectors_End                            0x08000188   Data           0  startup_stm32f407xx.o(RESET)
    __main                                   0x08000189   Thumb Code     0  entry.o(.ARM.Collect$$$$00000000)
    _main_stk                                0x08000189   Thumb Code     0  entry2.o(.ARM.Collect$$$$00000001)
    _main_scatterload                        0x0800018d   Thumb Code     0  entry5.o(.ARM.Collect$$$$00000004)
    __main_after_scatterload                 0x08000191   Thumb Code     0  entry5.o(.ARM.Collect$$$$00000004)
    _main_clock                              0x08000191   Thumb Code     0  entry7b.o(.ARM.Collect$$$$00000008)
    _main_cpp_init                           0x08000191   Thumb Code     0  entry8b.o(.ARM.Collect$$$$0000000A)
    _main_init                               0x08000191   Thumb Code     0  entry9a.o(.ARM.Collect$$$$0000000B)
    __rt_final_cpp                           0x08000199   Thumb Code     0  entry10a.o(.ARM.Collect$$$$0000000D)
    __rt_final_exit                          0x08000199   Thumb Code     0  entry11a.o(.ARM.Collect$$$$0000000F)
    SVC_Handler                              0x0800019d   Thumb Code    28  port.o(.emb_text)
    __asm___6_port_c_39a90d8d__prvStartFirstTask 0x080001bd   Thumb Code    36  port.o(.emb_text)
    __asm___6_port_c_39a90d8d__prvEnableVFP  0x080001e5   Thumb Code    16  port.o(.emb_text)
    PendSV_Handler                           0x080001f9   Thumb Code    88  port.o(.emb_text)
    vPortGetIPSR                             0x08000255   Thumb Code     6  port.o(.emb_text)
    Reset_Handler                            0x0800025d   Thumb Code     8  startup_stm32f407xx.o(.text)
    HardFault_Handler                        0x08000267   Thumb Code     2  startup_stm32f407xx.o(.text)
    ADC_IRQHandler                           0x08000277   Thumb Code     0  startup_stm32f407xx.o(.text)
    CAN1_RX0_IRQHandler                      0x08000277   Thumb Code     0  startup_stm32f407xx.o(.text)
    CAN1_RX1_IRQHandler                      0x08000277   Thumb Code     0  startup_stm32f407xx.o(.text)
    CAN1_SCE_IRQHandler                      0x08000277   Thumb Code     0  startup_stm32f407xx.o(.text)
    CAN1_TX_IRQHandler                       0x08000277   Thumb Code     0  startup_stm32f407xx.o(.text)
    CAN2_RX0_IRQHandler                      0x08000277   Thumb Code     0  startup_stm32f407xx.o(.text)
    CAN2_RX1_IRQHandler                      0x08000277   Thumb Code     0  startup_stm32f407xx.o(.text)
    CAN2_SCE_IRQHandler                      0x08000277   Thumb Code     0  startup_stm32f407xx.o(.text)
    CAN2_TX_IRQHandler                       0x08000277   Thumb Code     0  startup_stm32f407xx.o(.text)
    DCMI_IRQHandler                          0x08000277   Thumb Code     0  startup_stm32f407xx.o(.text)
    DMA2_Stream3_IRQHandler                  0x08000277   Thumb Code     0  startup_stm32f407xx.o(.text)
    DMA2_Stream4_IRQHandler                  0x08000277   Thumb Code     0  startup_stm32f407xx.o(.text)
    DMA2_Stream5_IRQHandler                  0x08000277   Thumb Code     0  startup_stm32f407xx.o(.text)
    ETH_IRQHandler                           0x08000277   Thumb Code     0  startup_stm32f407xx.o(.text)
    ETH_WKUP_IRQHandler                      0x08000277   Thumb Code     0  startup_stm32f407xx.o(.text)
    EXTI0_IRQHandler                         0x08000277   Thumb Code     0  startup_stm32f407xx.o(.text)
    EXTI15_10_IRQHandler                     0x08000277   Thumb Code     0  startup_stm32f407xx.o(.text)
    EXTI1_IRQHandler                         0x08000277   Thumb Code     0  startup_stm32f407xx.o(.text)
    EXTI2_IRQHandler                         0x08000277   Thumb Code     0  startup_stm32f407xx.o(.text)
    EXTI3_IRQHandler                         0x08000277   Thumb Code     0  startup_stm32f407xx.o(.text)
    EXTI4_IRQHandler                         0x08000277   Thumb Code     0  startup_stm32f407xx.o(.text)
    EXTI9_5_IRQHandler                       0x08000277   Thumb Code     0  startup_stm32f407xx.o(.text)
    FLASH_IRQHandler                         0x08000277   Thumb Code     0  startup_stm32f407xx.o(.text)
    FMC_IRQHandler                           0x08000277   Thumb Code     0  startup_stm32f407xx.o(.text)
    FPU_IRQHandler                           0x08000277   Thumb Code     0  startup_stm32f407xx.o(.text)
    HASH_RNG_IRQHandler                      0x08000277   Thumb Code     0  startup_stm32f407xx.o(.text)
    I2C1_ER_IRQHandler                       0x08000277   Thumb Code     0  startup_stm32f407xx.o(.text)
    I2C1_EV_IRQHandler                       0x08000277   Thumb Code     0  startup_stm32f407xx.o(.text)
    I2C2_ER_IRQHandler                       0x08000277   Thumb Code     0  startup_stm32f407xx.o(.text)
    I2C2_EV_IRQHandler                       0x08000277   Thumb Code     0  startup_stm32f407xx.o(.text)
    I2C3_ER_IRQHandler                       0x08000277   Thumb Code     0  startup_stm32f407xx.o(.text)
    I2C3_EV_IRQHandler                       0x08000277   Thumb Code     0  startup_stm32f407xx.o(.text)
    OTG_FS_IRQHandler                        0x08000277   Thumb Code     0  startup_stm32f407xx.o(.text)
    OTG_FS_WKUP_IRQHandler                   0x08000277   Thumb Code     0  startup_stm32f407xx.o(.text)
    OTG_HS_EP1_IN_IRQHandler                 0x08000277   Thumb Code     0  startup_stm32f407xx.o(.text)
    OTG_HS_EP1_OUT_IRQHandler                0x08000277   Thumb Code     0  startup_stm32f407xx.o(.text)
    OTG_HS_IRQHandler                        0x08000277   Thumb Code     0  startup_stm32f407xx.o(.text)
    OTG_HS_WKUP_IRQHandler                   0x08000277   Thumb Code     0  startup_stm32f407xx.o(.text)
    PVD_IRQHandler                           0x08000277   Thumb Code     0  startup_stm32f407xx.o(.text)
    RCC_IRQHandler                           0x08000277   Thumb Code     0  startup_stm32f407xx.o(.text)
    RTC_Alarm_IRQHandler                     0x08000277   Thumb Code     0  startup_stm32f407xx.o(.text)
    RTC_WKUP_IRQHandler                      0x08000277   Thumb Code     0  startup_stm32f407xx.o(.text)
    SDIO_IRQHandler                          0x08000277   Thumb Code     0  startup_stm32f407xx.o(.text)
    SPI1_IRQHandler                          0x08000277   Thumb Code     0  startup_stm32f407xx.o(.text)
    SPI2_IRQHandler                          0x08000277   Thumb Code     0  startup_stm32f407xx.o(.text)
    SPI3_IRQHandler                          0x08000277   Thumb Code     0  startup_stm32f407xx.o(.text)
    TAMP_STAMP_IRQHandler                    0x08000277   Thumb Code     0  startup_stm32f407xx.o(.text)
    TIM1_BRK_TIM9_IRQHandler                 0x08000277   Thumb Code     0  startup_stm32f407xx.o(.text)
    TIM1_CC_IRQHandler                       0x08000277   Thumb Code     0  startup_stm32f407xx.o(.text)
    TIM1_TRG_COM_TIM11_IRQHandler            0x08000277   Thumb Code     0  startup_stm32f407xx.o(.text)
    TIM2_IRQHandler                          0x08000277   Thumb Code     0  startup_stm32f407xx.o(.text)
    TIM3_IRQHandler                          0x08000277   Thumb Code     0  startup_stm32f407xx.o(.text)
    TIM4_IRQHandler                          0x08000277   Thumb Code     0  startup_stm32f407xx.o(.text)
    TIM5_IRQHandler                          0x08000277   Thumb Code     0  startup_stm32f407xx.o(.text)
    TIM6_DAC_IRQHandler                      0x08000277   Thumb Code     0  startup_stm32f407xx.o(.text)
    TIM8_BRK_TIM12_IRQHandler                0x08000277   Thumb Code     0  startup_stm32f407xx.o(.text)
    TIM8_CC_IRQHandler                       0x08000277   Thumb Code     0  startup_stm32f407xx.o(.text)
    TIM8_TRG_COM_TIM14_IRQHandler            0x08000277   Thumb Code     0  startup_stm32f407xx.o(.text)
    TIM8_UP_TIM13_IRQHandler                 0x08000277   Thumb Code     0  startup_stm32f407xx.o(.text)
    WWDG_IRQHandler                          0x08000277   Thumb Code     0  startup_stm32f407xx.o(.text)
    __aeabi_uldivmod                         0x08000281   Thumb Code    98  uldiv.o(.text)
    __aeabi_memcpy                           0x080002e3   Thumb Code    36  memcpya.o(.text)
    __aeabi_memcpy4                          0x080002e3   Thumb Code     0  memcpya.o(.text)
    __aeabi_memcpy8                          0x080002e3   Thumb Code     0  memcpya.o(.text)
    __aeabi_memset                           0x08000307   Thumb Code    14  memseta.o(.text)
    __aeabi_memset4                          0x08000307   Thumb Code     0  memseta.o(.text)
    __aeabi_memset8                          0x08000307   Thumb Code     0  memseta.o(.text)
    __aeabi_memclr                           0x08000315   Thumb Code     4  memseta.o(.text)
    __aeabi_memclr4                          0x08000315   Thumb Code     0  memseta.o(.text)
    __aeabi_memclr8                          0x08000315   Thumb Code     0  memseta.o(.text)
    memset                                   0x08000319   Thumb Code    18  memseta.o(.text)
    __aeabi_dmul                             0x0800032b   Thumb Code   228  dmul.o(.text)
    __aeabi_ui2d                             0x0800040f   Thumb Code    26  dfltui.o(.text)
    __aeabi_d2uiz                            0x08000429   Thumb Code    50  dfixui.o(.text)
    __aeabi_llsl                             0x0800045b   Thumb Code    30  llshl.o(.text)
    _ll_shift_l                              0x0800045b   Thumb Code     0  llshl.o(.text)
    __aeabi_llsr                             0x08000479   Thumb Code    32  llushr.o(.text)
    _ll_ushift_r                             0x08000479   Thumb Code     0  llushr.o(.text)
    __I$use$fp                               0x08000499   Thumb Code     0  iusefp.o(.text)
    _double_round                            0x08000499   Thumb Code    30  depilogue.o(.text)
    _double_epilogue                         0x080004b7   Thumb Code   156  depilogue.o(.text)
    __scatterload                            0x08000555   Thumb Code    28  init.o(.text)
    __scatterload_rt2                        0x08000555   Thumb Code     0  init.o(.text)
    __decompress                             0x08000579   Thumb Code     0  __dczerorl2.o(.text)
    __decompress1                            0x08000579   Thumb Code    86  __dczerorl2.o(.text)
    AttTask                                  0x08000785   Thumb Code    22  main.o(i.AttTask)
    AutoTask                                 0x080007a5   Thumb Code    14  main.o(i.AutoTask)
    BasicControl                             0x080007b9   Thumb Code   156  basicctrl.o(i.BasicControl)
    BasicPoint                               0x08000861   Thumb Code   150  basicctrl.o(i.BasicPoint)
    BusFault_Handler                         0x08000905   Thumb Code     2  stm32f4xx_it.o(i.BusFault_Handler)
    CtrlTask                                 0x08000909   Thumb Code   178  main.o(i.CtrlTask)
    DMA1_Stream0_IRQHandler                  0x080009dd   Thumb Code     6  stm32f4xx_it.o(i.DMA1_Stream0_IRQHandler)
    DMA1_Stream1_IRQHandler                  0x080009e9   Thumb Code     6  stm32f4xx_it.o(i.DMA1_Stream1_IRQHandler)
    DMA1_Stream2_IRQHandler                  0x080009f5   Thumb Code     6  stm32f4xx_it.o(i.DMA1_Stream2_IRQHandler)
    DMA1_Stream3_IRQHandler                  0x08000a01   Thumb Code     6  stm32f4xx_it.o(i.DMA1_Stream3_IRQHandler)
    DMA1_Stream4_IRQHandler                  0x08000a0d   Thumb Code     6  stm32f4xx_it.o(i.DMA1_Stream4_IRQHandler)
    DMA1_Stream5_IRQHandler                  0x08000a19   Thumb Code     6  stm32f4xx_it.o(i.DMA1_Stream5_IRQHandler)
    DMA1_Stream6_IRQHandler                  0x08000a25   Thumb Code     6  stm32f4xx_it.o(i.DMA1_Stream6_IRQHandler)
    DMA1_Stream7_IRQHandler                  0x08000a31   Thumb Code     6  stm32f4xx_it.o(i.DMA1_Stream7_IRQHandler)
    DMA2_Stream0_IRQHandler                  0x08000a3d   Thumb Code     6  stm32f4xx_it.o(i.DMA2_Stream0_IRQHandler)
    DMA2_Stream1_IRQHandler                  0x08000a49   Thumb Code     6  stm32f4xx_it.o(i.DMA2_Stream1_IRQHandler)
    DMA2_Stream2_IRQHandler                  0x08000a55   Thumb Code     6  stm32f4xx_it.o(i.DMA2_Stream2_IRQHandler)
    DMA2_Stream6_IRQHandler                  0x08000a61   Thumb Code     6  stm32f4xx_it.o(i.DMA2_Stream6_IRQHandler)
    DMA2_Stream7_IRQHandler                  0x08000a6d   Thumb Code     6  stm32f4xx_it.o(i.DMA2_Stream7_IRQHandler)
    DebugMon_Handler                         0x08000b1d   Thumb Code     2  stm32f4xx_it.o(i.DebugMon_Handler)
    DeepAnalyze                              0x08000b21   Thumb Code   566  attitude.o(i.DeepAnalyze)
    DisPower                                 0x08000d59   Thumb Code   114  display.o(i.DisPower)
    DisTask                                  0x08000dd1   Thumb Code   134  main.o(i.DisTask)
    DisWarning                               0x08000e71   Thumb Code    96  display.o(i.DisWarning)
    EDeepkeepingMove                         0x08000ed5   Thumb Code     2  auto.o(i.EDeepkeepingMove)
    EOrientMove                              0x08000ed7   Thumb Code     2  auto.o(i.EOrientMove)
    EightMove                                0x08000ed9   Thumb Code     2  basicctrl.o(i.EightMove)
    EmpTask                                  0x08000edd   Thumb Code     8  main.o(i.EmpTask)
    Error_Handler                            0x08000ee9   Thumb Code     2  main.o(i.Error_Handler)
    FFDeepkeepingMove                        0x08000eeb   Thumb Code     2  auto.o(i.FFDeepkeepingMove)
    FFMove                                   0x08000eed   Thumb Code   204  basicctrl.o(i.FFMove)
    FFOrientMove                             0x08000fbd   Thumb Code     2  auto.o(i.FFOrientMove)
    HAL_ADC_ConfigChannel                    0x08000fc1   Thumb Code   316  stm32f4xx_hal_adc.o(i.HAL_ADC_ConfigChannel)
    HAL_ADC_ConvCpltCallback                 0x0800110d   Thumb Code     2  stm32f4xx_hal_adc.o(i.HAL_ADC_ConvCpltCallback)
    HAL_ADC_ConvHalfCpltCallback             0x0800110f   Thumb Code     2  stm32f4xx_hal_adc.o(i.HAL_ADC_ConvHalfCpltCallback)
    HAL_ADC_ErrorCallback                    0x08001111   Thumb Code     2  stm32f4xx_hal_adc.o(i.HAL_ADC_ErrorCallback)
    HAL_ADC_Init                             0x08001113   Thumb Code    84  stm32f4xx_hal_adc.o(i.HAL_ADC_Init)
    HAL_ADC_MspInit                          0x08001169   Thumb Code   132  stm32f4xx_hal_msp.o(i.HAL_ADC_MspInit)
    HAL_ADC_Start_DMA                        0x08001201   Thumb Code   268  stm32f4xx_hal_adc.o(i.HAL_ADC_Start_DMA)
    HAL_DMA_Abort                            0x08001331   Thumb Code   142  stm32f4xx_hal_dma.o(i.HAL_DMA_Abort)
    HAL_DMA_Abort_IT                         0x080013bf   Thumb Code    36  stm32f4xx_hal_dma.o(i.HAL_DMA_Abort_IT)
    HAL_DMA_IRQHandler                       0x080013e5   Thumb Code   412  stm32f4xx_hal_dma.o(i.HAL_DMA_IRQHandler)
    HAL_DMA_Init                             0x08001585   Thumb Code   206  stm32f4xx_hal_dma.o(i.HAL_DMA_Init)
    HAL_DMA_Start_IT                         0x08001659   Thumb Code   110  stm32f4xx_hal_dma.o(i.HAL_DMA_Start_IT)
    HAL_GPIO_Init                            0x080016c9   Thumb Code   394  stm32f4xx_hal_gpio.o(i.HAL_GPIO_Init)
    HAL_GetTick                              0x08001881   Thumb Code     6  stm32f4xx_hal.o(i.HAL_GetTick)
    HAL_IWDG_Init                            0x0800188d   Thumb Code    82  stm32f4xx_hal_iwdg.o(i.HAL_IWDG_Init)
    HAL_IWDG_Refresh                         0x080018df   Thumb Code    12  stm32f4xx_hal_iwdg.o(i.HAL_IWDG_Refresh)
    HAL_IncTick                              0x080018ed   Thumb Code    12  stm32f4xx_hal.o(i.HAL_IncTick)
    HAL_Init                                 0x080018fd   Thumb Code    48  stm32f4xx_hal.o(i.HAL_Init)
    HAL_InitTick                             0x08001931   Thumb Code   100  stm32f4xx_hal_timebase_tim.o(i.HAL_InitTick)
    HAL_MspInit                              0x080019a5   Thumb Code    52  stm32f4xx_hal_msp.o(i.HAL_MspInit)
    HAL_NVIC_EnableIRQ                       0x080019dd   Thumb Code    26  stm32f4xx_hal_cortex.o(i.HAL_NVIC_EnableIRQ)
    HAL_NVIC_SetPriority                     0x080019f9   Thumb Code    60  stm32f4xx_hal_cortex.o(i.HAL_NVIC_SetPriority)
    HAL_NVIC_SetPriorityGrouping             0x08001a39   Thumb Code    26  stm32f4xx_hal_cortex.o(i.HAL_NVIC_SetPriorityGrouping)
    HAL_RCC_ClockConfig                      0x08001a5d   Thumb Code   288  stm32f4xx_hal_rcc.o(i.HAL_RCC_ClockConfig)
    HAL_RCC_GetClockConfig                   0x08001b91   Thumb Code    54  stm32f4xx_hal_rcc.o(i.HAL_RCC_GetClockConfig)
    HAL_RCC_GetPCLK1Freq                     0x08001bd1   Thumb Code    20  stm32f4xx_hal_rcc.o(i.HAL_RCC_GetPCLK1Freq)
    HAL_RCC_GetPCLK2Freq                     0x08001bf1   Thumb Code    20  stm32f4xx_hal_rcc.o(i.HAL_RCC_GetPCLK2Freq)
    HAL_RCC_GetSysClockFreq                  0x08001c11   Thumb Code    88  stm32f4xx_hal_rcc.o(i.HAL_RCC_GetSysClockFreq)
    HAL_RCC_OscConfig                        0x08001c71   Thumb Code   834  stm32f4xx_hal_rcc.o(i.HAL_RCC_OscConfig)
    HAL_TIMEx_BreakCallback                  0x08001fcd   Thumb Code     2  stm32f4xx_hal_tim_ex.o(i.HAL_TIMEx_BreakCallback)
    HAL_TIMEx_CommutCallback                 0x08001fcf   Thumb Code     2  stm32f4xx_hal_tim_ex.o(i.HAL_TIMEx_CommutCallback)
    HAL_TIMEx_ConfigBreakDeadTime            0x08001fd1   Thumb Code    84  stm32f4xx_hal_tim_ex.o(i.HAL_TIMEx_ConfigBreakDeadTime)
    HAL_TIMEx_MasterConfigSynchronization    0x08002025   Thumb Code   116  stm32f4xx_hal_tim_ex.o(i.HAL_TIMEx_MasterConfigSynchronization)
    HAL_TIM_Base_Init                        0x080020b5   Thumb Code    54  stm32f4xx_hal_tim.o(i.HAL_TIM_Base_Init)
    HAL_TIM_Base_MspInit                     0x080020ed   Thumb Code   156  stm32f4xx_hal_msp.o(i.HAL_TIM_Base_MspInit)
    HAL_TIM_Base_Start_IT                    0x0800219d   Thumb Code    34  stm32f4xx_hal_tim.o(i.HAL_TIM_Base_Start_IT)
    HAL_TIM_ConfigClockSource                0x080021bf   Thumb Code   214  stm32f4xx_hal_tim.o(i.HAL_TIM_ConfigClockSource)
    HAL_TIM_IC_CaptureCallback               0x08002295   Thumb Code     2  stm32f4xx_hal_tim.o(i.HAL_TIM_IC_CaptureCallback)
    HAL_TIM_IRQHandler                       0x08002297   Thumb Code   358  stm32f4xx_hal_tim.o(i.HAL_TIM_IRQHandler)
    HAL_TIM_MspPostInit                      0x080023fd   Thumb Code   234  stm32f4xx_hal_msp.o(i.HAL_TIM_MspPostInit)
    HAL_TIM_OC_DelayElapsedCallback          0x08002505   Thumb Code     2  stm32f4xx_hal_tim.o(i.HAL_TIM_OC_DelayElapsedCallback)
    HAL_TIM_PWM_ConfigChannel                0x08002507   Thumb Code   208  stm32f4xx_hal_tim.o(i.HAL_TIM_PWM_ConfigChannel)
    HAL_TIM_PWM_Init                         0x080025d7   Thumb Code    54  stm32f4xx_hal_tim.o(i.HAL_TIM_PWM_Init)
    HAL_TIM_PWM_MspInit                      0x0800260d   Thumb Code     2  stm32f4xx_hal_tim.o(i.HAL_TIM_PWM_MspInit)
    HAL_TIM_PWM_PulseFinishedCallback        0x0800260f   Thumb Code     2  stm32f4xx_hal_tim.o(i.HAL_TIM_PWM_PulseFinishedCallback)
    HAL_TIM_PWM_Start                        0x08002611   Thumb Code    58  stm32f4xx_hal_tim.o(i.HAL_TIM_PWM_Start)
    HAL_TIM_PeriodElapsedCallback            0x08002655   Thumb Code    14  main.o(i.HAL_TIM_PeriodElapsedCallback)
    HAL_TIM_TriggerCallback                  0x08002669   Thumb Code     2  stm32f4xx_hal_tim.o(i.HAL_TIM_TriggerCallback)
    HAL_UART_DMAStop                         0x0800266b   Thumb Code    88  stm32f4xx_hal_uart.o(i.HAL_UART_DMAStop)
    HAL_UART_ErrorCallback                   0x080026c3   Thumb Code     2  stm32f4xx_hal_uart.o(i.HAL_UART_ErrorCallback)
    HAL_UART_IRQHandler                      0x080026c5   Thumb Code   270  stm32f4xx_hal_uart.o(i.HAL_UART_IRQHandler)
    HAL_UART_Init                            0x080027d9   Thumb Code    98  stm32f4xx_hal_uart.o(i.HAL_UART_Init)
    HAL_UART_MspInit                         0x0800283d   Thumb Code  1250  stm32f4xx_hal_msp.o(i.HAL_UART_MspInit)
    HAL_UART_Receive_DMA                     0x08002d35   Thumb Code   138  stm32f4xx_hal_uart.o(i.HAL_UART_Receive_DMA)
    HAL_UART_RxCpltCallback                  0x08002dcd   Thumb Code     2  stm32f4xx_hal_uart.o(i.HAL_UART_RxCpltCallback)
    HAL_UART_RxHalfCpltCallback              0x08002dcf   Thumb Code     2  stm32f4xx_hal_uart.o(i.HAL_UART_RxHalfCpltCallback)
    HAL_UART_Transmit_DMA                    0x08002dd1   Thumb Code   114  stm32f4xx_hal_uart.o(i.HAL_UART_Transmit_DMA)
    HAL_UART_TxCpltCallback                  0x08002e51   Thumb Code     2  stm32f4xx_hal_uart.o(i.HAL_UART_TxCpltCallback)
    HAL_UART_TxHalfCpltCallback              0x08002e53   Thumb Code     2  stm32f4xx_hal_uart.o(i.HAL_UART_TxHalfCpltCallback)
    InitTask                                 0x08002e55   Thumb Code   280  main.o(i.InitTask)
    MemManage_Handler                        0x080033d9   Thumb Code     2  stm32f4xx_it.o(i.MemManage_Handler)
    MixMode                                  0x080033dd   Thumb Code    46  attitude.o(i.MixMode)
    MoveDataAnalyze                          0x08003415   Thumb Code   168  basicctrl.o(i.MoveDataAnalyze)
    NMI_Handler                              0x080034c1   Thumb Code     2  stm32f4xx_it.o(i.NMI_Handler)
    NormalMode                               0x080034c5   Thumb Code    46  attitude.o(i.NormalMode)
    PassBack                                 0x080034fd   Thumb Code   168  basicctrl.o(i.PassBack)
    PitchMode                                0x080035ad   Thumb Code    58  attitude.o(i.PitchMode)
    RowMode                                  0x080035f1   Thumb Code    58  attitude.o(i.RowMode)
    SDeepkeepingMove                         0x08003635   Thumb Code     2  auto.o(i.SDeepkeepingMove)
    SOrientMove                              0x08003637   Thumb Code     2  auto.o(i.SOrientMove)
    SWTask                                   0x08003639   Thumb Code    88  main.o(i.SWTask)
    SixMove                                  0x08003699   Thumb Code     2  basicctrl.o(i.SixMove)
    SysTick_Handler                          0x0800369d   Thumb Code    38  port.o(i.SysTick_Handler)
    SystemClock_Config                       0x080036c9   Thumb Code   128  main.o(i.SystemClock_Config)
    SystemInit                               0x08003751   Thumb Code    22  system_stm32f4xx.o(i.SystemInit)
    TIM1_UP_TIM10_IRQHandler                 0x0800376d   Thumb Code    18  stm32f4xx_it.o(i.TIM1_UP_TIM10_IRQHandler)
    TIM7_IRQHandler                          0x08003789   Thumb Code   100  stm32f4xx_it.o(i.TIM7_IRQHandler)
    TIM_Base_SetConfig                       0x080037fd   Thumb Code   156  stm32f4xx_hal_tim.o(i.TIM_Base_SetConfig)
    TIM_CCxChannelCmd                        0x080038c5   Thumb Code    26  stm32f4xx_hal_tim.o(i.TIM_CCxChannelCmd)
    TIM_ETR_SetConfig                        0x080038df   Thumb Code    20  stm32f4xx_hal_tim.o(i.TIM_ETR_SetConfig)
    TIM_OC2_SetConfig                        0x08003965   Thumb Code    98  stm32f4xx_hal_tim.o(i.TIM_OC2_SetConfig)
    UART4_IRQHandler                         0x08003ad1   Thumb Code   148  stm32f4xx_it.o(i.UART4_IRQHandler)
    UART5_IRQHandler                         0x08003b81   Thumb Code     6  stm32f4xx_it.o(i.UART5_IRQHandler)
    USART1_IRQHandler                        0x08003eb5   Thumb Code   128  stm32f4xx_it.o(i.USART1_IRQHandler)
    USART2_IRQHandler                        0x08003f55   Thumb Code     6  stm32f4xx_it.o(i.USART2_IRQHandler)
    USART3_IRQHandler                        0x08003f61   Thumb Code   118  stm32f4xx_it.o(i.USART3_IRQHandler)
    USART6_IRQHandler                        0x08003ff9   Thumb Code     6  stm32f4xx_it.o(i.USART6_IRQHandler)
    UsageFault_Handler                       0x08004005   Thumb Code     2  stm32f4xx_it.o(i.UsageFault_Handler)
    WDTask                                   0x08004009   Thumb Code    46  main.o(i.WDTask)
    XorCaculate                              0x08004041   Thumb Code    24  basicctrl.o(i.XorCaculate)
    __scatterload_copy                       0x08004079   Thumb Code    14  handlers.o(i.__scatterload_copy)
    __scatterload_null                       0x08004087   Thumb Code     2  handlers.o(i.__scatterload_null)
    __scatterload_zeroinit                   0x08004089   Thumb Code    14  handlers.o(i.__scatterload_zeroinit)
    main                                     0x08004099   Thumb Code   464  main.o(i.main)
    malloc                                   0x080042a9   Thumb Code    92  malloc.o(i.malloc)
    osDelay                                  0x08004315   Thumb Code    14  cmsis_os.o(i.osDelay)
    osKernelStart                            0x08004323   Thumb Code    10  cmsis_os.o(i.osKernelStart)
    osThreadCreate                           0x0800432d   Thumb Code    84  cmsis_os.o(i.osThreadCreate)
    pvPortMalloc                             0x080046f9   Thumb Code   210  heap_4.o(i.pvPortMalloc)
    pxPortInitialiseStack                    0x080047d1   Thumb Code    40  port.o(i.pxPortInitialiseStack)
    uxListRemove                             0x080047fd   Thumb Code    38  list.o(i.uxListRemove)
    vApplicationGetIdleTaskMemory            0x08004825   Thumb Code    16  freertos.o(i.vApplicationGetIdleTaskMemory)
    vListInitialise                          0x08004839   Thumb Code    22  list.o(i.vListInitialise)
    vListInitialiseItem                      0x0800484f   Thumb Code     6  list.o(i.vListInitialiseItem)
    vListInsert                              0x08004855   Thumb Code    48  list.o(i.vListInsert)
    vListInsertEnd                           0x08004885   Thumb Code    24  list.o(i.vListInsertEnd)
    vPortEnterCritical                       0x0800489d   Thumb Code    54  port.o(i.vPortEnterCritical)
    vPortExitCritical                        0x080048dd   Thumb Code    34  port.o(i.vPortExitCritical)
    vPortFree                                0x08004905   Thumb Code    88  heap_4.o(i.vPortFree)
    vPortSetupTimerInterrupt                 0x08004961   Thumb Code    32  port.o(i.vPortSetupTimerInterrupt)
    vTaskDelay                               0x08004985   Thumb Code    66  tasks.o(i.vTaskDelay)
    vTaskResume                              0x080049d1   Thumb Code   112  tasks.o(i.vTaskResume)
    vTaskStartScheduler                      0x08004a4d   Thumb Code    90  tasks.o(i.vTaskStartScheduler)
    vTaskSuspend                             0x08004ab9   Thumb Code   174  tasks.o(i.vTaskSuspend)
    vTaskSuspendAll                          0x08004b75   Thumb Code    10  tasks.o(i.vTaskSuspendAll)
    vTaskSwitchContext                       0x08004b85   Thumb Code    82  tasks.o(i.vTaskSwitchContext)
    xPortStartScheduler                      0x08004be1   Thumb Code   222  port.o(i.xPortStartScheduler)
    xTaskCreate                              0x08004cd5   Thumb Code    90  tasks.o(i.xTaskCreate)
    xTaskCreateStatic                        0x08004d2f   Thumb Code    86  tasks.o(i.xTaskCreateStatic)
    xTaskIncrementTick                       0x08004d85   Thumb Code   192  tasks.o(i.xTaskIncrementTick)
    xTaskResumeAll                           0x08004e4d   Thumb Code   182  tasks.o(i.xTaskResumeAll)
    AHBPrescTable                            0x08004ff8   Data          16  system_stm32f4xx.o(.constdata)
    APBPrescTable                            0x08005008   Data           8  system_stm32f4xx.o(.constdata)
    Region$$Table$$Base                      0x08005080   Number         0  anon$$obj.o(Region$$Table)
    Region$$Table$$Limit                     0x080050a0   Number         0  anon$$obj.o(Region$$Table)
    TaskBeingChangeFlag                      0x20000000   Data           1  main.o(.data)
    ControlTaskFlag                          0x20000001   Data           1  main.o(.data)
    WaterDeepTaskFlag                        0x20000002   Data           1  main.o(.data)
    AttitudeTaskFlag                         0x20000003   Data           1  main.o(.data)
    SystemBegin                              0x20000004   Data           1  main.o(.data)
    WaterDepth                               0x20000006   Data           2  main.o(.data)
    WaterTemperture                          0x20000008   Data           2  main.o(.data)
    InsTemNum                                0x2000000a   Data           2  main.o(.data)
    UART4RXPosition                          0x2000000c   Data           4  main.o(.data)
    ControlTaskHandle                        0x20000010   Data           4  main.o(.data)
    DisplayTaskHandle                        0x20000014   Data           4  main.o(.data)
    WaterDeepTaskHandle                      0x20000018   Data           4  main.o(.data)
    AttitudeTaskHandle                       0x2000001c   Data           4  main.o(.data)
    EmptyTaskHandle                          0x20000020   Data           4  main.o(.data)
    AutoMoveTaskHandle                       0x20000024   Data           4  main.o(.data)
    InitialTaskHandle                        0x20000028   Data           4  main.o(.data)
    SwitcherTaskHandle                       0x2000002c   Data           4  main.o(.data)
    WaterTempertureNum                       0x20000030   Data           5  main.o(.data)
    AccNum                                   0x20000036   Data           6  main.o(.data)
    RotNum                                   0x2000003c   Data           6  main.o(.data)
    EulNum                                   0x20000042   Data           6  main.o(.data)
    MagNUM                                   0x20000048   Data           6  main.o(.data)
    WaterDepthNum                            0x2000004e   Data           6  main.o(.data)
    UART1EndFlag                             0x20000054   Data           1  main.o(.data)
    UART3EndFlag                             0x20000055   Data           1  main.o(.data)
    UART4EndFlag                             0x20000056   Data           1  main.o(.data)
    PPortrait                                0x20000074   Data           4  basicctrl.o(.data)
    PRotate                                  0x20000078   Data           4  basicctrl.o(.data)
    PVertical                                0x2000007c   Data           4  basicctrl.o(.data)
    PROver                                   0x20000080   Data           4  basicctrl.o(.data)
    PLight                                   0x20000084   Data           4  basicctrl.o(.data)
    PPTZ                                     0x20000088   Data           4  basicctrl.o(.data)
    PClip                                    0x2000008c   Data           4  basicctrl.o(.data)
    PFlip                                    0x20000090   Data           4  basicctrl.o(.data)
    PTransverse                              0x20000094   Data           4  basicctrl.o(.data)
    POrient                                  0x20000098   Data           4  basicctrl.o(.data)
    PDeepkeeping                             0x2000009c   Data           4  basicctrl.o(.data)
    PMode                                    0x200000a0   Data           4  basicctrl.o(.data)
    PAttitude                                0x200000a4   Data           4  basicctrl.o(.data)
    PassBackString                           0x200000a8   Data           4  basicctrl.o(.data)
    PBackPower                               0x200000ac   Data           4  basicctrl.o(.data)
    PBackWarn                                0x200000b0   Data           4  basicctrl.o(.data)
    PBackIT                                  0x200000b4   Data           4  basicctrl.o(.data)
    PBackWT                                  0x200000b8   Data           4  basicctrl.o(.data)
    PBackWD                                  0x200000bc   Data           4  basicctrl.o(.data)
    PBackCheck                               0x200000c0   Data           4  basicctrl.o(.data)
    BasicMove                                0x200000d4   Data          12  basicctrl.o(.data)
    AttitudeMove                             0x200000e0   Data          16  basicctrl.o(.data)
    OrientMove                               0x200000f0   Data          12  basicctrl.o(.data)
    DeepkeepingMove                          0x200000fc   Data          12  basicctrl.o(.data)
    NumChar                                  0x20000108   Data          22  display.o(.data)
    WarnSet                                  0x2000011e   Data          46  display.o(.data)
    WarnClean                                0x2000014c   Data          46  display.o(.data)
    WaterDeepS                               0x2000017a   Data          45  display.o(.data)
    AttitudeS                                0x200001a7   Data          51  display.o(.data)
    PowerS                                   0x200001da   Data          23  display.o(.data)
    uwTickFreq                               0x200001f4   Data           1  stm32f4xx_hal.o(.data)
    uwTickPrio                               0x200001f8   Data           4  stm32f4xx_hal.o(.data)
    uwTick                                   0x200001fc   Data           4  stm32f4xx_hal.o(.data)
    SystemCoreClock                          0x20000200   Data           4  system_stm32f4xx.o(.data)
    pxCurrentTCB                             0x20000204   Data           4  tasks.o(.data)
    __microlib_freelist                      0x20000264   Data           4  mvars.o(.data)
    __microlib_freelist_initialised          0x20000268   Data           4  mvars.o(.data)
    ADCCache                                 0x2000026c   Data          24  main.o(.bss)
    hadc1                                    0x20000284   Data          72  main.o(.bss)
    hiwdg                                    0x200002cc   Data          12  main.o(.bss)
    htim1                                    0x200002d8   Data          64  main.o(.bss)
    htim2                                    0x20000318   Data          64  main.o(.bss)
    htim3                                    0x20000358   Data          64  main.o(.bss)
    htim7                                    0x20000398   Data          64  main.o(.bss)
    htim14                                   0x200003d8   Data          64  main.o(.bss)
    huart4                                   0x20000418   Data          64  main.o(.bss)
    huart5                                   0x20000458   Data          64  main.o(.bss)
    huart1                                   0x20000498   Data          64  main.o(.bss)
    huart2                                   0x200004d8   Data          64  main.o(.bss)
    huart3                                   0x20000518   Data          64  main.o(.bss)
    huart6                                   0x20000558   Data          64  main.o(.bss)
    UART1RXCache                             0x20000598   Data          30  main.o(.bss)
    hdma_adc1                                0x200005b8   Data          96  main.o(.bss)
    hdma_uart4_rx                            0x20000618   Data          96  main.o(.bss)
    hdma_uart4_tx                            0x20000678   Data          96  main.o(.bss)
    hdma_uart5_rx                            0x200006d8   Data          96  main.o(.bss)
    hdma_uart5_tx                            0x20000738   Data          96  main.o(.bss)
    hdma_usart1_rx                           0x20000798   Data          96  main.o(.bss)
    hdma_usart1_tx                           0x200007f8   Data          96  main.o(.bss)
    hdma_usart2_rx                           0x20000858   Data          96  main.o(.bss)
    hdma_usart2_tx                           0x200008b8   Data          96  main.o(.bss)
    hdma_usart3_rx                           0x20000918   Data          96  main.o(.bss)
    hdma_usart3_tx                           0x20000978   Data          96  main.o(.bss)
    hdma_usart6_rx                           0x200009d8   Data          96  main.o(.bss)
    hdma_usart6_tx                           0x20000a38   Data          96  main.o(.bss)
    UART3RXCache                             0x20000a98   Data          30  main.o(.bss)
    UART4RXCache                             0x20000ab6   Data          40  main.o(.bss)
    htim10                                   0x20000d34   Data          64  stm32f4xx_hal_timebase_tim.o(.bss)
    PBackA                                   0x20000d74   Data          12  basicctrl.o(.bss)
    PBackW                                   0x20000d80   Data          12  basicctrl.o(.bss)
    PBackE                                   0x20000d8c   Data          12  basicctrl.o(.bss)
    PBackH                                   0x20000d98   Data          12  basicctrl.o(.bss)
    __heap_base                              0x20004a98   Data           0  startup_stm32f407xx.o(HEAP)
    __heap_limit                             0x20004c98   Data           0  startup_stm32f407xx.o(HEAP)
    __initial_sp                             0x20005098   Data           0  startup_stm32f407xx.o(STACK)



==============================================================================

Memory Map of the image

  Image Entry point : 0x08000189

  Load Region LR_IROM1 (Base: 0x08000000, Size: 0x0000530c, Max: 0x00080000, ABSOLUTE, COMPRESSED[0x00005164])

    Execution Region ER_IROM1 (Exec base: 0x08000000, Load base: 0x08000000, Size: 0x000050a0, Max: 0x00080000, ABSOLUTE)

    Exec Addr    Load Addr    Size         Type   Attr      Idx    E Section Name        Object

    0x08000000   0x08000000   0x00000188   Data   RO            3    RESET               startup_stm32f407xx.o
    0x08000188   0x08000188   0x00000000   Code   RO         4876  * .ARM.Collect$$$$00000000  mc_w.l(entry.o)
    0x08000188   0x08000188   0x00000004   Code   RO         4923    .ARM.Collect$$$$00000001  mc_w.l(entry2.o)
    0x0800018c   0x0800018c   0x00000004   Code   RO         4926    .ARM.Collect$$$$00000004  mc_w.l(entry5.o)
    0x08000190   0x08000190   0x00000000   Code   RO         4928    .ARM.Collect$$$$00000008  mc_w.l(entry7b.o)
    0x08000190   0x08000190   0x00000000   Code   RO         4930    .ARM.Collect$$$$0000000A  mc_w.l(entry8b.o)
    0x08000190   0x08000190   0x00000008   Code   RO         4931    .ARM.Collect$$$$0000000B  mc_w.l(entry9a.o)
    0x08000198   0x08000198   0x00000000   Code   RO         4933    .ARM.Collect$$$$0000000D  mc_w.l(entry10a.o)
    0x08000198   0x08000198   0x00000000   Code   RO         4935    .ARM.Collect$$$$0000000F  mc_w.l(entry11a.o)
    0x08000198   0x08000198   0x00000004   Code   RO         4924    .ARM.Collect$$$$00002712  mc_w.l(entry2.o)
    0x0800019c   0x0800019c   0x000000be   Code   RO         4799    .emb_text           port.o
    0x0800025a   0x0800025a   0x00000002   PAD
    0x0800025c   0x0800025c   0x00000024   Code   RO            4    .text               startup_stm32f407xx.o
    0x08000280   0x08000280   0x00000062   Code   RO         4879    .text               mc_w.l(uldiv.o)
    0x080002e2   0x080002e2   0x00000024   Code   RO         4881    .text               mc_w.l(memcpya.o)
    0x08000306   0x08000306   0x00000024   Code   RO         4885    .text               mc_w.l(memseta.o)
    0x0800032a   0x0800032a   0x000000e4   Code   RO         4917    .text               mf_w.l(dmul.o)
    0x0800040e   0x0800040e   0x0000001a   Code   RO         4919    .text               mf_w.l(dfltui.o)
    0x08000428   0x08000428   0x00000032   Code   RO         4921    .text               mf_w.l(dfixui.o)
    0x0800045a   0x0800045a   0x0000001e   Code   RO         4937    .text               mc_w.l(llshl.o)
    0x08000478   0x08000478   0x00000020   Code   RO         4939    .text               mc_w.l(llushr.o)
    0x08000498   0x08000498   0x00000000   Code   RO         4943    .text               mc_w.l(iusefp.o)
    0x08000498   0x08000498   0x000000ba   Code   RO         4944    .text               mf_w.l(depilogue.o)
    0x08000552   0x08000552   0x00000002   PAD
    0x08000554   0x08000554   0x00000024   Code   RO         4946    .text               mc_w.l(init.o)
    0x08000578   0x08000578   0x00000056   Code   RO         4956    .text               mc_w.l(__dczerorl2.o)
    0x080005ce   0x080005ce   0x0000006e   Code   RO          883    i.ADC_DMAConvCplt   stm32f4xx_hal_adc.o
    0x0800063c   0x0800063c   0x00000016   Code   RO          884    i.ADC_DMAError      stm32f4xx_hal_adc.o
    0x08000652   0x08000652   0x0000000a   Code   RO          885    i.ADC_DMAHalfConvCplt  stm32f4xx_hal_adc.o
    0x0800065c   0x0800065c   0x00000128   Code   RO          886    i.ADC_Init          stm32f4xx_hal_adc.o
    0x08000784   0x08000784   0x00000020   Code   RO           13    i.AttTask           main.o
    0x080007a4   0x080007a4   0x00000014   Code   RO           14    i.AutoTask          main.o
    0x080007b8   0x080007b8   0x000000a8   Code   RO          763    i.BasicControl      basicctrl.o
    0x08000860   0x08000860   0x000000a4   Code   RO          764    i.BasicPoint        basicctrl.o
    0x08000904   0x08000904   0x00000002   Code   RO          366    i.BusFault_Handler  stm32f4xx_it.o
    0x08000906   0x08000906   0x00000002   PAD
    0x08000908   0x08000908   0x000000d4   Code   RO           15    i.CtrlTask          main.o
    0x080009dc   0x080009dc   0x0000000c   Code   RO          367    i.DMA1_Stream0_IRQHandler  stm32f4xx_it.o
    0x080009e8   0x080009e8   0x0000000c   Code   RO          368    i.DMA1_Stream1_IRQHandler  stm32f4xx_it.o
    0x080009f4   0x080009f4   0x0000000c   Code   RO          369    i.DMA1_Stream2_IRQHandler  stm32f4xx_it.o
    0x08000a00   0x08000a00   0x0000000c   Code   RO          370    i.DMA1_Stream3_IRQHandler  stm32f4xx_it.o
    0x08000a0c   0x08000a0c   0x0000000c   Code   RO          371    i.DMA1_Stream4_IRQHandler  stm32f4xx_it.o
    0x08000a18   0x08000a18   0x0000000c   Code   RO          372    i.DMA1_Stream5_IRQHandler  stm32f4xx_it.o
    0x08000a24   0x08000a24   0x0000000c   Code   RO          373    i.DMA1_Stream6_IRQHandler  stm32f4xx_it.o
    0x08000a30   0x08000a30   0x0000000c   Code   RO          374    i.DMA1_Stream7_IRQHandler  stm32f4xx_it.o
    0x08000a3c   0x08000a3c   0x0000000c   Code   RO          375    i.DMA2_Stream0_IRQHandler  stm32f4xx_it.o
    0x08000a48   0x08000a48   0x0000000c   Code   RO          376    i.DMA2_Stream1_IRQHandler  stm32f4xx_it.o
    0x08000a54   0x08000a54   0x0000000c   Code   RO          377    i.DMA2_Stream2_IRQHandler  stm32f4xx_it.o
    0x08000a60   0x08000a60   0x0000000c   Code   RO          378    i.DMA2_Stream6_IRQHandler  stm32f4xx_it.o
    0x08000a6c   0x08000a6c   0x0000000c   Code   RO          379    i.DMA2_Stream7_IRQHandler  stm32f4xx_it.o
    0x08000a78   0x08000a78   0x00000028   Code   RO         2901    i.DMA_CalcBaseAndBitshift  stm32f4xx_hal_dma.o
    0x08000aa0   0x08000aa0   0x00000054   Code   RO         2902    i.DMA_CheckFifoParam  stm32f4xx_hal_dma.o
    0x08000af4   0x08000af4   0x00000028   Code   RO         2903    i.DMA_SetConfig     stm32f4xx_hal_dma.o
    0x08000b1c   0x08000b1c   0x00000002   Code   RO          380    i.DebugMon_Handler  stm32f4xx_it.o
    0x08000b1e   0x08000b1e   0x00000002   PAD
    0x08000b20   0x08000b20   0x00000236   Code   RO          653    i.DeepAnalyze       attitude.o
    0x08000d56   0x08000d56   0x00000002   PAD
    0x08000d58   0x08000d58   0x00000078   Code   RO          839    i.DisPower          display.o
    0x08000dd0   0x08000dd0   0x000000a0   Code   RO           16    i.DisTask           main.o
    0x08000e70   0x08000e70   0x00000064   Code   RO          840    i.DisWarning        display.o
    0x08000ed4   0x08000ed4   0x00000002   Code   RO          709    i.EDeepkeepingMove  auto.o
    0x08000ed6   0x08000ed6   0x00000002   Code   RO          710    i.EOrientMove       auto.o
    0x08000ed8   0x08000ed8   0x00000002   Code   RO          765    i.EightMove         basicctrl.o
    0x08000eda   0x08000eda   0x00000002   PAD
    0x08000edc   0x08000edc   0x0000000c   Code   RO           17    i.EmpTask           main.o
    0x08000ee8   0x08000ee8   0x00000002   Code   RO           18    i.Error_Handler     main.o
    0x08000eea   0x08000eea   0x00000002   Code   RO          711    i.FFDeepkeepingMove  auto.o
    0x08000eec   0x08000eec   0x000000d0   Code   RO          766    i.FFMove            basicctrl.o
    0x08000fbc   0x08000fbc   0x00000002   Code   RO          712    i.FFOrientMove      auto.o
    0x08000fbe   0x08000fbe   0x00000002   PAD
    0x08000fc0   0x08000fc0   0x0000014c   Code   RO          888    i.HAL_ADC_ConfigChannel  stm32f4xx_hal_adc.o
    0x0800110c   0x0800110c   0x00000002   Code   RO          889    i.HAL_ADC_ConvCpltCallback  stm32f4xx_hal_adc.o
    0x0800110e   0x0800110e   0x00000002   Code   RO          890    i.HAL_ADC_ConvHalfCpltCallback  stm32f4xx_hal_adc.o
    0x08001110   0x08001110   0x00000002   Code   RO          892    i.HAL_ADC_ErrorCallback  stm32f4xx_hal_adc.o
    0x08001112   0x08001112   0x00000054   Code   RO          897    i.HAL_ADC_Init      stm32f4xx_hal_adc.o
    0x08001166   0x08001166   0x00000002   PAD
    0x08001168   0x08001168   0x00000098   Code   RO          547    i.HAL_ADC_MspInit   stm32f4xx_hal_msp.o
    0x08001200   0x08001200   0x00000130   Code   RO          904    i.HAL_ADC_Start_DMA  stm32f4xx_hal_adc.o
    0x08001330   0x08001330   0x0000008e   Code   RO         2904    i.HAL_DMA_Abort     stm32f4xx_hal_dma.o
    0x080013be   0x080013be   0x00000024   Code   RO         2905    i.HAL_DMA_Abort_IT  stm32f4xx_hal_dma.o
    0x080013e2   0x080013e2   0x00000002   PAD
    0x080013e4   0x080013e4   0x000001a0   Code   RO         2909    i.HAL_DMA_IRQHandler  stm32f4xx_hal_dma.o
    0x08001584   0x08001584   0x000000d4   Code   RO         2910    i.HAL_DMA_Init      stm32f4xx_hal_dma.o
    0x08001658   0x08001658   0x0000006e   Code   RO         2914    i.HAL_DMA_Start_IT  stm32f4xx_hal_dma.o
    0x080016c6   0x080016c6   0x00000002   PAD
    0x080016c8   0x080016c8   0x000001b8   Code   RO         2797    i.HAL_GPIO_Init     stm32f4xx_hal_gpio.o
    0x08001880   0x08001880   0x0000000c   Code   RO         3329    i.HAL_GetTick       stm32f4xx_hal.o
    0x0800188c   0x0800188c   0x00000052   Code   RO         1158    i.HAL_IWDG_Init     stm32f4xx_hal_iwdg.o
    0x080018de   0x080018de   0x0000000c   Code   RO         1159    i.HAL_IWDG_Refresh  stm32f4xx_hal_iwdg.o
    0x080018ea   0x080018ea   0x00000002   PAD
    0x080018ec   0x080018ec   0x00000010   Code   RO         3335    i.HAL_IncTick       stm32f4xx_hal.o
    0x080018fc   0x080018fc   0x00000034   Code   RO         3336    i.HAL_Init          stm32f4xx_hal.o
    0x08001930   0x08001930   0x00000074   Code   RO          613    i.HAL_InitTick      stm32f4xx_hal_timebase_tim.o
    0x080019a4   0x080019a4   0x00000038   Code   RO          548    i.HAL_MspInit       stm32f4xx_hal_msp.o
    0x080019dc   0x080019dc   0x0000001a   Code   RO         3186    i.HAL_NVIC_EnableIRQ  stm32f4xx_hal_cortex.o
    0x080019f6   0x080019f6   0x00000002   PAD
    0x080019f8   0x080019f8   0x00000040   Code   RO         3192    i.HAL_NVIC_SetPriority  stm32f4xx_hal_cortex.o
    0x08001a38   0x08001a38   0x00000024   Code   RO         3193    i.HAL_NVIC_SetPriorityGrouping  stm32f4xx_hal_cortex.o
    0x08001a5c   0x08001a5c   0x00000134   Code   RO         2443    i.HAL_RCC_ClockConfig  stm32f4xx_hal_rcc.o
    0x08001b90   0x08001b90   0x00000040   Code   RO         2447    i.HAL_RCC_GetClockConfig  stm32f4xx_hal_rcc.o
    0x08001bd0   0x08001bd0   0x00000020   Code   RO         2450    i.HAL_RCC_GetPCLK1Freq  stm32f4xx_hal_rcc.o
    0x08001bf0   0x08001bf0   0x00000020   Code   RO         2451    i.HAL_RCC_GetPCLK2Freq  stm32f4xx_hal_rcc.o
    0x08001c10   0x08001c10   0x00000060   Code   RO         2452    i.HAL_RCC_GetSysClockFreq  stm32f4xx_hal_rcc.o
    0x08001c70   0x08001c70   0x0000035c   Code   RO         2455    i.HAL_RCC_OscConfig  stm32f4xx_hal_rcc.o
    0x08001fcc   0x08001fcc   0x00000002   Code   RO         1865    i.HAL_TIMEx_BreakCallback  stm32f4xx_hal_tim_ex.o
    0x08001fce   0x08001fce   0x00000002   Code   RO         1866    i.HAL_TIMEx_CommutCallback  stm32f4xx_hal_tim_ex.o
    0x08001fd0   0x08001fd0   0x00000054   Code   RO         1868    i.HAL_TIMEx_ConfigBreakDeadTime  stm32f4xx_hal_tim_ex.o
    0x08002024   0x08002024   0x00000090   Code   RO         1883    i.HAL_TIMEx_MasterConfigSynchronization  stm32f4xx_hal_tim_ex.o
    0x080020b4   0x080020b4   0x00000036   Code   RO         1190    i.HAL_TIM_Base_Init  stm32f4xx_hal_tim.o
    0x080020ea   0x080020ea   0x00000002   PAD
    0x080020ec   0x080020ec   0x000000b0   Code   RO          550    i.HAL_TIM_Base_MspInit  stm32f4xx_hal_msp.o
    0x0800219c   0x0800219c   0x00000022   Code   RO         1195    i.HAL_TIM_Base_Start_IT  stm32f4xx_hal_tim.o
    0x080021be   0x080021be   0x000000d6   Code   RO         1199    i.HAL_TIM_ConfigClockSource  stm32f4xx_hal_tim.o
    0x08002294   0x08002294   0x00000002   Code   RO         1219    i.HAL_TIM_IC_CaptureCallback  stm32f4xx_hal_tim.o
    0x08002296   0x08002296   0x00000166   Code   RO         1233    i.HAL_TIM_IRQHandler  stm32f4xx_hal_tim.o
    0x080023fc   0x080023fc   0x00000108   Code   RO          551    i.HAL_TIM_MspPostInit  stm32f4xx_hal_msp.o
    0x08002504   0x08002504   0x00000002   Code   RO         1236    i.HAL_TIM_OC_DelayElapsedCallback  stm32f4xx_hal_tim.o
    0x08002506   0x08002506   0x000000d0   Code   RO         1257    i.HAL_TIM_PWM_ConfigChannel  stm32f4xx_hal_tim.o
    0x080025d6   0x080025d6   0x00000036   Code   RO         1260    i.HAL_TIM_PWM_Init  stm32f4xx_hal_tim.o
    0x0800260c   0x0800260c   0x00000002   Code   RO         1262    i.HAL_TIM_PWM_MspInit  stm32f4xx_hal_tim.o
    0x0800260e   0x0800260e   0x00000002   Code   RO         1263    i.HAL_TIM_PWM_PulseFinishedCallback  stm32f4xx_hal_tim.o
    0x08002610   0x08002610   0x00000044   Code   RO         1265    i.HAL_TIM_PWM_Start  stm32f4xx_hal_tim.o
    0x08002654   0x08002654   0x00000014   Code   RO           19    i.HAL_TIM_PeriodElapsedCallback  main.o
    0x08002668   0x08002668   0x00000002   Code   RO         1276    i.HAL_TIM_TriggerCallback  stm32f4xx_hal_tim.o
    0x0800266a   0x0800266a   0x00000058   Code   RO         2135    i.HAL_UART_DMAStop  stm32f4xx_hal_uart.o
    0x080026c2   0x080026c2   0x00000002   Code   RO         2137    i.HAL_UART_ErrorCallback  stm32f4xx_hal_uart.o
    0x080026c4   0x080026c4   0x00000114   Code   RO         2140    i.HAL_UART_IRQHandler  stm32f4xx_hal_uart.o
    0x080027d8   0x080027d8   0x00000062   Code   RO         2141    i.HAL_UART_Init     stm32f4xx_hal_uart.o
    0x0800283a   0x0800283a   0x00000002   PAD
    0x0800283c   0x0800283c   0x000004f8   Code   RO          553    i.HAL_UART_MspInit  stm32f4xx_hal_msp.o
    0x08002d34   0x08002d34   0x00000098   Code   RO         2145    i.HAL_UART_Receive_DMA  stm32f4xx_hal_uart.o
    0x08002dcc   0x08002dcc   0x00000002   Code   RO         2147    i.HAL_UART_RxCpltCallback  stm32f4xx_hal_uart.o
    0x08002dce   0x08002dce   0x00000002   Code   RO         2148    i.HAL_UART_RxHalfCpltCallback  stm32f4xx_hal_uart.o
    0x08002dd0   0x08002dd0   0x00000080   Code   RO         2150    i.HAL_UART_Transmit_DMA  stm32f4xx_hal_uart.o
    0x08002e50   0x08002e50   0x00000002   Code   RO         2152    i.HAL_UART_TxCpltCallback  stm32f4xx_hal_uart.o
    0x08002e52   0x08002e52   0x00000002   Code   RO         2153    i.HAL_UART_TxHalfCpltCallback  stm32f4xx_hal_uart.o
    0x08002e54   0x08002e54   0x00000134   Code   RO           20    i.InitTask          main.o
    0x08002f88   0x08002f88   0x0000009c   Code   RO           21    i.MX_ADC1_Init      main.o
    0x08003024   0x08003024   0x000000fc   Code   RO           22    i.MX_DMA_Init       main.o
    0x08003120   0x08003120   0x0000006c   Code   RO           23    i.MX_GPIO_Init      main.o
    0x0800318c   0x0800318c   0x00000054   Code   RO           24    i.MX_TIM14_Init     main.o
    0x080031e0   0x080031e0   0x000000c8   Code   RO           25    i.MX_TIM1_Init      main.o
    0x080032a8   0x080032a8   0x0000009c   Code   RO           26    i.MX_TIM2_Init      main.o
    0x08003344   0x08003344   0x00000094   Code   RO           27    i.MX_TIM3_Init      main.o
    0x080033d8   0x080033d8   0x00000002   Code   RO          381    i.MemManage_Handler  stm32f4xx_it.o
    0x080033da   0x080033da   0x00000002   PAD
    0x080033dc   0x080033dc   0x00000038   Code   RO          654    i.MixMode           attitude.o
    0x08003414   0x08003414   0x000000ac   Code   RO          767    i.MoveDataAnalyze   basicctrl.o
    0x080034c0   0x080034c0   0x00000002   Code   RO          382    i.NMI_Handler       stm32f4xx_it.o
    0x080034c2   0x080034c2   0x00000002   PAD
    0x080034c4   0x080034c4   0x00000038   Code   RO          655    i.NormalMode        attitude.o
    0x080034fc   0x080034fc   0x000000b0   Code   RO          768    i.PassBack          basicctrl.o
    0x080035ac   0x080035ac   0x00000044   Code   RO          656    i.PitchMode         attitude.o
    0x080035f0   0x080035f0   0x00000044   Code   RO          657    i.RowMode           attitude.o
    0x08003634   0x08003634   0x00000002   Code   RO          713    i.SDeepkeepingMove  auto.o
    0x08003636   0x08003636   0x00000002   Code   RO          714    i.SOrientMove       auto.o
    0x08003638   0x08003638   0x00000060   Code   RO           28    i.SWTask            main.o
    0x08003698   0x08003698   0x00000002   Code   RO          769    i.SixMove           basicctrl.o
    0x0800369a   0x0800369a   0x00000002   PAD
    0x0800369c   0x0800369c   0x0000002c   Code   RO         4800    i.SysTick_Handler   port.o
    0x080036c8   0x080036c8   0x00000088   Code   RO           29    i.SystemClock_Config  main.o
    0x08003750   0x08003750   0x0000001c   Code   RO         3575    i.SystemInit        system_stm32f4xx.o
    0x0800376c   0x0800376c   0x0000001c   Code   RO          383    i.TIM1_UP_TIM10_IRQHandler  stm32f4xx_it.o
    0x08003788   0x08003788   0x00000074   Code   RO          384    i.TIM7_IRQHandler   stm32f4xx_it.o
    0x080037fc   0x080037fc   0x000000c8   Code   RO         1278    i.TIM_Base_SetConfig  stm32f4xx_hal_tim.o
    0x080038c4   0x080038c4   0x0000001a   Code   RO         1279    i.TIM_CCxChannelCmd  stm32f4xx_hal_tim.o
    0x080038de   0x080038de   0x00000014   Code   RO         1289    i.TIM_ETR_SetConfig  stm32f4xx_hal_tim.o
    0x080038f2   0x080038f2   0x00000010   Code   RO         1290    i.TIM_ITRx_SetConfig  stm32f4xx_hal_tim.o
    0x08003902   0x08003902   0x00000002   PAD
    0x08003904   0x08003904   0x00000060   Code   RO         1291    i.TIM_OC1_SetConfig  stm32f4xx_hal_tim.o
    0x08003964   0x08003964   0x0000006c   Code   RO         1292    i.TIM_OC2_SetConfig  stm32f4xx_hal_tim.o
    0x080039d0   0x080039d0   0x00000068   Code   RO         1293    i.TIM_OC3_SetConfig  stm32f4xx_hal_tim.o
    0x08003a38   0x08003a38   0x00000050   Code   RO         1294    i.TIM_OC4_SetConfig  stm32f4xx_hal_tim.o
    0x08003a88   0x08003a88   0x00000022   Code   RO         1296    i.TIM_TI1_ConfigInputStage  stm32f4xx_hal_tim.o
    0x08003aaa   0x08003aaa   0x00000024   Code   RO         1298    i.TIM_TI2_ConfigInputStage  stm32f4xx_hal_tim.o
    0x08003ace   0x08003ace   0x00000002   PAD
    0x08003ad0   0x08003ad0   0x000000b0   Code   RO          385    i.UART4_IRQHandler  stm32f4xx_it.o
    0x08003b80   0x08003b80   0x0000000c   Code   RO          386    i.UART5_IRQHandler  stm32f4xx_it.o
    0x08003b8c   0x08003b8c   0x00000010   Code   RO         2154    i.UART_DMAAbortOnError  stm32f4xx_hal_uart.o
    0x08003b9c   0x08003b9c   0x0000004a   Code   RO         2155    i.UART_DMAError     stm32f4xx_hal_uart.o
    0x08003be6   0x08003be6   0x0000003c   Code   RO         2156    i.UART_DMAReceiveCplt  stm32f4xx_hal_uart.o
    0x08003c22   0x08003c22   0x0000000a   Code   RO         2158    i.UART_DMARxHalfCplt  stm32f4xx_hal_uart.o
    0x08003c2c   0x08003c2c   0x0000002e   Code   RO         2160    i.UART_DMATransmitCplt  stm32f4xx_hal_uart.o
    0x08003c5a   0x08003c5a   0x0000000a   Code   RO         2162    i.UART_DMATxHalfCplt  stm32f4xx_hal_uart.o
    0x08003c64   0x08003c64   0x0000001c   Code   RO         2164    i.UART_EndRxTransfer  stm32f4xx_hal_uart.o
    0x08003c80   0x08003c80   0x00000012   Code   RO         2165    i.UART_EndTxTransfer  stm32f4xx_hal_uart.o
    0x08003c92   0x08003c92   0x00000096   Code   RO         2166    i.UART_Receive_IT   stm32f4xx_hal_uart.o
    0x08003d28   0x08003d28   0x00000128   Code   RO         2167    i.UART_SetConfig    stm32f4xx_hal_uart.o
    0x08003e50   0x08003e50   0x00000062   Code   RO         2168    i.UART_Transmit_IT  stm32f4xx_hal_uart.o
    0x08003eb2   0x08003eb2   0x00000002   PAD
    0x08003eb4   0x08003eb4   0x000000a0   Code   RO          387    i.USART1_IRQHandler  stm32f4xx_it.o
    0x08003f54   0x08003f54   0x0000000c   Code   RO          388    i.USART2_IRQHandler  stm32f4xx_it.o
    0x08003f60   0x08003f60   0x00000098   Code   RO          389    i.USART3_IRQHandler  stm32f4xx_it.o
    0x08003ff8   0x08003ff8   0x0000000c   Code   RO          390    i.USART6_IRQHandler  stm32f4xx_it.o
    0x08004004   0x08004004   0x00000002   Code   RO          391    i.UsageFault_Handler  stm32f4xx_it.o
    0x08004006   0x08004006   0x00000002   PAD
    0x08004008   0x08004008   0x00000038   Code   RO           30    i.WDTask            main.o
    0x08004040   0x08004040   0x00000018   Code   RO          770    i.XorCaculate       basicctrl.o
    0x08004058   0x08004058   0x00000020   Code   RO         3199    i.__NVIC_SetPriority  stm32f4xx_hal_cortex.o
    0x08004078   0x08004078   0x0000000e   Code   RO         4950    i.__scatterload_copy  mc_w.l(handlers.o)
    0x08004086   0x08004086   0x00000002   Code   RO         4951    i.__scatterload_null  mc_w.l(handlers.o)
    0x08004088   0x08004088   0x0000000e   Code   RO         4952    i.__scatterload_zeroinit  mc_w.l(handlers.o)
    0x08004096   0x08004096   0x00000002   PAD
    0x08004098   0x08004098   0x00000204   Code   RO           31    i.main              main.o
    0x0800429c   0x0800429c   0x0000000c   Code   RO         4371    i.makeFreeRtosPriority  cmsis_os.o
    0x080042a8   0x080042a8   0x0000006c   Code   RO         4890    i.malloc            mc_w.l(malloc.o)
    0x08004314   0x08004314   0x0000000e   Code   RO         4373    i.osDelay           cmsis_os.o
    0x08004322   0x08004322   0x0000000a   Code   RO         4376    i.osKernelStart     cmsis_os.o
    0x0800432c   0x0800432c   0x00000054   Code   RO         4410    i.osThreadCreate    cmsis_os.o
    0x08004380   0x08004380   0x00000070   Code   RO         4068    i.prvAddCurrentTaskToDelayedList  tasks.o
    0x080043f0   0x080043f0   0x000000d0   Code   RO         4069    i.prvAddNewTaskToReadyList  tasks.o
    0x080044c0   0x080044c0   0x00000034   Code   RO         4070    i.prvDeleteTCB      tasks.o
    0x080044f4   0x080044f4   0x0000004c   Code   RO         4738    i.prvHeapInit       heap_4.o
    0x08004540   0x08004540   0x00000060   Code   RO         4071    i.prvIdleTask       tasks.o
    0x080045a0   0x080045a0   0x0000008e   Code   RO         4072    i.prvInitialiseNewTask  tasks.o
    0x0800462e   0x0800462e   0x00000002   PAD
    0x08004630   0x08004630   0x0000004c   Code   RO         4739    i.prvInsertBlockIntoFreeList  heap_4.o
    0x0800467c   0x0800467c   0x00000020   Code   RO         4073    i.prvResetNextTaskUnblockTime  tasks.o
    0x0800469c   0x0800469c   0x00000028   Code   RO         4801    i.prvTaskExitError  port.o
    0x080046c4   0x080046c4   0x00000034   Code   RO         4074    i.prvTaskIsTaskSuspended  tasks.o
    0x080046f8   0x080046f8   0x000000d8   Code   RO         4740    i.pvPortMalloc      heap_4.o
    0x080047d0   0x080047d0   0x0000002c   Code   RO         4802    i.pxPortInitialiseStack  port.o
    0x080047fc   0x080047fc   0x00000026   Code   RO         3713    i.uxListRemove      list.o
    0x08004822   0x08004822   0x00000002   PAD
    0x08004824   0x08004824   0x00000014   Code   RO          332    i.vApplicationGetIdleTaskMemory  freertos.o
    0x08004838   0x08004838   0x00000016   Code   RO         3714    i.vListInitialise   list.o
    0x0800484e   0x0800484e   0x00000006   Code   RO         3715    i.vListInitialiseItem  list.o
    0x08004854   0x08004854   0x00000030   Code   RO         3716    i.vListInsert       list.o
    0x08004884   0x08004884   0x00000018   Code   RO         3717    i.vListInsertEnd    list.o
    0x0800489c   0x0800489c   0x00000040   Code   RO         4804    i.vPortEnterCritical  port.o
    0x080048dc   0x080048dc   0x00000028   Code   RO         4805    i.vPortExitCritical  port.o
    0x08004904   0x08004904   0x0000005c   Code   RO         4741    i.vPortFree         heap_4.o
    0x08004960   0x08004960   0x00000024   Code   RO         4806    i.vPortSetupTimerInterrupt  port.o
    0x08004984   0x08004984   0x0000004c   Code   RO         4081    i.vTaskDelay        tasks.o
    0x080049d0   0x080049d0   0x0000007c   Code   RO         4092    i.vTaskResume       tasks.o
    0x08004a4c   0x08004a4c   0x0000006c   Code   RO         4094    i.vTaskStartScheduler  tasks.o
    0x08004ab8   0x08004ab8   0x000000bc   Code   RO         4095    i.vTaskSuspend      tasks.o
    0x08004b74   0x08004b74   0x00000010   Code   RO         4096    i.vTaskSuspendAll   tasks.o
    0x08004b84   0x08004b84   0x0000005c   Code   RO         4097    i.vTaskSwitchContext  tasks.o
    0x08004be0   0x08004be0   0x000000f4   Code   RO         4808    i.xPortStartScheduler  port.o
    0x08004cd4   0x08004cd4   0x0000005a   Code   RO         4099    i.xTaskCreate       tasks.o
    0x08004d2e   0x08004d2e   0x00000056   Code   RO         4100    i.xTaskCreateStatic  tasks.o
    0x08004d84   0x08004d84   0x000000c8   Code   RO         4107    i.xTaskIncrementTick  tasks.o
    0x08004e4c   0x08004e4c   0x000000c4   Code   RO         4113    i.xTaskResumeAll    tasks.o
    0x08004f10   0x08004f10   0x000000e0   Data   RO           48    .constdata          main.o
    0x08004ff0   0x08004ff0   0x00000008   Data   RO         2916    .constdata          stm32f4xx_hal_dma.o
    0x08004ff8   0x08004ff8   0x00000010   Data   RO         3576    .constdata          system_stm32f4xx.o
    0x08005008   0x08005008   0x00000008   Data   RO         3577    .constdata          system_stm32f4xx.o
    0x08005010   0x08005010   0x0000006e   Data   RO           49    .conststring        main.o
    0x0800507e   0x0800507e   0x00000002   PAD
    0x08005080   0x08005080   0x00000020   Data   RO         4948    Region$$Table       anon$$obj.o


    Execution Region RW_IRAM1 (Exec base: 0x20000000, Load base: 0x080050a0, Size: 0x00005098, Max: 0x00020000, ABSOLUTE, COMPRESSED[0x000000c4])

    Exec Addr    Load Addr    Size         Type   Attr      Idx    E Section Name        Object

    0x20000000   COMPRESSED   0x00000054   Data   RW           50    .data               main.o
    0x20000054   COMPRESSED   0x00000001   Data   RW           53    .data               main.o
    0x20000055   COMPRESSED   0x00000001   Data   RW           54    .data               main.o
    0x20000056   COMPRESSED   0x00000001   Data   RW           55    .data               main.o
    0x20000057   COMPRESSED   0x00000003   Data   RW          392    .data               stm32f4xx_it.o
    0x2000005a   COMPRESSED   0x00000002   PAD
    0x2000005c   COMPRESSED   0x00000010   Data   RW          658    .data               attitude.o
    0x2000006c   COMPRESSED   0x00000001   Data   RW          772    .data               basicctrl.o
    0x2000006d   COMPRESSED   0x00000001   Data   RW          773    .data               basicctrl.o
    0x2000006e   COMPRESSED   0x00000002   PAD
    0x20000070   COMPRESSED   0x00000098   Data   RW          774    .data               basicctrl.o
    0x20000108   COMPRESSED   0x000000e9   Data   RW          842    .data               display.o
    0x200001f1   COMPRESSED   0x00000003   PAD
    0x200001f4   COMPRESSED   0x0000000c   Data   RW         3343    .data               stm32f4xx_hal.o
    0x20000200   COMPRESSED   0x00000004   Data   RW         3578    .data               system_stm32f4xx.o
    0x20000204   COMPRESSED   0x0000003c   Data   RW         4116    .data               tasks.o
    0x20000240   COMPRESSED   0x00000018   Data   RW         4746    .data               heap_4.o
    0x20000258   COMPRESSED   0x0000000c   Data   RW         4809    .data               port.o
    0x20000264   COMPRESSED   0x00000004   Data   RW         4941    .data               mc_w.l(mvars.o)
    0x20000268   COMPRESSED   0x00000004   Data   RW         4942    .data               mc_w.l(mvars.o)
    0x2000026c        -       0x0000034a   Zero   RW           32    .bss                main.o
    0x200005b6   COMPRESSED   0x00000002   PAD
    0x200005b8        -       0x00000060   Zero   RW           33    .bss                main.o
    0x20000618        -       0x00000060   Zero   RW           34    .bss                main.o
    0x20000678        -       0x00000060   Zero   RW           35    .bss                main.o
    0x200006d8        -       0x00000060   Zero   RW           36    .bss                main.o
    0x20000738        -       0x00000060   Zero   RW           37    .bss                main.o
    0x20000798        -       0x00000060   Zero   RW           38    .bss                main.o
    0x200007f8        -       0x00000060   Zero   RW           39    .bss                main.o
    0x20000858        -       0x00000060   Zero   RW           40    .bss                main.o
    0x200008b8        -       0x00000060   Zero   RW           41    .bss                main.o
    0x20000918        -       0x00000060   Zero   RW           42    .bss                main.o
    0x20000978        -       0x00000060   Zero   RW           43    .bss                main.o
    0x200009d8        -       0x00000060   Zero   RW           44    .bss                main.o
    0x20000a38        -       0x00000060   Zero   RW           45    .bss                main.o
    0x20000a98        -       0x0000001e   Zero   RW           46    .bss                main.o
    0x20000ab6        -       0x00000028   Zero   RW           47    .bss                main.o
    0x20000ade   COMPRESSED   0x00000002   PAD
    0x20000ae0        -       0x00000254   Zero   RW          333    .bss                freertos.o
    0x20000d34        -       0x00000040   Zero   RW          616    .bss                stm32f4xx_hal_timebase_tim.o
    0x20000d74        -       0x00000030   Zero   RW          771    .bss                basicctrl.o
    0x20000da4        -       0x000000f0   Zero   RW         4115    .bss                tasks.o
    0x20000e94        -       0x00003c00   Zero   RW         4745    .bss                heap_4.o
    0x20004a94   COMPRESSED   0x00000004   PAD
    0x20004a98        -       0x00000200   Zero   RW            2    HEAP                startup_stm32f407xx.o
    0x20004c98        -       0x00000400   Zero   RW            1    STACK               startup_stm32f407xx.o


==============================================================================

Image component sizes


      Code (inc. data)   RO Data    RW Data    ZI Data      Debug   Object Name

       814         40          0         16          0       3728   attitude.o
        12          0          0          0          0       2565   auto.o
       916         64          0        154         48       6754   basicctrl.o
       120          0          0          0          0      22389   cmsis_os.o
       220         10          0        233          0       2228   display.o
         0          0          0          0          0      18104   event_groups.o
        20          4          0          0        596       1196   freertos.o
       460         24          0         24      15360       7299   heap_4.o
       138          0          0          0          0       3522   list.o
      2674        250        334         87       2160     746733   main.o
       702         72          0         12          0      11044   port.o
        36          8        392          0       1536        832   startup_stm32f407xx.o
        80         14          0         12          0       8058   stm32f4xx_hal.o
      1164         64          0          0          0       7361   stm32f4xx_hal_adc.o
       158         14          0          0          0      33138   stm32f4xx_hal_cortex.o
      1080         16          8          0          0       7322   stm32f4xx_hal_dma.o
       440         46          0          0          0       1728   stm32f4xx_hal_gpio.o
        94          0          0          0          0       1743   stm32f4xx_hal_iwdg.o
      1920        182          0          0          0       5844   stm32f4xx_hal_msp.o
      1392         88          0          0          0       5861   stm32f4xx_hal_rcc.o
      1720         90          0          0          0      16446   stm32f4xx_hal_tim.o
       232         28          0          0          0       3257   stm32f4xx_hal_tim_ex.o
       116         16          0          0         64       1388   stm32f4xx_hal_timebase_tim.o
      1558         44          0          0          0      14549   stm32f4xx_hal_uart.o
       834        230          0          3          0      15145   stm32f4xx_it.o
         0          0          0          0          0        384   stream_buffer.o
        28          6         24          4          0       1119   system_stm32f4xx.o
      1870        140          0         60        240      19079   tasks.o

    ----------------------------------------------------------------------
     18842       1450        792        612      20012     968816   Object Totals
         0          0         32          0          0          0   (incl. Generated)
        44          0          2          7          8          0   (incl. Padding)

    ----------------------------------------------------------------------

      Code (inc. data)   RO Data    RW Data    ZI Data      Debug   Library Member Name

        86          0          0          0          0          0   __dczerorl2.o
         0          0          0          0          0          0   entry.o
         0          0          0          0          0          0   entry10a.o
         0          0          0          0          0          0   entry11a.o
         8          4          0          0          0          0   entry2.o
         4          0          0          0          0          0   entry5.o
         0          0          0          0          0          0   entry7b.o
         0          0          0          0          0          0   entry8b.o
         8          4          0          0          0          0   entry9a.o
        30          0          0          0          0          0   handlers.o
        36          8          0          0          0         68   init.o
         0          0          0          0          0          0   iusefp.o
        30          0          0          0          0         68   llshl.o
        32          0          0          0          0         68   llushr.o
       108         16          0          0          0         84   malloc.o
        36          0          0          0          0         68   memcpya.o
        36          0          0          0          0        108   memseta.o
         0          0          0          8          0          0   mvars.o
        98          0          0          0          0         92   uldiv.o
       186          0          0          0          0        176   depilogue.o
        50          0          0          0          0         76   dfixui.o
        26          0          0          0          0         76   dfltui.o
       228          0          0          0          0         96   dmul.o

    ----------------------------------------------------------------------
      1006         32          0          8          0        980   Library Totals
         4          0          0          0          0          0   (incl. Padding)

    ----------------------------------------------------------------------

      Code (inc. data)   RO Data    RW Data    ZI Data      Debug   Library Name

       512         32          0          8          0        556   mc_w.l
       490          0          0          0          0        424   mf_w.l

    ----------------------------------------------------------------------
      1006         32          0          8          0        980   Library Totals

    ----------------------------------------------------------------------

==============================================================================


      Code (inc. data)   RO Data    RW Data    ZI Data      Debug   

     19848       1482        792        620      20012     950912   Grand Totals
     19848       1482        792        196      20012     950912   ELF Image Totals (compressed)
     19848       1482        792        196          0          0   ROM Totals

==============================================================================

    Total RO  Size (Code + RO Data)                20640 (  20.16kB)
    Total RW  Size (RW Data + ZI Data)             20632 (  20.15kB)
    Total ROM Size (Code + RO Data + RW Data)      20836 (  20.35kB)

==============================================================================

