<html>
<body>
<pre>
<h1>µVision Build Log</h1>
<h2>Tool Versions:</h2>
IDE-Version: ¶ÃVision V5.27.1.0
Copyright (C) 2019 ARM Ltd and ARM Germany GmbH. All rights reserved.
License Information: ’‘ –À, 1, LIC=65IGK-ZEUKI-3M09Q-NTDLT-2NW0L-NAACU
 
Tool Versions:
Toolchain:       MDK-ARM Plus  Version: 5.27.1.0
Toolchain Path:  F:\keil\ARM\ARMCC\Bin
C Compiler:      Armcc.exe V5.06 update 6 (build 750)
Assembler:       Armasm.exe V5.06 update 6 (build 750)
Linker/Locator:  ArmLink.exe V5.06 update 6 (build 750)
Library Manager: ArmAr.exe V5.06 update 6 (build 750)
Hex Converter:   FromElf.exe V5.06 update 6 (build 750)
CPU DLL:         SARMCM3.DLL V5.27.1.0
Dialog DLL:      DCM.DLL V1.17.2.0
Target DLL:      STLink\ST-LINKIII-KEIL_SWO.dll V3.0.6.0
Dialog DLL:      TCM.DLL V1.36.1.0
 
<h2>Project:</h2>
F:\Emb\OurEDA-S2L\UnderWater_keil\MDK-ARM\UnderWater.uvprojx
Project File Date:  04/18/2020

<h2>Output:</h2>
*** Using Compiler 'V5.06 update 6 (build 750)', folder: 'F:\keil\ARM\ARMCC\Bin'
Rebuild target 'UnderWater'
assembling startup_stm32f407xx.s...
compiling stm32f4xx_hal_adc_ex.c...
compiling stm32f4xx_hal_timebase_tim.c...
compiling stm32f4xx_hal_i2c_ex.c...
compiling freertos.c...
compiling stm32f4xx_hal_iwdg.c...
compiling stm32f4xx_hal_adc.c...
compiling Display.c...
compiling BasicCtrl.c...
../Inc/BasicCtrl.h(8): warning:  #1295-D: Deprecated declaration BasicPoint - give arg types
  void BasicPoint();
../Inc/BasicCtrl.h(9): warning:  #1295-D: Deprecated declaration BasicControl - give arg types
  void BasicControl();
../Inc/Auto.h(4): warning:  #1295-D: Deprecated declaration FFOrientMove - give arg types
  void FFOrientMove();
../Inc/Auto.h(5): warning:  #1295-D: Deprecated declaration FFDeepkeepingMove - give arg types
  void FFDeepkeepingMove();
../Inc/Auto.h(6): warning:  #1295-D: Deprecated declaration SOrientMove - give arg types
  void SOrientMove();
../Inc/Auto.h(7): warning:  #1295-D: Deprecated declaration SDeepkeepingMove - give arg types
  void SDeepkeepingMove();
../Inc/Auto.h(8): warning:  #1295-D: Deprecated declaration EOrientMove - give arg types
  void EOrientMove();
../Inc/Auto.h(9): warning:  #1295-D: Deprecated declaration EDeepkeepingMove - give arg types
  void EDeepkeepingMove();
..\Src\BasicCtrl.c(42): warning:  #1295-D: Deprecated declaration MoveDataAnalyze - give arg types
  void MoveDataAnalyze();
..\Src\BasicCtrl.c(43): warning:  #1295-D: Deprecated declaration BasicPoint - give arg types
  void BasicPoint();
..\Src\BasicCtrl.c(44): warning:  #1295-D: Deprecated declaration BasicControl - give arg types
  void BasicControl();
..\Src\BasicCtrl.c(45): warning:  #1295-D: Deprecated declaration FFMove - give arg types
  void FFMove();
..\Src\BasicCtrl.c(46): warning:  #1295-D: Deprecated declaration SixMove - give arg types
  void SixMove();
..\Src\BasicCtrl.c(47): warning:  #1295-D: Deprecated declaration EightMove - give arg types
  void EightMove();
..\Src\BasicCtrl.c(230): warning:  #1-D: last line of file ends without a newline
  }
..\Src\BasicCtrl.c: 15 warnings, 0 errors
compiling main.c...
../Inc/Auto.h(4): warning:  #1295-D: Deprecated declaration FFOrientMove - give arg types
  void FFOrientMove();
../Inc/Auto.h(5): warning:  #1295-D: Deprecated declaration FFDeepkeepingMove - give arg types
  void FFDeepkeepingMove();
../Inc/Auto.h(6): warning:  #1295-D: Deprecated declaration SOrientMove - give arg types
  void SOrientMove();
../Inc/Auto.h(7): warning:  #1295-D: Deprecated declaration SDeepkeepingMove - give arg types
  void SDeepkeepingMove();
../Inc/Auto.h(8): warning:  #1295-D: Deprecated declaration EOrientMove - give arg types
  void EOrientMove();
../Inc/Auto.h(9): warning:  #1295-D: Deprecated declaration EDeepkeepingMove - give arg types
  void EDeepkeepingMove();
../Inc/BasicCtrl.h(8): warning:  #1295-D: Deprecated declaration BasicPoint - give arg types
  void BasicPoint();
../Inc/BasicCtrl.h(9): warning:  #1295-D: Deprecated declaration BasicControl - give arg types
  void BasicControl();
../Src/main.c: 8 warnings, 0 errors
compiling stm32f4xx_it.c...
../Inc/Auto.h(4): warning:  #1295-D: Deprecated declaration FFOrientMove - give arg types
  void FFOrientMove();
../Inc/Auto.h(5): warning:  #1295-D: Deprecated declaration FFDeepkeepingMove - give arg types
  void FFDeepkeepingMove();
../Inc/Auto.h(6): warning:  #1295-D: Deprecated declaration SOrientMove - give arg types
  void SOrientMove();
../Inc/Auto.h(7): warning:  #1295-D: Deprecated declaration SDeepkeepingMove - give arg types
  void SDeepkeepingMove();
../Inc/Auto.h(8): warning:  #1295-D: Deprecated declaration EOrientMove - give arg types
  void EOrientMove();
../Inc/Auto.h(9): warning:  #1295-D: Deprecated declaration EDeepkeepingMove - give arg types
  void EDeepkeepingMove();
../Inc/BasicCtrl.h(8): warning:  #1295-D: Deprecated declaration BasicPoint - give arg types
  void BasicPoint();
../Inc/BasicCtrl.h(9): warning:  #1295-D: Deprecated declaration BasicControl - give arg types
  void BasicControl();
../Src/stm32f4xx_it.c: 8 warnings, 0 errors
compiling Auto.c...
../Inc/Auto.h(4): warning:  #1295-D: Deprecated declaration FFOrientMove - give arg types
  void FFOrientMove();
../Inc/Auto.h(5): warning:  #1295-D: Deprecated declaration FFDeepkeepingMove - give arg types
  void FFDeepkeepingMove();
../Inc/Auto.h(6): warning:  #1295-D: Deprecated declaration SOrientMove - give arg types
  void SOrientMove();
../Inc/Auto.h(7): warning:  #1295-D: Deprecated declaration SDeepkeepingMove - give arg types
  void SDeepkeepingMove();
../Inc/Auto.h(8): warning:  #1295-D: Deprecated declaration EOrientMove - give arg types
  void EOrientMove();
../Inc/Auto.h(9): warning:  #1295-D: Deprecated declaration EDeepkeepingMove - give arg types
  void EDeepkeepingMove();
..\Src\Auto.c(38): warning:  #1-D: last line of file ends without a newline
  }
..\Src\Auto.c: 7 warnings, 0 errors
compiling Attitude.c...
..\Src\Attitude.c(89): warning:  #1-D: last line of file ends without a newline
  }
..\Src\Attitude.c: 1 warning, 0 errors
compiling stm32f4xx_hal_msp.c...
compiling stm32f4xx_hal_tim.c...
compiling stm32f4xx_hal_i2c.c...
compiling stm32f4xx_hal_flash_ramfunc.c...
compiling stm32f4xx_hal_flash.c...
compiling stm32f4xx_hal_flash_ex.c...
compiling stm32f4xx_hal_rcc_ex.c...
compiling stm32f4xx_hal_pwr.c...
compiling stm32f4xx_hal_cortex.c...
compiling stm32f4xx_hal_tim_ex.c...
compiling stm32f4xx_hal_exti.c...
compiling stm32f4xx_hal_uart.c...
compiling stm32f4xx_hal_dma.c...
compiling stm32f4xx_hal_gpio.c...
compiling stm32f4xx_hal_pwr_ex.c...
compiling stm32f4xx_hal.c...
compiling croutine.c...
compiling list.c...
compiling event_groups.c...
compiling stm32f4xx_hal_rcc.c...
compiling stm32f4xx_hal_dma_ex.c...
compiling timers.c...
compiling heap_4.c...
compiling stream_buffer.c...
compiling queue.c...
compiling port.c...
compiling tasks.c...
compiling cmsis_os.c...
compiling system_stm32f4xx.c...
linking...
Program Size: Code=16268 RO-data=708 RW-data=288 ZI-data=19408  
FromELF: creating hex file...
"UnderWater\UnderWater.axf" - 0 Error(s), 39 Warning(s).

<h2>Software Packages used:</h2>

Package Vendor: ARM
                http://www.keil.com/pack/ARM.CMSIS.5.5.1.pack
                ARM.CMSIS.5.5.1
                CMSIS (Cortex Microcontroller Software Interface Standard)
   * Component: CORE Version: 5.2.0

Package Vendor: Keil
                http://www.keil.com/pack/Keil.STM32F4xx_DFP.2.13.0.pack
                Keil.STM32F4xx_DFP.2.13.0
                STMicroelectronics STM32F4 Series Device Support, Drivers and Examples

<h2>Collection of Component include folders:</h2>
  .\RTE\_UnderWater
  F:\keil\ARM\PACK\ARM\CMSIS\5.5.1\CMSIS\Core\Include
  F:\keil\ARM\PACK\Keil\STM32F4xx_DFP\2.13.0\Drivers\CMSIS\Device\ST\STM32F4xx\Include

<h2>Collection of Component Files used:</h2>

   * Component: ARM::CMSIS:CORE:5.2.0
Build Time Elapsed:  00:00:24
</pre>
</body>
</html>
