Archive member included to satisfy reference by file (symbol)

c:/sysgcc/arm-eabi/bin/../lib/gcc/arm-none-eabi/9.2.1/thumb/v7e-m+fp/hard\libgcc.a(_arm_muldf3.o)
                              VisualGDB/Debug/main.o (__aeabi_dmul)
c:/sysgcc/arm-eabi/bin/../lib/gcc/arm-none-eabi/9.2.1/thumb/v7e-m+fp/hard\libgcc.a(_arm_addsubdf3.o)
                              VisualGDB/Debug/main.o (__aeabi_ui2d)
c:/sysgcc/arm-eabi/bin/../lib/gcc/arm-none-eabi/9.2.1/thumb/v7e-m+fp/hard\libgcc.a(_arm_fixunsdfsi.o)
                              VisualGDB/Debug/main.o (__aeabi_d2uiz)
c:/sysgcc/arm-eabi/bin/../lib/gcc/arm-none-eabi/9.2.1/thumb/v7e-m+fp/hard\libgcc.a(_aeabi_uldivmod.o)
                              VisualGDB/Debug/stm32f4xx_hal_uart.o (__aeabi_uldivmod)
c:/sysgcc/arm-eabi/bin/../lib/gcc/arm-none-eabi/9.2.1/thumb/v7e-m+fp/hard\libgcc.a(_udivmoddi4.o)
                              c:/sysgcc/arm-eabi/bin/../lib/gcc/arm-none-eabi/9.2.1/thumb/v7e-m+fp/hard\libgcc.a(_aeabi_uldivmod.o) (__udivmoddi4)
c:/sysgcc/arm-eabi/bin/../lib/gcc/arm-none-eabi/9.2.1/thumb/v7e-m+fp/hard\libgcc.a(_dvmd_tls.o)
                              c:/sysgcc/arm-eabi/bin/../lib/gcc/arm-none-eabi/9.2.1/thumb/v7e-m+fp/hard\libgcc.a(_aeabi_uldivmod.o) (__aeabi_ldiv0)
c:/sysgcc/arm-eabi/bin/../lib/gcc/arm-none-eabi/9.2.1/../../../../arm-none-eabi/lib/thumb/v7e-m+fp/hard\libc_nano.a(lib_a-exit.o)
                              c:/sysgcc/arm-eabi/bin/../lib/gcc/arm-none-eabi/9.2.1/../../../../arm-none-eabi/lib/thumb/v7e-m+fp/hard/crt0.o (exit)
c:/sysgcc/arm-eabi/bin/../lib/gcc/arm-none-eabi/9.2.1/../../../../arm-none-eabi/lib/thumb/v7e-m+fp/hard\libc_nano.a(lib_a-impure.o)
                              c:/sysgcc/arm-eabi/bin/../lib/gcc/arm-none-eabi/9.2.1/../../../../arm-none-eabi/lib/thumb/v7e-m+fp/hard\libc_nano.a(lib_a-exit.o) (_global_impure_ptr)
c:/sysgcc/arm-eabi/bin/../lib/gcc/arm-none-eabi/9.2.1/../../../../arm-none-eabi/lib/thumb/v7e-m+fp/hard\libc_nano.a(lib_a-init.o)
                              c:/sysgcc/arm-eabi/bin/../lib/gcc/arm-none-eabi/9.2.1/../../../../arm-none-eabi/lib/thumb/v7e-m+fp/hard/crt0.o (__libc_init_array)
c:/sysgcc/arm-eabi/bin/../lib/gcc/arm-none-eabi/9.2.1/../../../../arm-none-eabi/lib/thumb/v7e-m+fp/hard\libc_nano.a(lib_a-malloc.o)
                              VisualGDB/Debug/BasicCtrl.o (malloc)
c:/sysgcc/arm-eabi/bin/../lib/gcc/arm-none-eabi/9.2.1/../../../../arm-none-eabi/lib/thumb/v7e-m+fp/hard\libc_nano.a(lib_a-memcpy-stub.o)
                              VisualGDB/Debug/queue.o (memcpy)
c:/sysgcc/arm-eabi/bin/../lib/gcc/arm-none-eabi/9.2.1/../../../../arm-none-eabi/lib/thumb/v7e-m+fp/hard\libc_nano.a(lib_a-memset.o)
                              c:/sysgcc/arm-eabi/bin/../lib/gcc/arm-none-eabi/9.2.1/../../../../arm-none-eabi/lib/thumb/v7e-m+fp/hard/crt0.o (memset)
c:/sysgcc/arm-eabi/bin/../lib/gcc/arm-none-eabi/9.2.1/../../../../arm-none-eabi/lib/thumb/v7e-m+fp/hard\libc_nano.a(lib_a-nano-freer.o)
                              c:/sysgcc/arm-eabi/bin/../lib/gcc/arm-none-eabi/9.2.1/../../../../arm-none-eabi/lib/thumb/v7e-m+fp/hard\libc_nano.a(lib_a-malloc.o) (_free_r)
c:/sysgcc/arm-eabi/bin/../lib/gcc/arm-none-eabi/9.2.1/../../../../arm-none-eabi/lib/thumb/v7e-m+fp/hard\libc_nano.a(lib_a-nano-mallocr.o)
                              c:/sysgcc/arm-eabi/bin/../lib/gcc/arm-none-eabi/9.2.1/../../../../arm-none-eabi/lib/thumb/v7e-m+fp/hard\libc_nano.a(lib_a-malloc.o) (_malloc_r)
c:/sysgcc/arm-eabi/bin/../lib/gcc/arm-none-eabi/9.2.1/../../../../arm-none-eabi/lib/thumb/v7e-m+fp/hard\libc_nano.a(lib_a-sbrkr.o)
                              c:/sysgcc/arm-eabi/bin/../lib/gcc/arm-none-eabi/9.2.1/../../../../arm-none-eabi/lib/thumb/v7e-m+fp/hard\libc_nano.a(lib_a-nano-mallocr.o) (_sbrk_r)
c:/sysgcc/arm-eabi/bin/../lib/gcc/arm-none-eabi/9.2.1/../../../../arm-none-eabi/lib/thumb/v7e-m+fp/hard\libc_nano.a(lib_a-mlock.o)
                              c:/sysgcc/arm-eabi/bin/../lib/gcc/arm-none-eabi/9.2.1/../../../../arm-none-eabi/lib/thumb/v7e-m+fp/hard\libc_nano.a(lib_a-nano-freer.o) (__malloc_lock)
c:/sysgcc/arm-eabi/bin/../lib/gcc/arm-none-eabi/9.2.1/../../../../arm-none-eabi/lib/thumb/v7e-m+fp/hard\libc_nano.a(lib_a-reent.o)
                              c:/sysgcc/arm-eabi/bin/../lib/gcc/arm-none-eabi/9.2.1/../../../../arm-none-eabi/lib/thumb/v7e-m+fp/hard\libc_nano.a(lib_a-sbrkr.o) (errno)
c:/sysgcc/arm-eabi/bin/../lib/gcc/arm-none-eabi/9.2.1/../../../../arm-none-eabi/lib/thumb/v7e-m+fp/hard\libc_nano.a(lib_a-lock.o)
                              c:/sysgcc/arm-eabi/bin/../lib/gcc/arm-none-eabi/9.2.1/../../../../arm-none-eabi/lib/thumb/v7e-m+fp/hard\libc_nano.a(lib_a-mlock.o) (__retarget_lock_acquire_recursive)
c:/sysgcc/arm-eabi/bin/../lib/gcc/arm-none-eabi/9.2.1/../../../../arm-none-eabi/lib/thumb/v7e-m+fp/hard\libnosys.a(sbrk.o)
                              c:/sysgcc/arm-eabi/bin/../lib/gcc/arm-none-eabi/9.2.1/../../../../arm-none-eabi/lib/thumb/v7e-m+fp/hard\libc_nano.a(lib_a-sbrkr.o) (_sbrk)
[...]
Memory Configuration

Name             Origin             Length             Attributes
FLASH            0x08000000         0x00080000         xr
SRAM             0x20000000         0x00020000         xrw
CCMRAM           0x10000000         0x00010000         xrw
*default*        0x00000000         0xffffffff

Linker script and memory map

LOAD c:/sysgcc/arm-eabi/bin/../lib/gcc/arm-none-eabi/9.2.1/thumb/v7e-m+fp/hard/crti.o
LOAD c:/sysgcc/arm-eabi/bin/../lib/gcc/arm-none-eabi/9.2.1/thumb/v7e-m+fp/hard/crtbegin.o
LOAD c:/sysgcc/arm-eabi/bin/../lib/gcc/arm-none-eabi/9.2.1/../../../../arm-none-eabi/lib/thumb/v7e-m+fp/hard/crt0.o
START GROUP
LOAD VisualGDB/Debug/Attitude.o
LOAD VisualGDB/Debug/Auto.o
LOAD VisualGDB/Debug/BasicCtrl.o
LOAD VisualGDB/Debug/Display.o
LOAD VisualGDB/Debug/freertos.o
LOAD VisualGDB/Debug/stm32f4xx_it.o
LOAD VisualGDB/Debug/stm32f4xx_hal_msp.o
LOAD VisualGDB/Debug/stm32f4xx_hal_timebase_tim.o
LOAD VisualGDB/Debug/main.o
LOAD VisualGDB/Debug/system_stm32f4xx.o
LOAD VisualGDB/Debug/stm32f4xx_hal.o
LOAD VisualGDB/Debug/stm32f4xx_hal_adc.o
LOAD VisualGDB/Debug/stm32f4xx_hal_adc_ex.o
LOAD VisualGDB/Debug/stm32f4xx_hal_exti.o
LOAD VisualGDB/Debug/stm32f4xx_hal_uart.o
LOAD VisualGDB/Debug/stm32f4xx_hal_pwr.o
LOAD VisualGDB/Debug/stm32f4xx_hal_pwr_ex.o
LOAD VisualGDB/Debug/stm32f4xx_hal_flash.o
LOAD VisualGDB/Debug/stm32f4xx_hal_flash_ex.o
LOAD VisualGDB/Debug/stm32f4xx_hal_flash_ramfunc.o
LOAD VisualGDB/Debug/stm32f4xx_hal_gpio.o
LOAD VisualGDB/Debug/croutine.o
LOAD VisualGDB/Debug/event_groups.o
LOAD VisualGDB/Debug/list.o
LOAD VisualGDB/Debug/queue.o
LOAD VisualGDB/Debug/stream_buffer.o
LOAD VisualGDB/Debug/tasks.o
LOAD VisualGDB/Debug/timers.o
LOAD VisualGDB/Debug/heap_4.o
LOAD VisualGDB/Debug/port.o
LOAD VisualGDB/Debug/cmsis_os.o
LOAD VisualGDB/Debug/stm32f4xx_hal_iwdg.o
LOAD VisualGDB/Debug/stm32f4xx_hal_rcc.o
LOAD VisualGDB/Debug/stm32f4xx_hal_rcc_ex.o
LOAD VisualGDB/Debug/stm32f4xx_hal_cortex.o
LOAD VisualGDB/Debug/stm32f4xx_hal_tim.o
LOAD VisualGDB/Debug/stm32f4xx_hal_tim_ex.o
LOAD VisualGDB/Debug/stm32f4xx_hal_dma_ex.o
LOAD VisualGDB/Debug/stm32f4xx_hal_dma.o
LOAD VisualGDB/Debug/startup_stm32f407xx.o
END GROUP
LOAD c:/sysgcc/arm-eabi/bin/../lib/gcc/arm-none-eabi/9.2.1/../../../../arm-none-eabi/lib/thumb/v7e-m+fp/hard\libstdc++_nano.a
LOAD c:/sysgcc/arm-eabi/bin/../lib/gcc/arm-none-eabi/9.2.1/../../../../arm-none-eabi/lib/thumb/v7e-m+fp/hard\libm.a
START GROUP
LOAD c:/sysgcc/arm-eabi/bin/../lib/gcc/arm-none-eabi/9.2.1/thumb/v7e-m+fp/hard\libgcc.a
LOAD c:/sysgcc/arm-eabi/bin/../lib/gcc/arm-none-eabi/9.2.1/../../../../arm-none-eabi/lib/thumb/v7e-m+fp/hard\libc_nano.a
END GROUP
START GROUP
LOAD c:/sysgcc/arm-eabi/bin/../lib/gcc/arm-none-eabi/9.2.1/thumb/v7e-m+fp/hard\libgcc.a
LOAD c:/sysgcc/arm-eabi/bin/../lib/gcc/arm-none-eabi/9.2.1/../../../../arm-none-eabi/lib/thumb/v7e-m+fp/hard\libc_nano.a
LOAD c:/sysgcc/arm-eabi/bin/../lib/gcc/arm-none-eabi/9.2.1/../../../../arm-none-eabi/lib/thumb/v7e-m+fp/hard\libnosys.a
END GROUP
START GROUP
LOAD c:/sysgcc/arm-eabi/bin/../lib/gcc/arm-none-eabi/9.2.1/thumb/v7e-m+fp/hard\libgcc.a
LOAD c:/sysgcc/arm-eabi/bin/../lib/gcc/arm-none-eabi/9.2.1/../../../../arm-none-eabi/lib/thumb/v7e-m+fp/hard\libc_nano.a
LOAD c:/sysgcc/arm-eabi/bin/../lib/gcc/arm-none-eabi/9.2.1/../../../../arm-none-eabi/lib/thumb/v7e-m+fp/hard\libnosys.a
END GROUP
LOAD c:/sysgcc/arm-eabi/bin/../lib/gcc/arm-none-eabi/9.2.1/thumb/v7e-m+fp/hard/crtend.o
LOAD c:/sysgcc/arm-eabi/bin/../lib/gcc/arm-none-eabi/9.2.1/thumb/v7e-m+fp/hard/crtn.o
                0x20020000                _estack = 0x20020000

.isr_vector     0x08000000      0x188
                0x08000000                . = ALIGN (0x4)
 *(.isr_vector)
 .isr_vector    0x08000000      0x188 VisualGDB/Debug/startup_stm32f407xx.o
                0x08000000                g_pfnVectors
                0x08000188                . = ALIGN (0x4)

.text           0x08000190     0x9fb4
                0x08000190                . = ALIGN (0x4)
                0x08000190                _stext = .
 *(.text)
 .text          0x08000190       0x40 c:/sysgcc/arm-eabi/bin/../lib/gcc/arm-none-eabi/9.2.1/thumb/v7e-m+fp/hard/crtbegin.o
 .text          0x080001d0      0x254 c:/sysgcc/arm-eabi/bin/../lib/gcc/arm-none-eabi/9.2.1/thumb/v7e-m+fp/hard\libgcc.a(_arm_muldf3.o)
                0x080001d0                __muldf3
                0x080001d0                __aeabi_dmul
 .text          0x08000424      0x378 c:/sysgcc/arm-eabi/bin/../lib/gcc/arm-none-eabi/9.2.1/thumb/v7e-m+fp/hard\libgcc.a(_arm_addsubdf3.o)
                0x08000424                __aeabi_drsub
                0x0800042c                __aeabi_dsub
                0x0800042c                __subdf3
                0x08000430                __aeabi_dadd
                0x08000430                __adddf3
                0x080006a8                __floatunsidf
                0x080006a8                __aeabi_ui2d
                0x080006c8                __floatsidf
                0x080006c8                __aeabi_i2d
                0x080006ec                __aeabi_f2d
                0x080006ec                __extendsfdf2
                0x08000730                __floatundidf
                0x08000730                __aeabi_ul2d
                0x08000740                __floatdidf
                0x08000740                __aeabi_l2d
 .text          0x0800079c       0x40 c:/sysgcc/arm-eabi/bin/../lib/gcc/arm-none-eabi/9.2.1/thumb/v7e-m+fp/hard\libgcc.a(_arm_fixunsdfsi.o)
                0x0800079c                __aeabi_d2uiz
                0x0800079c                __fixunsdfsi
 .text          0x080007dc       0x30 c:/sysgcc/arm-eabi/bin/../lib/gcc/arm-none-eabi/9.2.1/thumb/v7e-m+fp/hard\libgcc.a(_aeabi_uldivmod.o)
                0x080007dc                __aeabi_uldivmod
 .text          0x0800080c      0x2c4 c:/sysgcc/arm-eabi/bin/../lib/gcc/arm-none-eabi/9.2.1/thumb/v7e-m+fp/hard\libgcc.a(_udivmoddi4.o)
                0x0800080c                __udivmoddi4
 .text          0x08000ad0        0x4 c:/sysgcc/arm-eabi/bin/../lib/gcc/arm-none-eabi/9.2.1/thumb/v7e-m+fp/hard\libgcc.a(_dvmd_tls.o)
                0x08000ad0                __aeabi_idiv0
                0x08000ad0                __aeabi_ldiv0
 *(.text*)
 .text.NormalMode
                0x08000ad4       0x6a VisualGDB/Debug/Attitude.o
                0x08000ad4                NormalMode
 .text.PitchMode
                0x08000b3e       0x76 VisualGDB/Debug/Attitude.o
                0x08000b3e                PitchMode
 .text.RowMode  0x08000bb4       0x76 VisualGDB/Debug/Attitude.o
                0x08000bb4                RowMode
 .text.MixMode  0x08000c2a       0x3e VisualGDB/Debug/Attitude.o
                0x08000c2a                MixMode
 .text.DeepAnalyze
                0x08000c68      0x5e8 VisualGDB/Debug/Attitude.o
                0x08000c68                DeepAnalyze
 .text.AttitudePoint
                0x08001250       0xa8 VisualGDB/Debug/Attitude.o
                0x08001250                AttitudePoint
 .text.AttitudeTake
                0x080012f8      0x174 VisualGDB/Debug/Attitude.o
                0x080012f8                AttitudeTake
 .text.FFOrientMove
                0x0800146c        0xe VisualGDB/Debug/Auto.o
                0x0800146c                FFOrientMove
 .text.FFDeepkeepingMove
                0x0800147a        0xe VisualGDB/Debug/Auto.o
                0x0800147a                FFDeepkeepingMove
 .text.SOrientMove
                0x08001488        0xe VisualGDB/Debug/Auto.o
                0x08001488                SOrientMove
 .text.SDeepkeepingMove
                0x08001496        0xe VisualGDB/Debug/Auto.o
                0x08001496                SDeepkeepingMove
 .text.EOrientMove
                0x080014a4        0xe VisualGDB/Debug/Auto.o
                0x080014a4                EOrientMove
 .text.EDeepkeepingMove
                0x080014b2        0xe VisualGDB/Debug/Auto.o
                0x080014b2                EDeepkeepingMove
 .text.BasicPoint
                0x080014c0      0x19c VisualGDB/Debug/BasicCtrl.o
                0x080014c0                BasicPoint
 .text.BasicControl
                0x0800165c      0x164 VisualGDB/Debug/BasicCtrl.o
                0x0800165c                BasicControl
 .text.FFMove   0x080017c0      0x1e8 VisualGDB/Debug/BasicCtrl.o
                0x080017c0                FFMove
 .text.SixMove  0x080019a8       0x14 VisualGDB/Debug/BasicCtrl.o
                0x080019a8                SixMove
 .text.EightMove
                0x080019bc       0x14 VisualGDB/Debug/BasicCtrl.o
                0x080019bc                EightMove
 .text.MoveDataAnalyze
                0x080019d0      0x1c0 VisualGDB/Debug/BasicCtrl.o
                0x080019d0                MoveDataAnalyze
 .text.PassBack
                0x08001b90      0x108 VisualGDB/Debug/BasicCtrl.o
                0x08001b90                PassBack
 .text.XorCaculate
                0x08001c98       0x42 VisualGDB/Debug/BasicCtrl.o
                0x08001c98                XorCaculate
 *fill*         0x08001cda        0x2 
 .text.DisWarning
                0x08001cdc       0xb8 VisualGDB/Debug/Display.o
                0x08001cdc                DisWarning
 .text.DisAttitude
                0x08001d94      0x308 VisualGDB/Debug/Display.o
                0x08001d94                DisAttitude
 .text.DisPower
                0x0800209c       0xe4 VisualGDB/Debug/Display.o
                0x0800209c                DisPower
 .text.vApplicationGetIdleTaskMemory
                0x08002180       0x34 VisualGDB/Debug/freertos.o
                0x08002180                vApplicationGetIdleTaskMemory
 .text.NMI_Handler
                0x080021b4        0xe VisualGDB/Debug/stm32f4xx_it.o
                0x080021b4                NMI_Handler
 .text.MemManage_Handler
                0x080021c2        0x6 VisualGDB/Debug/stm32f4xx_it.o
                0x080021c2                MemManage_Handler
 .text.BusFault_Handler
                0x080021c8        0x6 VisualGDB/Debug/stm32f4xx_it.o
                0x080021c8                BusFault_Handler
 .text.UsageFault_Handler
                0x080021ce        0x6 VisualGDB/Debug/stm32f4xx_it.o
                0x080021ce                UsageFault_Handler
 .text.DebugMon_Handler
                0x080021d4        0xe VisualGDB/Debug/stm32f4xx_it.o
                0x080021d4                DebugMon_Handler
 *fill*         0x080021e2        0x2 
 .text.DMA1_Stream0_IRQHandler
                0x080021e4       0x14 VisualGDB/Debug/stm32f4xx_it.o
                0x080021e4                DMA1_Stream0_IRQHandler
 .text.DMA1_Stream1_IRQHandler
                0x080021f8       0x14 VisualGDB/Debug/stm32f4xx_it.o
                0x080021f8                DMA1_Stream1_IRQHandler
 .text.DMA1_Stream2_IRQHandler
                0x0800220c       0x14 VisualGDB/Debug/stm32f4xx_it.o
                0x0800220c                DMA1_Stream2_IRQHandler
 .text.DMA1_Stream3_IRQHandler
                0x08002220       0x14 VisualGDB/Debug/stm32f4xx_it.o
                0x08002220                DMA1_Stream3_IRQHandler
 .text.DMA1_Stream4_IRQHandler
                0x08002234       0x14 VisualGDB/Debug/stm32f4xx_it.o
                0x08002234                DMA1_Stream4_IRQHandler
 .text.DMA1_Stream5_IRQHandler
                0x08002248       0x14 VisualGDB/Debug/stm32f4xx_it.o
                0x08002248                DMA1_Stream5_IRQHandler
 .text.DMA1_Stream6_IRQHandler
                0x0800225c       0x14 VisualGDB/Debug/stm32f4xx_it.o
                0x0800225c                DMA1_Stream6_IRQHandler
 .text.TIM1_UP_TIM10_IRQHandler
                0x08002270       0x1c VisualGDB/Debug/stm32f4xx_it.o
                0x08002270                TIM1_UP_TIM10_IRQHandler
 .text.USART1_IRQHandler
                0x0800228c       0xfc VisualGDB/Debug/stm32f4xx_it.o
                0x0800228c                USART1_IRQHandler
 .text.USART2_IRQHandler
                0x08002388       0x14 VisualGDB/Debug/stm32f4xx_it.o
                0x08002388                USART2_IRQHandler
 .text.USART3_IRQHandler
                0x0800239c       0xd0 VisualGDB/Debug/stm32f4xx_it.o
                0x0800239c                USART3_IRQHandler
 .text.DMA1_Stream7_IRQHandler
                0x0800246c       0x14 VisualGDB/Debug/stm32f4xx_it.o
                0x0800246c                DMA1_Stream7_IRQHandler
 .text.UART4_IRQHandler
                0x08002480      0x120 VisualGDB/Debug/stm32f4xx_it.o
                0x08002480                UART4_IRQHandler
 .text.UART5_IRQHandler
                0x080025a0       0x14 VisualGDB/Debug/stm32f4xx_it.o
                0x080025a0                UART5_IRQHandler
 .text.TIM7_IRQHandler
                0x080025b4      0x100 VisualGDB/Debug/stm32f4xx_it.o
                0x080025b4                TIM7_IRQHandler
 .text.DMA2_Stream0_IRQHandler
                0x080026b4       0x14 VisualGDB/Debug/stm32f4xx_it.o
                0x080026b4                DMA2_Stream0_IRQHandler
 .text.DMA2_Stream1_IRQHandler
                0x080026c8       0x14 VisualGDB/Debug/stm32f4xx_it.o
                0x080026c8                DMA2_Stream1_IRQHandler
 .text.DMA2_Stream2_IRQHandler
                0x080026dc       0x14 VisualGDB/Debug/stm32f4xx_it.o
                0x080026dc                DMA2_Stream2_IRQHandler
 .text.DMA2_Stream6_IRQHandler
                0x080026f0       0x14 VisualGDB/Debug/stm32f4xx_it.o
                0x080026f0                DMA2_Stream6_IRQHandler
 .text.DMA2_Stream7_IRQHandler
                0x08002704       0x14 VisualGDB/Debug/stm32f4xx_it.o
                0x08002704                DMA2_Stream7_IRQHandler
 .text.USART6_IRQHandler
                0x08002718       0x14 VisualGDB/Debug/stm32f4xx_it.o
                0x08002718                USART6_IRQHandler
 .text.HAL_MspInit
                0x0800272c       0x58 VisualGDB/Debug/stm32f4xx_hal_msp.o
                0x0800272c                HAL_MspInit
 .text.HAL_ADC_MspInit
                0x08002784       0xf0 VisualGDB/Debug/stm32f4xx_hal_msp.o
                0x08002784                HAL_ADC_MspInit
 .text.HAL_TIM_Base_MspInit
                0x08002874      0x10c VisualGDB/Debug/stm32f4xx_hal_msp.o
                0x08002874                HAL_TIM_Base_MspInit
 .text.HAL_TIM_MspPostInit
                0x08002980      0x19c VisualGDB/Debug/stm32f4xx_hal_msp.o
                0x08002980                HAL_TIM_MspPostInit
 .text.HAL_UART_MspInit
                0x08002b1c      0x81c VisualGDB/Debug/stm32f4xx_hal_msp.o
                0x08002b1c                HAL_UART_MspInit
 .text.HAL_InitTick
                0x08003338       0xb4 VisualGDB/Debug/stm32f4xx_hal_timebase_tim.o
                0x08003338                HAL_InitTick
 .text.main     0x080033ec      0x1d8 VisualGDB/Debug/main.o
                0x080033ec                main
 .text.SystemClock_Config
                0x080035c4       0xd8 VisualGDB/Debug/main.o
                0x080035c4                SystemClock_Config
 .text.MX_ADC1_Init
                0x0800369c      0x130 VisualGDB/Debug/main.o
 .text.MX_IWDG_Init
                0x080037cc       0x34 VisualGDB/Debug/main.o
 .text.MX_TIM1_Init
                0x08003800      0x18c VisualGDB/Debug/main.o
 .text.MX_TIM2_Init
                0x0800398c      0x130 VisualGDB/Debug/main.o
 .text.MX_TIM3_Init
                0x08003abc      0x11c VisualGDB/Debug/main.o
 .text.MX_TIM7_Init
                0x08003bd8       0x6c VisualGDB/Debug/main.o
 .text.MX_TIM14_Init
                0x08003c44       0x9c VisualGDB/Debug/main.o
 .text.MX_UART4_Init
                0x08003ce0       0x54 VisualGDB/Debug/main.o
 .text.MX_UART5_Init
                0x08003d34       0x54 VisualGDB/Debug/main.o
 .text.MX_USART1_UART_Init
                0x08003d88       0x54 VisualGDB/Debug/main.o
 .text.MX_USART2_UART_Init
                0x08003ddc       0x54 VisualGDB/Debug/main.o
 .text.MX_USART3_UART_Init
                0x08003e30       0x54 VisualGDB/Debug/main.o
 .text.MX_USART6_UART_Init
                0x08003e84       0x54 VisualGDB/Debug/main.o
 .text.MX_DMA_Init
                0x08003ed8      0x11c VisualGDB/Debug/main.o
 .text.MX_GPIO_Init
                0x08003ff4       0xc0 VisualGDB/Debug/main.o
 *fill*         0x080040b4        0x4 
 .text.CtrlTask
                0x080040b8      0x128 VisualGDB/Debug/main.o
                0x080040b8                CtrlTask
 .text.DisTask  0x080041e0      0x104 VisualGDB/Debug/main.o
                0x080041e0                DisTask
 .text.WDTask   0x080042e4       0x70 VisualGDB/Debug/main.o
                0x080042e4                WDTask
 .text.AttTask  0x08004354       0x78 VisualGDB/Debug/main.o
                0x08004354                AttTask
 .text.EmpTask  0x080043cc       0x14 VisualGDB/Debug/main.o
                0x080043cc                EmpTask
 .text.AutoTask
                0x080043e0       0x1c VisualGDB/Debug/main.o
                0x080043e0                AutoTask
 .text.InitTask
                0x080043fc      0x1d8 VisualGDB/Debug/main.o
                0x080043fc                InitTask
 .text.SWTask   0x080045d4       0xa8 VisualGDB/Debug/main.o
                0x080045d4                SWTask
 .text.HAL_TIM_PeriodElapsedCallback
                0x0800467c       0x24 VisualGDB/Debug/main.o
                0x0800467c                HAL_TIM_PeriodElapsedCallback
 .text.Error_Handler
                0x080046a0        0xe VisualGDB/Debug/main.o
                0x080046a0                Error_Handler
 *fill*         0x080046ae        0x2 
 .text.SystemInit
                0x080046b0       0x2c VisualGDB/Debug/system_stm32f4xx.o
                0x080046b0                SystemInit
 .text.HAL_Init
                0x080046dc       0x44 VisualGDB/Debug/stm32f4xx_hal.o
                0x080046dc                HAL_Init
 .text.HAL_IncTick
                0x08004720       0x28 VisualGDB/Debug/stm32f4xx_hal.o
                0x08004720                HAL_IncTick
 .text.HAL_GetTick
                0x08004748       0x18 VisualGDB/Debug/stm32f4xx_hal.o
                0x08004748                HAL_GetTick
 .text.HAL_ADC_Init
                0x08004760       0x86 VisualGDB/Debug/stm32f4xx_hal_adc.o
                0x08004760                HAL_ADC_Init
 *fill*         0x080047e6        0x2 
 .text.HAL_ADC_Start_DMA
                0x080047e8      0x1e4 VisualGDB/Debug/stm32f4xx_hal_adc.o
                0x080047e8                HAL_ADC_Start_DMA
 .text.HAL_ADC_ConvCpltCallback
                0x080049cc       0x14 VisualGDB/Debug/stm32f4xx_hal_adc.o
                0x080049cc                HAL_ADC_ConvCpltCallback
 .text.HAL_ADC_ConvHalfCpltCallback
                0x080049e0       0x14 VisualGDB/Debug/stm32f4xx_hal_adc.o
                0x080049e0                HAL_ADC_ConvHalfCpltCallback
 .text.HAL_ADC_ErrorCallback
                0x080049f4       0x14 VisualGDB/Debug/stm32f4xx_hal_adc.o
                0x080049f4                HAL_ADC_ErrorCallback
 .text.HAL_ADC_ConfigChannel
                0x08004a08      0x244 VisualGDB/Debug/stm32f4xx_hal_adc.o
                0x08004a08                HAL_ADC_ConfigChannel
 .text.ADC_Init
                0x08004c4c      0x1f8 VisualGDB/Debug/stm32f4xx_hal_adc.o
 .text.ADC_DMAConvCplt
                0x08004e44       0xba VisualGDB/Debug/stm32f4xx_hal_adc.o
 .text.ADC_DMAHalfConvCplt
                0x08004efe       0x1c VisualGDB/Debug/stm32f4xx_hal_adc.o
 .text.ADC_DMAError
                0x08004f1a       0x2e VisualGDB/Debug/stm32f4xx_hal_adc.o
 .text.HAL_UART_Init
                0x08004f48       0x9a VisualGDB/Debug/stm32f4xx_hal_uart.o
                0x08004f48                HAL_UART_Init
 *fill*         0x08004fe2        0x2 
 .text.HAL_UART_Transmit_DMA
                0x08004fe4       0xd8 VisualGDB/Debug/stm32f4xx_hal_uart.o
                0x08004fe4                HAL_UART_Transmit_DMA
 .text.HAL_UART_Receive_DMA
                0x080050bc      0x100 VisualGDB/Debug/stm32f4xx_hal_uart.o
                0x080050bc                HAL_UART_Receive_DMA
 .text.HAL_UART_DMAStop
                0x080051bc       0xb6 VisualGDB/Debug/stm32f4xx_hal_uart.o
                0x080051bc                HAL_UART_DMAStop
 *fill*         0x08005272        0x2 
 .text.HAL_UART_IRQHandler
                0x08005274      0x200 VisualGDB/Debug/stm32f4xx_hal_uart.o
                0x08005274                HAL_UART_IRQHandler
 .text.HAL_UART_TxCpltCallback
                0x08005474       0x14 VisualGDB/Debug/stm32f4xx_hal_uart.o
                0x08005474                HAL_UART_TxCpltCallback
 .text.HAL_UART_TxHalfCpltCallback
                0x08005488       0x14 VisualGDB/Debug/stm32f4xx_hal_uart.o
                0x08005488                HAL_UART_TxHalfCpltCallback
 .text.HAL_UART_RxCpltCallback
                0x0800549c       0x14 VisualGDB/Debug/stm32f4xx_hal_uart.o
                0x0800549c                HAL_UART_RxCpltCallback
 .text.HAL_UART_RxHalfCpltCallback
                0x080054b0       0x14 VisualGDB/Debug/stm32f4xx_hal_uart.o
                0x080054b0                HAL_UART_RxHalfCpltCallback
 .text.HAL_UART_ErrorCallback
                0x080054c4       0x14 VisualGDB/Debug/stm32f4xx_hal_uart.o
                0x080054c4                HAL_UART_ErrorCallback
 .text.UART_DMATransmitCplt
                0x080054d8       0x52 VisualGDB/Debug/stm32f4xx_hal_uart.o
 .text.UART_DMATxHalfCplt
                0x0800552a       0x1c VisualGDB/Debug/stm32f4xx_hal_uart.o
 .text.UART_DMAReceiveCplt
                0x08005546       0x68 VisualGDB/Debug/stm32f4xx_hal_uart.o
 .text.UART_DMARxHalfCplt
                0x080055ae       0x1c VisualGDB/Debug/stm32f4xx_hal_uart.o
 .text.UART_DMAError
                0x080055ca       0x94 VisualGDB/Debug/stm32f4xx_hal_uart.o
 .text.UART_EndTxTransfer
                0x0800565e       0x2c VisualGDB/Debug/stm32f4xx_hal_uart.o
 .text.UART_EndRxTransfer
                0x0800568a       0x3c VisualGDB/Debug/stm32f4xx_hal_uart.o
 .text.UART_DMAAbortOnError
                0x080056c6       0x28 VisualGDB/Debug/stm32f4xx_hal_uart.o
 .text.UART_Transmit_IT
                0x080056ee       0xac VisualGDB/Debug/stm32f4xx_hal_uart.o
 .text.UART_EndTransmit_IT
                0x0800579a       0x30 VisualGDB/Debug/stm32f4xx_hal_uart.o
 .text.UART_Receive_IT
                0x080057ca      0x102 VisualGDB/Debug/stm32f4xx_hal_uart.o
 .text.UART_SetConfig
                0x080058cc      0x738 VisualGDB/Debug/stm32f4xx_hal_uart.o
 .text.HAL_GPIO_Init
                0x08006004      0x338 VisualGDB/Debug/stm32f4xx_hal_gpio.o
                0x08006004                HAL_GPIO_Init
 .text.vListInitialise
                0x0800633c       0x40 VisualGDB/Debug/list.o
                0x0800633c                vListInitialise
 .text.vListInitialiseItem
                0x0800637c       0x1a VisualGDB/Debug/list.o
                0x0800637c                vListInitialiseItem
 .text.vListInsertEnd
                0x08006396       0x48 VisualGDB/Debug/list.o
                0x08006396                vListInsertEnd
 .text.vListInsert
                0x080063de       0x72 VisualGDB/Debug/list.o
                0x080063de                vListInsert
 .text.uxListRemove
                0x08006450       0x54 VisualGDB/Debug/list.o
                0x08006450                uxListRemove
 .text.xTaskCreateStatic
                0x080064a4       0xb8 VisualGDB/Debug/tasks.o
                0x080064a4                xTaskCreateStatic
 .text.xTaskCreate
                0x0800655c       0x8a VisualGDB/Debug/tasks.o
                0x0800655c                xTaskCreate
 .text.prvInitialiseNewTask
                0x080065e6       0xfe VisualGDB/Debug/tasks.o
 .text.prvAddNewTaskToReadyList
                0x080066e4       0xd4 VisualGDB/Debug/tasks.o
 .text.vTaskDelay
                0x080067b8       0x68 VisualGDB/Debug/tasks.o
                0x080067b8                vTaskDelay
 .text.vTaskSuspend
                0x08006820      0x124 VisualGDB/Debug/tasks.o
                0x08006820                vTaskSuspend
 .text.prvTaskIsTaskSuspended
                0x08006944       0x78 VisualGDB/Debug/tasks.o
 .text.vTaskResume
                0x080069bc       0xbc VisualGDB/Debug/tasks.o
                0x080069bc                vTaskResume
 .text.vTaskStartScheduler
                0x08006a78       0xc0 VisualGDB/Debug/tasks.o
                0x08006a78                vTaskStartScheduler
 .text.vTaskSuspendAll
                0x08006b38       0x1c VisualGDB/Debug/tasks.o
                0x08006b38                vTaskSuspendAll
 .text.xTaskResumeAll
                0x08006b54      0x138 VisualGDB/Debug/tasks.o
                0x08006b54                xTaskResumeAll
 .text.xTaskIncrementTick
                0x08006c8c      0x17c VisualGDB/Debug/tasks.o
                0x08006c8c                xTaskIncrementTick
 .text.vTaskSwitchContext
                0x08006e08       0xb8 VisualGDB/Debug/tasks.o
                0x08006e08                vTaskSwitchContext
 .text.prvIdleTask
                0x08006ec0       0x30 VisualGDB/Debug/tasks.o
 .text.prvInitialiseTaskLists
                0x08006ef0       0x80 VisualGDB/Debug/tasks.o
 .text.prvCheckTasksWaitingTermination
                0x08006f70       0x5c VisualGDB/Debug/tasks.o
 .text.prvDeleteTCB
                0x08006fcc       0x5e VisualGDB/Debug/tasks.o
 *fill*         0x0800702a        0x2 
 .text.prvResetNextTaskUnblockTime
                0x0800702c       0x4c VisualGDB/Debug/tasks.o
 .text.prvAddCurrentTaskToDelayedList
                0x08007078       0xcc VisualGDB/Debug/tasks.o
 .text.pvPortMalloc
                0x08007144      0x188 VisualGDB/Debug/heap_4.o
                0x08007144                pvPortMalloc
 .text.vPortFree
                0x080072cc       0xb4 VisualGDB/Debug/heap_4.o
                0x080072cc                vPortFree
 .text.prvHeapInit
                0x08007380       0xc4 VisualGDB/Debug/heap_4.o
 .text.prvInsertBlockIntoFreeList
                0x08007444       0xb4 VisualGDB/Debug/heap_4.o
 .text.pxPortInitialiseStack
                0x080074f8       0x68 VisualGDB/Debug/port.o
                0x080074f8                pxPortInitialiseStack
 .text.prvTaskExitError
                0x08007560       0x58 VisualGDB/Debug/port.o
 *fill*         0x080075b8        0x8 
 .text.SVC_Handler
                0x080075c0       0x28 VisualGDB/Debug/port.o
                0x080075c0                SVC_Handler
 .text.prvPortStartFirstTask
                0x080075e8       0x28 VisualGDB/Debug/port.o
 .text.xPortStartScheduler
                0x08007610      0x144 VisualGDB/Debug/port.o
                0x08007610                xPortStartScheduler
 .text.vPortEnterCritical
                0x08007754       0x60 VisualGDB/Debug/port.o
                0x08007754                vPortEnterCritical
 .text.vPortExitCritical
                0x080077b4       0x54 VisualGDB/Debug/port.o
                0x080077b4                vPortExitCritical
 *fill*         0x08007808        0x8 
 .text.PendSV_Handler
                0x08007810       0x68 VisualGDB/Debug/port.o
                0x08007810                PendSV_Handler
 .text.SysTick_Handler
                0x08007878       0x44 VisualGDB/Debug/port.o
                0x08007878                SysTick_Handler
 .text.vPortSetupTimerInterrupt
                0x080078bc       0x48 VisualGDB/Debug/port.o
                0x080078bc                vPortSetupTimerInterrupt
 .text.vPortEnableVFP
                0x08007904       0x14 VisualGDB/Debug/port.o
 .text.makeFreeRtosPriority
                0x08007918       0x30 VisualGDB/Debug/cmsis_os.o
 .text.osKernelStart
                0x08007948        0xe VisualGDB/Debug/cmsis_os.o
                0x08007948                osKernelStart
 .text.osThreadCreate
                0x08007956       0x98 VisualGDB/Debug/cmsis_os.o
                0x08007956                osThreadCreate
 .text.osDelay  0x080079ee       0x28 VisualGDB/Debug/cmsis_os.o
                0x080079ee                osDelay
 .text.HAL_IWDG_Init
                0x08007a16       0x72 VisualGDB/Debug/stm32f4xx_hal_iwdg.o
                0x08007a16                HAL_IWDG_Init
 .text.HAL_IWDG_Refresh
                0x08007a88       0x20 VisualGDB/Debug/stm32f4xx_hal_iwdg.o
                0x08007a88                HAL_IWDG_Refresh
 .text.HAL_RCC_OscConfig
                0x08007aa8      0x4e0 VisualGDB/Debug/stm32f4xx_hal_rcc.o
                0x08007aa8                HAL_RCC_OscConfig
 .text.HAL_RCC_ClockConfig
                0x08007f88      0x1cc VisualGDB/Debug/stm32f4xx_hal_rcc.o
                0x08007f88                HAL_RCC_ClockConfig
 .text.HAL_RCC_GetSysClockFreq
                0x08008154      0x1c4 VisualGDB/Debug/stm32f4xx_hal_rcc.o
                0x08008154                HAL_RCC_GetSysClockFreq
 .text.HAL_RCC_GetHCLKFreq
                0x08008318       0x18 VisualGDB/Debug/stm32f4xx_hal_rcc.o
                0x08008318                HAL_RCC_GetHCLKFreq
 .text.HAL_RCC_GetPCLK1Freq
                0x08008330       0x28 VisualGDB/Debug/stm32f4xx_hal_rcc.o
                0x08008330                HAL_RCC_GetPCLK1Freq
 .text.HAL_RCC_GetPCLK2Freq
                0x08008358       0x28 VisualGDB/Debug/stm32f4xx_hal_rcc.o
                0x08008358                HAL_RCC_GetPCLK2Freq
 .text.HAL_RCC_GetClockConfig
                0x08008380       0x64 VisualGDB/Debug/stm32f4xx_hal_rcc.o
                0x08008380                HAL_RCC_GetClockConfig
 .text.__NVIC_SetPriorityGrouping
                0x080083e4       0x48 VisualGDB/Debug/stm32f4xx_hal_cortex.o
 .text.__NVIC_GetPriorityGrouping
                0x0800842c       0x1c VisualGDB/Debug/stm32f4xx_hal_cortex.o
 .text.__NVIC_EnableIRQ
                0x08008448       0x3c VisualGDB/Debug/stm32f4xx_hal_cortex.o
 .text.__NVIC_SetPriority
                0x08008484       0x54 VisualGDB/Debug/stm32f4xx_hal_cortex.o
 .text.NVIC_EncodePriority
                0x080084d8       0x66 VisualGDB/Debug/stm32f4xx_hal_cortex.o
 .text.HAL_NVIC_SetPriorityGrouping
                0x0800853e       0x16 VisualGDB/Debug/stm32f4xx_hal_cortex.o
                0x0800853e                HAL_NVIC_SetPriorityGrouping
 .text.HAL_NVIC_SetPriority
                0x08008554       0x38 VisualGDB/Debug/stm32f4xx_hal_cortex.o
                0x08008554                HAL_NVIC_SetPriority
 .text.HAL_NVIC_EnableIRQ
                0x0800858c       0x1c VisualGDB/Debug/stm32f4xx_hal_cortex.o
                0x0800858c                HAL_NVIC_EnableIRQ
 .text.HAL_TIM_Base_Init
                0x080085a8       0x56 VisualGDB/Debug/stm32f4xx_hal_tim.o
                0x080085a8                HAL_TIM_Base_Init
 .text.HAL_TIM_Base_Start_IT
                0x080085fe       0x48 VisualGDB/Debug/stm32f4xx_hal_tim.o
                0x080085fe                HAL_TIM_Base_Start_IT
 .text.HAL_TIM_PWM_Init
                0x08008646       0x56 VisualGDB/Debug/stm32f4xx_hal_tim.o
                0x08008646                HAL_TIM_PWM_Init
 .text.HAL_TIM_PWM_MspInit
                0x0800869c       0x14 VisualGDB/Debug/stm32f4xx_hal_tim.o
                0x0800869c                HAL_TIM_PWM_MspInit
 .text.HAL_TIM_PWM_Start
                0x080086b0       0x7c VisualGDB/Debug/stm32f4xx_hal_tim.o
                0x080086b0                HAL_TIM_PWM_Start
 .text.HAL_TIM_IRQHandler
                0x0800872c      0x210 VisualGDB/Debug/stm32f4xx_hal_tim.o
                0x0800872c                HAL_TIM_IRQHandler
 .text.HAL_TIM_PWM_ConfigChannel
                0x0800893c      0x18c VisualGDB/Debug/stm32f4xx_hal_tim.o
                0x0800893c                HAL_TIM_PWM_ConfigChannel
 .text.HAL_TIM_ConfigClockSource
                0x08008ac8      0x188 VisualGDB/Debug/stm32f4xx_hal_tim.o
                0x08008ac8                HAL_TIM_ConfigClockSource
 .text.HAL_TIM_OC_DelayElapsedCallback
                0x08008c50       0x14 VisualGDB/Debug/stm32f4xx_hal_tim.o
                0x08008c50                HAL_TIM_OC_DelayElapsedCallback
 .text.HAL_TIM_IC_CaptureCallback
                0x08008c64       0x14 VisualGDB/Debug/stm32f4xx_hal_tim.o
                0x08008c64                HAL_TIM_IC_CaptureCallback
 .text.HAL_TIM_PWM_PulseFinishedCallback
                0x08008c78       0x14 VisualGDB/Debug/stm32f4xx_hal_tim.o
                0x08008c78                HAL_TIM_PWM_PulseFinishedCallback
 .text.HAL_TIM_TriggerCallback
                0x08008c8c       0x14 VisualGDB/Debug/stm32f4xx_hal_tim.o
                0x08008c8c                HAL_TIM_TriggerCallback
 .text.TIM_Base_SetConfig
                0x08008ca0      0x140 VisualGDB/Debug/stm32f4xx_hal_tim.o
                0x08008ca0                TIM_Base_SetConfig
 .text.TIM_OC1_SetConfig
                0x08008de0       0xe0 VisualGDB/Debug/stm32f4xx_hal_tim.o
 .text.TIM_OC2_SetConfig
                0x08008ec0       0xec VisualGDB/Debug/stm32f4xx_hal_tim.o
                0x08008ec0                TIM_OC2_SetConfig
 .text.TIM_OC3_SetConfig
                0x08008fac       0xe8 VisualGDB/Debug/stm32f4xx_hal_tim.o
 .text.TIM_OC4_SetConfig
                0x08009094       0xac VisualGDB/Debug/stm32f4xx_hal_tim.o
 .text.TIM_TI1_ConfigInputStage
                0x08009140       0x5e VisualGDB/Debug/stm32f4xx_hal_tim.o
 .text.TIM_TI2_ConfigInputStage
                0x0800919e       0x60 VisualGDB/Debug/stm32f4xx_hal_tim.o
 .text.TIM_ITRx_SetConfig
                0x080091fe       0x36 VisualGDB/Debug/stm32f4xx_hal_tim.o
 .text.TIM_ETR_SetConfig
                0x08009234       0x40 VisualGDB/Debug/stm32f4xx_hal_tim.o
                0x08009234                TIM_ETR_SetConfig
 .text.TIM_CCxChannelCmd
                0x08009274       0x4a VisualGDB/Debug/stm32f4xx_hal_tim.o
                0x08009274                TIM_CCxChannelCmd
 *fill*         0x080092be        0x2 
 .text.HAL_TIMEx_MasterConfigSynchronization
                0x080092c0       0xf8 VisualGDB/Debug/stm32f4xx_hal_tim_ex.o
                0x080092c0                HAL_TIMEx_MasterConfigSynchronization
 .text.HAL_TIMEx_ConfigBreakDeadTime
                0x080093b8       0xa4 VisualGDB/Debug/stm32f4xx_hal_tim_ex.o
                0x080093b8                HAL_TIMEx_ConfigBreakDeadTime
 .text.HAL_TIMEx_CommutCallback
                0x0800945c       0x14 VisualGDB/Debug/stm32f4xx_hal_tim_ex.o
                0x0800945c                HAL_TIMEx_CommutCallback
 .text.HAL_TIMEx_BreakCallback
                0x08009470       0x14 VisualGDB/Debug/stm32f4xx_hal_tim_ex.o
                0x08009470                HAL_TIMEx_BreakCallback
 .text.HAL_DMA_Init
                0x08009484      0x15c VisualGDB/Debug/stm32f4xx_hal_dma.o
                0x08009484                HAL_DMA_Init
 .text.HAL_DMA_Start_IT
                0x080095e0       0xb0 VisualGDB/Debug/stm32f4xx_hal_dma.o
                0x080095e0                HAL_DMA_Start_IT
 .text.HAL_DMA_Abort
                0x08009690       0xe0 VisualGDB/Debug/stm32f4xx_hal_dma.o
                0x08009690                HAL_DMA_Abort
 .text.HAL_DMA_Abort_IT
                0x08009770       0x44 VisualGDB/Debug/stm32f4xx_hal_dma.o
                0x08009770                HAL_DMA_Abort_IT
 .text.HAL_DMA_IRQHandler
                0x080097b4      0x314 VisualGDB/Debug/stm32f4xx_hal_dma.o
                0x080097b4                HAL_DMA_IRQHandler
 .text.DMA_SetConfig
                0x08009ac8       0x5c VisualGDB/Debug/stm32f4xx_hal_dma.o
 .text.DMA_CalcBaseAndBitshift
                0x08009b24       0x6c VisualGDB/Debug/stm32f4xx_hal_dma.o
 .text.DMA_CheckFifoParam
                0x08009b90       0xf8 VisualGDB/Debug/stm32f4xx_hal_dma.o
 .text.HardFault_Handler
                0x08009c88        0x6 VisualGDB/Debug/startup_stm32f407xx.o
                0x08009c88                HardFault_Handler
 .text.WWDG_IRQHandler
                0x08009c8e        0x6 VisualGDB/Debug/startup_stm32f407xx.o
                0x08009c8e                WWDG_IRQHandler
 .text.PVD_IRQHandler
                0x08009c94        0x6 VisualGDB/Debug/startup_stm32f407xx.o
                0x08009c94                PVD_IRQHandler
 .text.TAMP_STAMP_IRQHandler
                0x08009c9a        0x6 VisualGDB/Debug/startup_stm32f407xx.o
                0x08009c9a                TAMP_STAMP_IRQHandler
 .text.RTC_WKUP_IRQHandler
                0x08009ca0        0x6 VisualGDB/Debug/startup_stm32f407xx.o
                0x08009ca0                RTC_WKUP_IRQHandler
 .text.FLASH_IRQHandler
                0x08009ca6        0x6 VisualGDB/Debug/startup_stm32f407xx.o
                0x08009ca6                FLASH_IRQHandler
 .text.RCC_IRQHandler
                0x08009cac        0x6 VisualGDB/Debug/startup_stm32f407xx.o
                0x08009cac                RCC_IRQHandler
 .text.EXTI0_IRQHandler
                0x08009cb2        0x6 VisualGDB/Debug/startup_stm32f407xx.o
                0x08009cb2                EXTI0_IRQHandler
 .text.EXTI1_IRQHandler
                0x08009cb8        0x6 VisualGDB/Debug/startup_stm32f407xx.o
                0x08009cb8                EXTI1_IRQHandler
 .text.EXTI2_IRQHandler
                0x08009cbe        0x6 VisualGDB/Debug/startup_stm32f407xx.o
                0x08009cbe                EXTI2_IRQHandler
 .text.EXTI3_IRQHandler
                0x08009cc4        0x6 VisualGDB/Debug/startup_stm32f407xx.o
                0x08009cc4                EXTI3_IRQHandler
 .text.EXTI4_IRQHandler
                0x08009cca        0x6 VisualGDB/Debug/startup_stm32f407xx.o
                0x08009cca                EXTI4_IRQHandler
 .text.ADC_IRQHandler
                0x08009cd0        0x6 VisualGDB/Debug/startup_stm32f407xx.o
                0x08009cd0                ADC_IRQHandler
 .text.CAN1_TX_IRQHandler
                0x08009cd6        0x6 VisualGDB/Debug/startup_stm32f407xx.o
                0x08009cd6                CAN1_TX_IRQHandler
 .text.CAN1_RX0_IRQHandler
                0x08009cdc        0x6 VisualGDB/Debug/startup_stm32f407xx.o
                0x08009cdc                CAN1_RX0_IRQHandler
 .text.CAN1_RX1_IRQHandler
                0x08009ce2        0x6 VisualGDB/Debug/startup_stm32f407xx.o
                0x08009ce2                CAN1_RX1_IRQHandler
 .text.CAN1_SCE_IRQHandler
                0x08009ce8        0x6 VisualGDB/Debug/startup_stm32f407xx.o
                0x08009ce8                CAN1_SCE_IRQHandler
 .text.EXTI9_5_IRQHandler
                0x08009cee        0x6 VisualGDB/Debug/startup_stm32f407xx.o
                0x08009cee                EXTI9_5_IRQHandler
 .text.TIM1_BRK_TIM9_IRQHandler
                0x08009cf4        0x6 VisualGDB/Debug/startup_stm32f407xx.o
                0x08009cf4                TIM1_BRK_TIM9_IRQHandler
 .text.TIM1_TRG_COM_TIM11_IRQHandler
                0x08009cfa        0x6 VisualGDB/Debug/startup_stm32f407xx.o
                0x08009cfa                TIM1_TRG_COM_TIM11_IRQHandler
 .text.TIM1_CC_IRQHandler
                0x08009d00        0x6 VisualGDB/Debug/startup_stm32f407xx.o
                0x08009d00                TIM1_CC_IRQHandler
 .text.TIM2_IRQHandler
                0x08009d06        0x6 VisualGDB/Debug/startup_stm32f407xx.o
                0x08009d06                TIM2_IRQHandler
 .text.TIM3_IRQHandler
                0x08009d0c        0x6 VisualGDB/Debug/startup_stm32f407xx.o
                0x08009d0c                TIM3_IRQHandler
 .text.TIM4_IRQHandler
                0x08009d12        0x6 VisualGDB/Debug/startup_stm32f407xx.o
                0x08009d12                TIM4_IRQHandler
 .text.I2C1_EV_IRQHandler
                0x08009d18        0x6 VisualGDB/Debug/startup_stm32f407xx.o
                0x08009d18                I2C1_EV_IRQHandler
 .text.I2C1_ER_IRQHandler
                0x08009d1e        0x6 VisualGDB/Debug/startup_stm32f407xx.o
                0x08009d1e                I2C1_ER_IRQHandler
 .text.I2C2_EV_IRQHandler
                0x08009d24        0x6 VisualGDB/Debug/startup_stm32f407xx.o
                0x08009d24                I2C2_EV_IRQHandler
 .text.I2C2_ER_IRQHandler
                0x08009d2a        0x6 VisualGDB/Debug/startup_stm32f407xx.o
                0x08009d2a                I2C2_ER_IRQHandler
 .text.SPI1_IRQHandler
                0x08009d30        0x6 VisualGDB/Debug/startup_stm32f407xx.o
                0x08009d30                SPI1_IRQHandler
 .text.SPI2_IRQHandler
                0x08009d36        0x6 VisualGDB/Debug/startup_stm32f407xx.o
                0x08009d36                SPI2_IRQHandler
 .text.EXTI15_10_IRQHandler
                0x08009d3c        0x6 VisualGDB/Debug/startup_stm32f407xx.o
                0x08009d3c                EXTI15_10_IRQHandler
 .text.RTC_Alarm_IRQHandler
                0x08009d42        0x6 VisualGDB/Debug/startup_stm32f407xx.o
                0x08009d42                RTC_Alarm_IRQHandler
 .text.OTG_FS_WKUP_IRQHandler
                0x08009d48        0x6 VisualGDB/Debug/startup_stm32f407xx.o
                0x08009d48                OTG_FS_WKUP_IRQHandler
 .text.TIM8_BRK_TIM12_IRQHandler
                0x08009d4e        0x6 VisualGDB/Debug/startup_stm32f407xx.o
                0x08009d4e                TIM8_BRK_TIM12_IRQHandler
 .text.TIM8_UP_TIM13_IRQHandler
                0x08009d54        0x6 VisualGDB/Debug/startup_stm32f407xx.o
                0x08009d54                TIM8_UP_TIM13_IRQHandler
 .text.TIM8_TRG_COM_TIM14_IRQHandler
                0x08009d5a        0x6 VisualGDB/Debug/startup_stm32f407xx.o
                0x08009d5a                TIM8_TRG_COM_TIM14_IRQHandler
 .text.TIM8_CC_IRQHandler
                0x08009d60        0x6 VisualGDB/Debug/startup_stm32f407xx.o
                0x08009d60                TIM8_CC_IRQHandler
 .text.FSMC_IRQHandler
                0x08009d66        0x6 VisualGDB/Debug/startup_stm32f407xx.o
                0x08009d66                FSMC_IRQHandler
 .text.SDIO_IRQHandler
                0x08009d6c        0x6 VisualGDB/Debug/startup_stm32f407xx.o
                0x08009d6c                SDIO_IRQHandler
 .text.TIM5_IRQHandler
                0x08009d72        0x6 VisualGDB/Debug/startup_stm32f407xx.o
                0x08009d72                TIM5_IRQHandler
 .text.SPI3_IRQHandler
                0x08009d78        0x6 VisualGDB/Debug/startup_stm32f407xx.o
                0x08009d78                SPI3_IRQHandler
 .text.TIM6_DAC_IRQHandler
                0x08009d7e        0x6 VisualGDB/Debug/startup_stm32f407xx.o
                0x08009d7e                TIM6_DAC_IRQHandler
 .text.DMA2_Stream3_IRQHandler
                0x08009d84        0x6 VisualGDB/Debug/startup_stm32f407xx.o
                0x08009d84                DMA2_Stream3_IRQHandler
 .text.DMA2_Stream4_IRQHandler
                0x08009d8a        0x6 VisualGDB/Debug/startup_stm32f407xx.o
                0x08009d8a                DMA2_Stream4_IRQHandler
 .text.ETH_IRQHandler
                0x08009d90        0x6 VisualGDB/Debug/startup_stm32f407xx.o
                0x08009d90                ETH_IRQHandler
 .text.ETH_WKUP_IRQHandler
                0x08009d96        0x6 VisualGDB/Debug/startup_stm32f407xx.o
                0x08009d96                ETH_WKUP_IRQHandler
 .text.CAN2_TX_IRQHandler
                0x08009d9c        0x6 VisualGDB/Debug/startup_stm32f407xx.o
                0x08009d9c                CAN2_TX_IRQHandler
 .text.CAN2_RX0_IRQHandler
                0x08009da2        0x6 VisualGDB/Debug/startup_stm32f407xx.o
                0x08009da2                CAN2_RX0_IRQHandler
 .text.CAN2_RX1_IRQHandler
                0x08009da8        0x6 VisualGDB/Debug/startup_stm32f407xx.o
                0x08009da8                CAN2_RX1_IRQHandler
 .text.CAN2_SCE_IRQHandler
                0x08009dae        0x6 VisualGDB/Debug/startup_stm32f407xx.o
                0x08009dae                CAN2_SCE_IRQHandler
 .text.OTG_FS_IRQHandler
                0x08009db4        0x6 VisualGDB/Debug/startup_stm32f407xx.o
                0x08009db4                OTG_FS_IRQHandler
 .text.DMA2_Stream5_IRQHandler
                0x08009dba        0x6 VisualGDB/Debug/startup_stm32f407xx.o
                0x08009dba                DMA2_Stream5_IRQHandler
 .text.I2C3_EV_IRQHandler
                0x08009dc0        0x6 VisualGDB/Debug/startup_stm32f407xx.o
                0x08009dc0                I2C3_EV_IRQHandler
 .text.I2C3_ER_IRQHandler
                0x08009dc6        0x6 VisualGDB/Debug/startup_stm32f407xx.o
                0x08009dc6                I2C3_ER_IRQHandler
 .text.OTG_HS_EP1_OUT_IRQHandler
                0x08009dcc        0x6 VisualGDB/Debug/startup_stm32f407xx.o
                0x08009dcc                OTG_HS_EP1_OUT_IRQHandler
 .text.OTG_HS_EP1_IN_IRQHandler
                0x08009dd2        0x6 VisualGDB/Debug/startup_stm32f407xx.o
                0x08009dd2                OTG_HS_EP1_IN_IRQHandler
 .text.OTG_HS_WKUP_IRQHandler
                0x08009dd8        0x6 VisualGDB/Debug/startup_stm32f407xx.o
                0x08009dd8                OTG_HS_WKUP_IRQHandler
 .text.OTG_HS_IRQHandler
                0x08009dde        0x6 VisualGDB/Debug/startup_stm32f407xx.o
                0x08009dde                OTG_HS_IRQHandler
 .text.DCMI_IRQHandler
                0x08009de4        0x6 VisualGDB/Debug/startup_stm32f407xx.o
                0x08009de4                DCMI_IRQHandler
 .text.HASH_RNG_IRQHandler
                0x08009dea        0x6 VisualGDB/Debug/startup_stm32f407xx.o
                0x08009dea                HASH_RNG_IRQHandler
 .text.FPU_IRQHandler
                0x08009df0        0x6 VisualGDB/Debug/startup_stm32f407xx.o
                0x08009df0                FPU_IRQHandler
 *fill*         0x08009df6        0x2 
 .text.Reset_Handler
                0x08009df8       0x48 VisualGDB/Debug/startup_stm32f407xx.o
                0x08009df8                Reset_Handler
 .text.__libc_init_array
                0x08009e40       0x48 c:/sysgcc/arm-eabi/bin/../lib/gcc/arm-none-eabi/9.2.1/../../../../arm-none-eabi/lib/thumb/v7e-m+fp/hard\libc_nano.a(lib_a-init.o)
                0x08009e40                __libc_init_array
 .text.malloc   0x08009e88       0x10 c:/sysgcc/arm-eabi/bin/../lib/gcc/arm-none-eabi/9.2.1/../../../../arm-none-eabi/lib/thumb/v7e-m+fp/hard\libc_nano.a(lib_a-malloc.o)
                0x08009e88                malloc
 .text.memset   0x08009e98       0x10 c:/sysgcc/arm-eabi/bin/../lib/gcc/arm-none-eabi/9.2.1/../../../../arm-none-eabi/lib/thumb/v7e-m+fp/hard\libc_nano.a(lib_a-memset.o)
                0x08009e98                memset
 .text._malloc_r
                0x08009ea8       0xb4 c:/sysgcc/arm-eabi/bin/../lib/gcc/arm-none-eabi/9.2.1/../../../../arm-none-eabi/lib/thumb/v7e-m+fp/hard\libc_nano.a(lib_a-nano-mallocr.o)
                0x08009ea8                _malloc_r
 .text._sbrk_r  0x08009f5c       0x20 c:/sysgcc/arm-eabi/bin/../lib/gcc/arm-none-eabi/9.2.1/../../../../arm-none-eabi/lib/thumb/v7e-m+fp/hard\libc_nano.a(lib_a-sbrkr.o)
                0x08009f5c                _sbrk_r
 .text.__malloc_lock
                0x08009f7c        0xc c:/sysgcc/arm-eabi/bin/../lib/gcc/arm-none-eabi/9.2.1/../../../../arm-none-eabi/lib/thumb/v7e-m+fp/hard\libc_nano.a(lib_a-mlock.o)
                0x08009f7c                __malloc_lock
 .text.__malloc_unlock
                0x08009f88        0xc c:/sysgcc/arm-eabi/bin/../lib/gcc/arm-none-eabi/9.2.1/../../../../arm-none-eabi/lib/thumb/v7e-m+fp/hard\libc_nano.a(lib_a-mlock.o)
                0x08009f88                __malloc_unlock
 .text.__retarget_lock_acquire_recursive
                0x08009f94        0x2 c:/sysgcc/arm-eabi/bin/../lib/gcc/arm-none-eabi/9.2.1/../../../../arm-none-eabi/lib/thumb/v7e-m+fp/hard\libc_nano.a(lib_a-lock.o)
                0x08009f94                __retarget_lock_acquire_recursive
 .text.__retarget_lock_release_recursive
                0x08009f96        0x2 c:/sysgcc/arm-eabi/bin/../lib/gcc/arm-none-eabi/9.2.1/../../../../arm-none-eabi/lib/thumb/v7e-m+fp/hard\libc_nano.a(lib_a-lock.o)
                0x08009f96                __retarget_lock_release_recursive
 .text._sbrk    0x08009f98       0x1c c:/sysgcc/arm-eabi/bin/../lib/gcc/arm-none-eabi/9.2.1/../../../../arm-none-eabi/lib/thumb/v7e-m+fp/hard\libnosys.a(sbrk.o)
                0x08009f98                _sbrk
 *(.rodata)
 .rodata        0x08009fb4      0x150 VisualGDB/Debug/main.o
 .rodata        0x0800a104        0x5 VisualGDB/Debug/tasks.o
 *(.rodata*)
 *fill*         0x0800a109        0x3 
 .rodata.AHBPrescTable
                0x0800a10c       0x10 VisualGDB/Debug/system_stm32f4xx.o
                0x0800a10c                AHBPrescTable
 .rodata.APBPrescTable
                0x0800a11c        0x8 VisualGDB/Debug/system_stm32f4xx.o
                0x0800a11c                APBPrescTable
 .rodata.flagBitshiftOffset.8395
                0x0800a124        0x8 VisualGDB/Debug/stm32f4xx_hal_dma.o
 *(.glue_7)
 .glue_7        0x0800a12c        0x0 linker stubs
 *(.glue_7t)
 .glue_7t       0x0800a12c        0x0 linker stubs
 *(.init)
 .init          0x0800a12c        0x4 c:/sysgcc/arm-eabi/bin/../lib/gcc/arm-none-eabi/9.2.1/thumb/v7e-m+fp/hard/crti.o
                0x0800a12c                _init
 .init          0x0800a130        0x8 c:/sysgcc/arm-eabi/bin/../lib/gcc/arm-none-eabi/9.2.1/thumb/v7e-m+fp/hard/crtn.o
 *(.fini)
 .fini          0x0800a138        0x4 c:/sysgcc/arm-eabi/bin/../lib/gcc/arm-none-eabi/9.2.1/thumb/v7e-m+fp/hard/crti.o
                0x0800a138                _fini
 .fini          0x0800a13c        0x8 c:/sysgcc/arm-eabi/bin/../lib/gcc/arm-none-eabi/9.2.1/thumb/v7e-m+fp/hard/crtn.o
                0x0800a144                . = ALIGN (0x4)
                0x0800a144                _etext = .

.eh_frame       0x0800a144        0x0
 .eh_frame      0x0800a144        0x0 c:/sysgcc/arm-eabi/bin/../lib/gcc/arm-none-eabi/9.2.1/thumb/v7e-m+fp/hard/crtbegin.o

.vfp11_veneer   0x0800a144        0x0
 .vfp11_veneer  0x0800a144        0x0 linker stubs

.v4_bx          0x0800a144        0x0
 .v4_bx         0x0800a144        0x0 linker stubs

.iplt           0x0800a144        0x0
 .iplt          0x0800a144        0x0 c:/sysgcc/arm-eabi/bin/../lib/gcc/arm-none-eabi/9.2.1/thumb/v7e-m+fp/hard/crtbegin.o

.ARM.extab      0x0800a144        0x0
                0x0800a144                . = ALIGN (0x4)
 *(.ARM.extab)
 *(.gnu.linkonce.armextab.*)
                0x0800a144                . = ALIGN (0x4)

.exidx          0x0800a144        0x8
                0x0800a144                . = ALIGN (0x4)
                [!provide]                PROVIDE (__exidx_start = .)
 *(.ARM.exidx*)
 .ARM.exidx     0x0800a144        0x8 c:/sysgcc/arm-eabi/bin/../lib/gcc/arm-none-eabi/9.2.1/thumb/v7e-m+fp/hard\libgcc.a(_udivmoddi4.o)
                0x0800a14c                . = ALIGN (0x4)
                [!provide]                PROVIDE (__exidx_end = .)

.rel.dyn        0x0800a14c        0x0
 .rel.iplt      0x0800a14c        0x0 c:/sysgcc/arm-eabi/bin/../lib/gcc/arm-none-eabi/9.2.1/thumb/v7e-m+fp/hard/crtbegin.o

.ARM.attributes
                0x0800a14c       0x30
 *(.ARM.attributes)
 .ARM.attributes
                0x0800a14c       0x1e c:/sysgcc/arm-eabi/bin/../lib/gcc/arm-none-eabi/9.2.1/thumb/v7e-m+fp/hard/crti.o
 .ARM.attributes
                0x0800a16a       0x34 c:/sysgcc/arm-eabi/bin/../lib/gcc/arm-none-eabi/9.2.1/thumb/v7e-m+fp/hard/crtbegin.o
 .ARM.attributes
                0x0800a19e       0x34 VisualGDB/Debug/Attitude.o
 .ARM.attributes
                0x0800a1d2       0x34 VisualGDB/Debug/Auto.o
 .ARM.attributes
                0x0800a206       0x34 VisualGDB/Debug/BasicCtrl.o
 .ARM.attributes
                0x0800a23a       0x34 VisualGDB/Debug/Display.o
 .ARM.attributes
                0x0800a26e       0x34 VisualGDB/Debug/freertos.o
 .ARM.attributes
                0x0800a2a2       0x34 VisualGDB/Debug/stm32f4xx_it.o
 .ARM.attributes
                0x0800a2d6       0x34 VisualGDB/Debug/stm32f4xx_hal_msp.o
 .ARM.attributes
                0x0800a30a       0x34 VisualGDB/Debug/stm32f4xx_hal_timebase_tim.o
 .ARM.attributes
                0x0800a33e       0x34 VisualGDB/Debug/main.o
 .ARM.attributes
                0x0800a372       0x34 VisualGDB/Debug/system_stm32f4xx.o
 .ARM.attributes
                0x0800a3a6       0x34 VisualGDB/Debug/stm32f4xx_hal.o
 .ARM.attributes
                0x0800a3da       0x34 VisualGDB/Debug/stm32f4xx_hal_adc.o
 .ARM.attributes
                0x0800a40e       0x34 VisualGDB/Debug/stm32f4xx_hal_uart.o
 .ARM.attributes
                0x0800a442       0x34 VisualGDB/Debug/stm32f4xx_hal_gpio.o
 .ARM.attributes
                0x0800a476       0x34 VisualGDB/Debug/list.o
 .ARM.attributes
                0x0800a4aa       0x34 VisualGDB/Debug/tasks.o
 .ARM.attributes
                0x0800a4de       0x34 VisualGDB/Debug/heap_4.o
 .ARM.attributes
                0x0800a512       0x34 VisualGDB/Debug/port.o
 .ARM.attributes
                0x0800a546       0x34 VisualGDB/Debug/cmsis_os.o
 .ARM.attributes
                0x0800a57a       0x34 VisualGDB/Debug/stm32f4xx_hal_iwdg.o
 .ARM.attributes
                0x0800a5ae       0x34 VisualGDB/Debug/stm32f4xx_hal_rcc.o
 .ARM.attributes
                0x0800a5e2       0x34 VisualGDB/Debug/stm32f4xx_hal_cortex.o
 .ARM.attributes
                0x0800a616       0x34 VisualGDB/Debug/stm32f4xx_hal_tim.o
 .ARM.attributes
                0x0800a64a       0x34 VisualGDB/Debug/stm32f4xx_hal_tim_ex.o
 .ARM.attributes
                0x0800a67e       0x34 VisualGDB/Debug/stm32f4xx_hal_dma.o
 .ARM.attributes
                0x0800a6b2       0x34 VisualGDB/Debug/startup_stm32f407xx.o
 .ARM.attributes
                0x0800a6e6       0x1e c:/sysgcc/arm-eabi/bin/../lib/gcc/arm-none-eabi/9.2.1/thumb/v7e-m+fp/hard\libgcc.a(_arm_muldf3.o)
 .ARM.attributes
                0x0800a704       0x1e c:/sysgcc/arm-eabi/bin/../lib/gcc/arm-none-eabi/9.2.1/thumb/v7e-m+fp/hard\libgcc.a(_arm_addsubdf3.o)
 .ARM.attributes
                0x0800a722       0x1e c:/sysgcc/arm-eabi/bin/../lib/gcc/arm-none-eabi/9.2.1/thumb/v7e-m+fp/hard\libgcc.a(_arm_fixunsdfsi.o)
 .ARM.attributes
                0x0800a740       0x1e c:/sysgcc/arm-eabi/bin/../lib/gcc/arm-none-eabi/9.2.1/thumb/v7e-m+fp/hard\libgcc.a(_aeabi_uldivmod.o)
 .ARM.attributes
                0x0800a75e       0x34 c:/sysgcc/arm-eabi/bin/../lib/gcc/arm-none-eabi/9.2.1/thumb/v7e-m+fp/hard\libgcc.a(_udivmoddi4.o)
 .ARM.attributes
                0x0800a792       0x1e c:/sysgcc/arm-eabi/bin/../lib/gcc/arm-none-eabi/9.2.1/thumb/v7e-m+fp/hard\libgcc.a(_dvmd_tls.o)
 .ARM.attributes
                0x0800a7b0       0x32 c:/sysgcc/arm-eabi/bin/../lib/gcc/arm-none-eabi/9.2.1/../../../../arm-none-eabi/lib/thumb/v7e-m+fp/hard\libc_nano.a(lib_a-impure.o)
 .ARM.attributes
                0x0800a7e2       0x34 c:/sysgcc/arm-eabi/bin/../lib/gcc/arm-none-eabi/9.2.1/../../../../arm-none-eabi/lib/thumb/v7e-m+fp/hard\libc_nano.a(lib_a-init.o)
 .ARM.attributes
                0x0800a816       0x34 c:/sysgcc/arm-eabi/bin/../lib/gcc/arm-none-eabi/9.2.1/../../../../arm-none-eabi/lib/thumb/v7e-m+fp/hard\libc_nano.a(lib_a-malloc.o)
 .ARM.attributes
                0x0800a84a       0x34 c:/sysgcc/arm-eabi/bin/../lib/gcc/arm-none-eabi/9.2.1/../../../../arm-none-eabi/lib/thumb/v7e-m+fp/hard\libc_nano.a(lib_a-memset.o)
 .ARM.attributes
                0x0800a87e       0x34 c:/sysgcc/arm-eabi/bin/../lib/gcc/arm-none-eabi/9.2.1/../../../../arm-none-eabi/lib/thumb/v7e-m+fp/hard\libc_nano.a(lib_a-nano-mallocr.o)
 .ARM.attributes
                0x0800a8b2       0x34 c:/sysgcc/arm-eabi/bin/../lib/gcc/arm-none-eabi/9.2.1/../../../../arm-none-eabi/lib/thumb/v7e-m+fp/hard\libc_nano.a(lib_a-sbrkr.o)
 .ARM.attributes
                0x0800a8e6       0x34 c:/sysgcc/arm-eabi/bin/../lib/gcc/arm-none-eabi/9.2.1/../../../../arm-none-eabi/lib/thumb/v7e-m+fp/hard\libc_nano.a(lib_a-mlock.o)
 .ARM.attributes
                0x0800a91a       0x34 c:/sysgcc/arm-eabi/bin/../lib/gcc/arm-none-eabi/9.2.1/../../../../arm-none-eabi/lib/thumb/v7e-m+fp/hard\libc_nano.a(lib_a-reent.o)
 .ARM.attributes
                0x0800a94e       0x34 c:/sysgcc/arm-eabi/bin/../lib/gcc/arm-none-eabi/9.2.1/../../../../arm-none-eabi/lib/thumb/v7e-m+fp/hard\libc_nano.a(lib_a-lock.o)
 .ARM.attributes
                0x0800a982       0x34 c:/sysgcc/arm-eabi/bin/../lib/gcc/arm-none-eabi/9.2.1/../../../../arm-none-eabi/lib/thumb/v7e-m+fp/hard\libnosys.a(sbrk.o)
 .ARM.attributes
                0x0800a9b6       0x1e c:/sysgcc/arm-eabi/bin/../lib/gcc/arm-none-eabi/9.2.1/thumb/v7e-m+fp/hard/crtn.o

.preinit_array  0x0800a14c        0x0
                0x0800a14c                PROVIDE (__preinit_array_start = .)
 *(.preinit_array*)
                0x0800a14c                PROVIDE (__preinit_array_end = .)

.init_array     0x0800a14c        0x4
                0x0800a14c                PROVIDE (__init_array_start = .)
 *(SORT_BY_NAME(.init_array.*))
 *(.init_array*)
 .init_array    0x0800a14c        0x4 c:/sysgcc/arm-eabi/bin/../lib/gcc/arm-none-eabi/9.2.1/thumb/v7e-m+fp/hard/crtbegin.o
                0x0800a150                PROVIDE (__init_array_end = .)

.fini_array     0x0800a150        0x4
                [!provide]                PROVIDE (__fini_array_start = .)
 *(.fini_array*)
 .fini_array    0x0800a150        0x4 c:/sysgcc/arm-eabi/bin/../lib/gcc/arm-none-eabi/9.2.1/thumb/v7e-m+fp/hard/crtbegin.o
 *(SORT_BY_NAME(.fini_array.*))
                [!provide]                PROVIDE (__fini_array_end = .)

.data           0x20000000      0x1a0 load address 0x0800a154
                0x20000000                . = ALIGN (0x4)
                0x20000000                _sdata = .
                [!provide]                PROVIDE (__data_start__ = _sdata)
 *(.data)
 *(.data*)
 .data.One      0x20000000        0x1 VisualGDB/Debug/BasicCtrl.o
 *fill*         0x20000001        0x3 
 .data.POrient  0x20000004        0x4 VisualGDB/Debug/BasicCtrl.o
                0x20000004                POrient
 .data.PDeepkeeping
                0x20000008        0x4 VisualGDB/Debug/BasicCtrl.o
                0x20000008                PDeepkeeping
 .data.PMode    0x2000000c        0x4 VisualGDB/Debug/BasicCtrl.o
                0x2000000c                PMode
 .data.PAttitude
                0x20000010        0x4 VisualGDB/Debug/BasicCtrl.o
                0x20000010                PAttitude
 .data.BasicMove
                0x20000014        0xc VisualGDB/Debug/BasicCtrl.o
                0x20000014                BasicMove
 .data.AttitudeMove
                0x20000020       0x10 VisualGDB/Debug/BasicCtrl.o
                0x20000020                AttitudeMove
 .data.OrientMove
                0x20000030        0xc VisualGDB/Debug/BasicCtrl.o
                0x20000030                OrientMove
 .data.DeepkeepingMove
                0x2000003c        0xc VisualGDB/Debug/BasicCtrl.o
                0x2000003c                DeepkeepingMove
 .data.NumChar  0x20000048       0x16 VisualGDB/Debug/Display.o
                0x20000048                NumChar
 *fill*         0x2000005e        0x2 
 .data.WarnSet  0x20000060       0x2e VisualGDB/Debug/Display.o
                0x20000060                WarnSet
 *fill*         0x2000008e        0x2 
 .data.WarnClean
                0x20000090       0x2e VisualGDB/Debug/Display.o
                0x20000090                WarnClean
 *fill*         0x200000be        0x2 
 .data.AttitudeS
                0x200000c0       0x33 VisualGDB/Debug/Display.o
                0x200000c0                AttitudeS
 *fill*         0x200000f3        0x1 
 .data.PowerS   0x200000f4       0x17 VisualGDB/Debug/Display.o
                0x200000f4                PowerS
 *fill*         0x2000010b        0x1 
 .data.MoveCCR  0x2000010c       0x20 VisualGDB/Debug/main.o
                0x2000010c                MoveCCR
 .data.SystemCoreClock
                0x2000012c        0x4 VisualGDB/Debug/system_stm32f4xx.o
                0x2000012c                SystemCoreClock
 .data.uwTickPrio
                0x20000130        0x4 VisualGDB/Debug/stm32f4xx_hal.o
                0x20000130                uwTickPrio
 .data.uwTickFreq
                0x20000134        0x1 VisualGDB/Debug/stm32f4xx_hal.o
                0x20000134                uwTickFreq
 *fill*         0x20000135        0x3 
 .data.uxCriticalNesting
                0x20000138        0x4 VisualGDB/Debug/port.o
 .data._impure_ptr
                0x2000013c        0x4 c:/sysgcc/arm-eabi/bin/../lib/gcc/arm-none-eabi/9.2.1/../../../../arm-none-eabi/lib/thumb/v7e-m+fp/hard\libc_nano.a(lib_a-impure.o)
                0x2000013c                _impure_ptr
 .data.impure_data
                0x20000140       0x60 c:/sysgcc/arm-eabi/bin/../lib/gcc/arm-none-eabi/9.2.1/../../../../arm-none-eabi/lib/thumb/v7e-m+fp/hard\libc_nano.a(lib_a-impure.o)
                0x200001a0                . = ALIGN (0x4)
                0x200001a0                _edata = .
                [!provide]                PROVIDE (__data_end__ = _edata)
                0x0800a154                _sidata = LOADADDR (.data)

.igot.plt       0x200001a0        0x0 load address 0x0800a2f4
 .igot.plt      0x200001a0        0x0 c:/sysgcc/arm-eabi/bin/../lib/gcc/arm-none-eabi/9.2.1/thumb/v7e-m+fp/hard/crtbegin.o

.bss            0x200001a0     0x49d0 load address 0x0800a2f4
                0x200001a0                . = ALIGN (0x4)
                0x200001a0                _sbss = .
                0x200001a0                PROVIDE (__bss_start__ = _sbss)
 *(.bss)
 .bss           0x200001a0       0x1c c:/sysgcc/arm-eabi/bin/../lib/gcc/arm-none-eabi/9.2.1/thumb/v7e-m+fp/hard/crtbegin.o
 *(.bss*)
 .bss.PAccPos   0x200001bc        0xc VisualGDB/Debug/Attitude.o
 .bss.PRotPos   0x200001c8        0xc VisualGDB/Debug/Attitude.o
 .bss.PEulPos   0x200001d4        0xc VisualGDB/Debug/Attitude.o
 .bss.PMagPos   0x200001e0        0xc VisualGDB/Debug/Attitude.o
 .bss.PInsTemPos
                0x200001ec       0x10 VisualGDB/Debug/Attitude.o
 .bss.Zero      0x200001fc        0x1 VisualGDB/Debug/BasicCtrl.o
 .bss.NMoveMode
                0x200001fd        0x1 VisualGDB/Debug/BasicCtrl.o
 *fill*         0x200001fe        0x2 
 .bss.PPortrait
                0x20000200        0x4 VisualGDB/Debug/BasicCtrl.o
                0x20000200                PPortrait
 .bss.PRotate   0x20000204        0x4 VisualGDB/Debug/BasicCtrl.o
                0x20000204                PRotate
 .bss.PVertical
                0x20000208        0x4 VisualGDB/Debug/BasicCtrl.o
                0x20000208                PVertical
 .bss.PROver    0x2000020c        0x4 VisualGDB/Debug/BasicCtrl.o
                0x2000020c                PROver
 .bss.PLight    0x20000210        0x4 VisualGDB/Debug/BasicCtrl.o
                0x20000210                PLight
 .bss.PPTZ      0x20000214        0x4 VisualGDB/Debug/BasicCtrl.o
                0x20000214                PPTZ
 .bss.PClip     0x20000218        0x4 VisualGDB/Debug/BasicCtrl.o
                0x20000218                PClip
 .bss.PFlip     0x2000021c        0x4 VisualGDB/Debug/BasicCtrl.o
                0x2000021c                PFlip
 .bss.PTransverse
                0x20000220        0x4 VisualGDB/Debug/BasicCtrl.o
                0x20000220                PTransverse
 .bss.PassBackString
                0x20000224        0x4 VisualGDB/Debug/BasicCtrl.o
                0x20000224                PassBackString
 .bss.PBackPower
                0x20000228        0x4 VisualGDB/Debug/BasicCtrl.o
                0x20000228                PBackPower
 .bss.PBackWarn
                0x2000022c        0x4 VisualGDB/Debug/BasicCtrl.o
                0x2000022c                PBackWarn
 .bss.PBackA    0x20000230        0xc VisualGDB/Debug/BasicCtrl.o
                0x20000230                PBackA
 .bss.PBackW    0x2000023c        0xc VisualGDB/Debug/BasicCtrl.o
                0x2000023c                PBackW
 .bss.PBackE    0x20000248        0xc VisualGDB/Debug/BasicCtrl.o
                0x20000248                PBackE
 .bss.PBackH    0x20000254        0xc VisualGDB/Debug/BasicCtrl.o
                0x20000254                PBackH
 .bss.PBackIT   0x20000260        0x4 VisualGDB/Debug/BasicCtrl.o
                0x20000260                PBackIT
 .bss.PBackWT   0x20000264        0x4 VisualGDB/Debug/BasicCtrl.o
                0x20000264                PBackWT
 .bss.PBackWD   0x20000268        0x4 VisualGDB/Debug/BasicCtrl.o
                0x20000268                PBackWD
 .bss.PBackCheck
                0x2000026c        0x4 VisualGDB/Debug/BasicCtrl.o
                0x2000026c                PBackCheck
 .bss.xIdleTaskTCBBuffer
                0x20000270       0x54 VisualGDB/Debug/freertos.o
 .bss.xIdleStack
                0x200002c4      0x200 VisualGDB/Debug/freertos.o
 .bss.RestFlag  0x200004c4        0x1 VisualGDB/Debug/stm32f4xx_it.o
 .bss.UART4EndFlag.8864
                0x200004c5        0x1 VisualGDB/Debug/stm32f4xx_it.o
 .bss.RestTimer.8883
                0x200004c6        0x1 VisualGDB/Debug/stm32f4xx_it.o
 .bss.LightClipTimer.8884
                0x200004c7        0x1 VisualGDB/Debug/stm32f4xx_it.o
 .bss.TaskBeingChangeFlag
                0x200004c8        0x1 VisualGDB/Debug/main.o
                0x200004c8                TaskBeingChangeFlag
 .bss.ControlTaskFlag
                0x200004c9        0x1 VisualGDB/Debug/main.o
                0x200004c9                ControlTaskFlag
 .bss.WaterDeepTaskFlag
                0x200004ca        0x1 VisualGDB/Debug/main.o
                0x200004ca                WaterDeepTaskFlag
 .bss.AttitudeTaskFlag
                0x200004cb        0x1 VisualGDB/Debug/main.o
                0x200004cb                AttitudeTaskFlag
 .bss.UART4RXPosition
                0x200004cc        0x4 VisualGDB/Debug/main.o
                0x200004cc                UART4RXPosition
 .bss.SystemBegin
                0x200004d0        0x1 VisualGDB/Debug/main.o
                0x200004d0                SystemBegin
 *fill*         0x200004d1        0x3 
 .bss.ADCCache  0x200004d4       0x18 VisualGDB/Debug/main.o
                0x200004d4                ADCCache
 .bss.WaterDepth
                0x200004ec        0x2 VisualGDB/Debug/main.o
                0x200004ec                WaterDepth
 .bss.WaterTemperture
                0x200004ee        0x2 VisualGDB/Debug/main.o
                0x200004ee                WaterTemperture
 .bss.AccNum    0x200004f0        0x6 VisualGDB/Debug/main.o
                0x200004f0                AccNum
 *fill*         0x200004f6        0x2 
 .bss.RotNum    0x200004f8        0x6 VisualGDB/Debug/main.o
                0x200004f8                RotNum
 *fill*         0x200004fe        0x2 
 .bss.EulNum    0x20000500        0x6 VisualGDB/Debug/main.o
                0x20000500                EulNum
 *fill*         0x20000506        0x2 
 .bss.MagNUM    0x20000508        0x6 VisualGDB/Debug/main.o
                0x20000508                MagNUM
 *fill*         0x2000050e        0x2 
 .bss.EulResNum
                0x20000510        0x6 VisualGDB/Debug/main.o
                0x20000510                EulResNum
 *fill*         0x20000516        0x2 
 .bss.pxCurrentTCB
                0x20000518        0x4 VisualGDB/Debug/tasks.o
                0x20000518                pxCurrentTCB
 .bss.pxReadyTasksLists
                0x2000051c       0x8c VisualGDB/Debug/tasks.o
 .bss.xDelayedTaskList1
                0x200005a8       0x14 VisualGDB/Debug/tasks.o
 .bss.xDelayedTaskList2
                0x200005bc       0x14 VisualGDB/Debug/tasks.o
 .bss.pxDelayedTaskList
                0x200005d0        0x4 VisualGDB/Debug/tasks.o
 .bss.pxOverflowDelayedTaskList
                0x200005d4        0x4 VisualGDB/Debug/tasks.o
 .bss.xPendingReadyList
                0x200005d8       0x14 VisualGDB/Debug/tasks.o
 .bss.xTasksWaitingTermination
                0x200005ec       0x14 VisualGDB/Debug/tasks.o
 .bss.uxDeletedTasksWaitingCleanUp
                0x20000600        0x4 VisualGDB/Debug/tasks.o
 .bss.xSuspendedTaskList
                0x20000604       0x14 VisualGDB/Debug/tasks.o
 .bss.uxCurrentNumberOfTasks
                0x20000618        0x4 VisualGDB/Debug/tasks.o
 .bss.xTickCount
                0x2000061c        0x4 VisualGDB/Debug/tasks.o
 .bss.uxTopReadyPriority
                0x20000620        0x4 VisualGDB/Debug/tasks.o
 .bss.xSchedulerRunning
                0x20000624        0x4 VisualGDB/Debug/tasks.o
 .bss.uxPendedTicks
                0x20000628        0x4 VisualGDB/Debug/tasks.o
 .bss.xYieldPending
                0x2000062c        0x4 VisualGDB/Debug/tasks.o
 .bss.xNumOfOverflows
                0x20000630        0x4 VisualGDB/Debug/tasks.o
 .bss.uxTaskNumber
                0x20000634        0x4 VisualGDB/Debug/tasks.o
 .bss.xNextTaskUnblockTime
                0x20000638        0x4 VisualGDB/Debug/tasks.o
 .bss.xIdleTaskHandle
                0x2000063c        0x4 VisualGDB/Debug/tasks.o
 .bss.uxSchedulerSuspended
                0x20000640        0x4 VisualGDB/Debug/tasks.o
 .bss.ucHeap    0x20000644     0x3c00 VisualGDB/Debug/heap_4.o
 .bss.xStart    0x20004244        0x8 VisualGDB/Debug/heap_4.o
 .bss.pxEnd     0x2000424c        0x4 VisualGDB/Debug/heap_4.o
 .bss.xFreeBytesRemaining
                0x20004250        0x4 VisualGDB/Debug/heap_4.o
 .bss.xMinimumEverFreeBytesRemaining
                0x20004254        0x4 VisualGDB/Debug/heap_4.o
 .bss.xBlockAllocatedBit
                0x20004258        0x4 VisualGDB/Debug/heap_4.o
 .bss.ucMaxSysCallPriority
                0x2000425c        0x1 VisualGDB/Debug/port.o
 *fill*         0x2000425d        0x3 
 .bss.ulMaxPRIGROUPValue
                0x20004260        0x4 VisualGDB/Debug/port.o
 .bss.__malloc_free_list
                0x20004264        0x4 c:/sysgcc/arm-eabi/bin/../lib/gcc/arm-none-eabi/9.2.1/../../../../arm-none-eabi/lib/thumb/v7e-m+fp/hard\libc_nano.a(lib_a-nano-mallocr.o)
                0x20004264                __malloc_free_list
 .bss.__malloc_sbrk_start
                0x20004268        0x4 c:/sysgcc/arm-eabi/bin/../lib/gcc/arm-none-eabi/9.2.1/../../../../arm-none-eabi/lib/thumb/v7e-m+fp/hard\libc_nano.a(lib_a-nano-mallocr.o)
                0x20004268                __malloc_sbrk_start
 .bss.heap_end.5507
                0x2000426c        0x4 c:/sysgcc/arm-eabi/bin/../lib/gcc/arm-none-eabi/9.2.1/../../../../arm-none-eabi/lib/thumb/v7e-m+fp/hard\libnosys.a(sbrk.o)
 *(COMMON)
 COMMON         0x20004270       0x40 VisualGDB/Debug/stm32f4xx_hal_timebase_tim.o
                0x20004270                htim10
 COMMON         0x200042b0      0x8ac VisualGDB/Debug/main.o
                0x200042b0                hdma_uart4_rx
                0x20004310                WaterTempertureNum
                0x20004318                hdma_usart2_rx
                0x20004378                hdma_usart6_rx
                0x200043d8                UART4RXCache
                0x20004400                hdma_usart3_rx
                0x20004460                huart3
                0x200044a0                SwitcherTaskHandle
                0x200044a4                AttitudeTaskHandle
                0x200044a8                hiwdg
                0x200044b4                EmptyTaskHandle
                0x200044b8                hdma_usart3_tx
                0x20004518                htim3
                0x20004558                hdma_usart1_tx
                0x200045b8                huart5
                0x200045f8                hdma_usart6_tx
                0x20004658                hadc1
                0x200046a0                hdma_usart1_rx
                0x20004700                hdma_usart2_tx
                0x20004760                huart1
                0x200047a0                InsTemNum
                0x200047a4                hdma_adc1
                0x20004804                WaterDepthNum
                0x2000480c                htim1
                0x2000484c                UART1RXCache
                0x2000486c                DisplayTaskHandle
                0x20004870                huart6
                0x200048b0                UART3RXCache
                0x200048ec                huart4
                0x2000492c                htim2
                0x2000496c                huart2
                0x200049ac                hdma_uart5_rx
                0x20004a0c                InitialTaskHandle
                0x20004a10                htim14
                0x20004a50                ControlTaskHandle
                0x20004a54                WaterDeepTaskHandle
                0x20004a58                htim7
                0x20004a98                hdma_uart4_tx
                0x20004af8                hdma_uart5_tx
                0x20004b58                AutoMoveTaskHandle
 COMMON         0x20004b5c        0x4 VisualGDB/Debug/stm32f4xx_hal.o
                0x20004b5c                uwTick
 COMMON         0x20004b60        0x4 c:/sysgcc/arm-eabi/bin/../lib/gcc/arm-none-eabi/9.2.1/../../../../arm-none-eabi/lib/thumb/v7e-m+fp/hard\libc_nano.a(lib_a-reent.o)
                0x20004b60                errno
 COMMON         0x20004b64        0x9 c:/sysgcc/arm-eabi/bin/../lib/gcc/arm-none-eabi/9.2.1/../../../../arm-none-eabi/lib/thumb/v7e-m+fp/hard\libc_nano.a(lib_a-lock.o)
                0x20004b64                __lock___atexit_recursive_mutex
                0x20004b65                __lock___arc4random_mutex
                0x20004b66                __lock___env_recursive_mutex
                0x20004b67                __lock___sinit_recursive_mutex
                0x20004b68                __lock___malloc_recursive_mutex
                0x20004b69                __lock___at_quick_exit_mutex
                0x20004b6a                __lock___dd_hash_mutex
                0x20004b6b                __lock___tz_mutex
                0x20004b6c                __lock___sfp_recursive_mutex
                0x20004b70                . = ALIGN (0x4)
 *fill*         0x20004b6d        0x3 
                0x20004b70                _ebss = .
                0x20004b70                PROVIDE (__bss_end__ = _ebss)
                0x20004b70                PROVIDE (end = .)

.heap           0x20004b70        0x0 load address 0x0800a2f4
                0x20004b70                . = ALIGN (0x4)
                [!provide]                PROVIDE (__heap_start__ = .)
 *(.heap)
                0x20004b70                . = ALIGN (0x4)
                [!provide]                PROVIDE (__heap_end__ = .)

.reserved_for_stack
                0x20004b70        0x0 load address 0x0800a2f4
                0x20004b70                . = ALIGN (0x4)
                [!provide]                PROVIDE (__reserved_for_stack_start__ = .)
 *(.reserved_for_stack)
                0x20004b70                . = ALIGN (0x4)
                [!provide]                PROVIDE (__reserved_for_stack_end__ = .)
OUTPUT(VisualGDB/Debug/S2LUnderwater elf32-littlearm)

.debug_info     0x00000000    0x1767d
 .debug_info    0x00000000      0x473 VisualGDB/Debug/Attitude.o
 .debug_info    0x00000473      0x1e8 VisualGDB/Debug/Auto.o
 .debug_info    0x0000065b     0x157f VisualGDB/Debug/BasicCtrl.o
 .debug_info    0x00001bda      0x8ba VisualGDB/Debug/Display.o
 .debug_info    0x00002494      0x369 VisualGDB/Debug/freertos.o
 .debug_info    0x000027fd      0xe1b VisualGDB/Debug/stm32f4xx_it.o
 .debug_info    0x00003618     0x155e VisualGDB/Debug/stm32f4xx_hal_msp.o
 .debug_info    0x00004b76      0xbc1 VisualGDB/Debug/stm32f4xx_hal_timebase_tim.o
 .debug_info    0x00005737     0x1fde VisualGDB/Debug/main.o
 .debug_info    0x00007715      0x542 VisualGDB/Debug/system_stm32f4xx.o
 .debug_info    0x00007c57      0x9ae VisualGDB/Debug/stm32f4xx_hal.o
 .debug_info    0x00008605      0xdb8 VisualGDB/Debug/stm32f4xx_hal_adc.o
 .debug_info    0x000093bd     0x1353 VisualGDB/Debug/stm32f4xx_hal_uart.o
 .debug_info    0x0000a710      0x82a VisualGDB/Debug/stm32f4xx_hal_gpio.o
 .debug_info    0x0000af3a      0xb78 VisualGDB/Debug/list.o
 .debug_info    0x0000bab2     0x2479 VisualGDB/Debug/tasks.o
 .debug_info    0x0000df2b      0xc73 VisualGDB/Debug/heap_4.o
 .debug_info    0x0000eb9e      0x4ed VisualGDB/Debug/port.o
 .debug_info    0x0000f08b     0x2021 VisualGDB/Debug/cmsis_os.o
 .debug_info    0x000110ac      0x2c7 VisualGDB/Debug/stm32f4xx_hal_iwdg.o
 .debug_info    0x00011373      0x992 VisualGDB/Debug/stm32f4xx_hal_rcc.o
 .debug_info    0x00011d05      0xed3 VisualGDB/Debug/stm32f4xx_hal_cortex.o
 .debug_info    0x00012bd8     0x26c9 VisualGDB/Debug/stm32f4xx_hal_tim.o
 .debug_info    0x000152a1     0x125b VisualGDB/Debug/stm32f4xx_hal_tim_ex.o
 .debug_info    0x000164fc      0x9ed VisualGDB/Debug/stm32f4xx_hal_dma.o
 .debug_info    0x00016ee9      0x794 VisualGDB/Debug/startup_stm32f407xx.o

.debug_abbrev   0x00000000     0x37ad
 .debug_abbrev  0x00000000      0x12d VisualGDB/Debug/Attitude.o
 .debug_abbrev  0x0000012d       0xb3 VisualGDB/Debug/Auto.o
 .debug_abbrev  0x000001e0      0x310 VisualGDB/Debug/BasicCtrl.o
 .debug_abbrev  0x000004f0      0x1b9 VisualGDB/Debug/Display.o
 .debug_abbrev  0x000006a9      0x11a VisualGDB/Debug/freertos.o
 .debug_abbrev  0x000007c3      0x20f VisualGDB/Debug/stm32f4xx_it.o
 .debug_abbrev  0x000009d2      0x203 VisualGDB/Debug/stm32f4xx_hal_msp.o
 .debug_abbrev  0x00000bd5      0x1bc VisualGDB/Debug/stm32f4xx_hal_timebase_tim.o
 .debug_abbrev  0x00000d91      0x276 VisualGDB/Debug/main.o
 .debug_abbrev  0x00001007      0x126 VisualGDB/Debug/system_stm32f4xx.o
 .debug_abbrev  0x0000112d      0x1ea VisualGDB/Debug/stm32f4xx_hal.o
 .debug_abbrev  0x00001317      0x22c VisualGDB/Debug/stm32f4xx_hal_adc.o
 .debug_abbrev  0x00001543      0x26d VisualGDB/Debug/stm32f4xx_hal_uart.o
 .debug_abbrev  0x000017b0      0x1ee VisualGDB/Debug/stm32f4xx_hal_gpio.o
 .debug_abbrev  0x0000199e      0x232 VisualGDB/Debug/list.o
 .debug_abbrev  0x00001bd0      0x3bb VisualGDB/Debug/tasks.o
 .debug_abbrev  0x00001f8b      0x30e VisualGDB/Debug/heap_4.o
 .debug_abbrev  0x00002299      0x22e VisualGDB/Debug/port.o
 .debug_abbrev  0x000024c7      0x3f4 VisualGDB/Debug/cmsis_os.o
 .debug_abbrev  0x000028bb      0x14f VisualGDB/Debug/stm32f4xx_hal_iwdg.o
 .debug_abbrev  0x00002a0a      0x272 VisualGDB/Debug/stm32f4xx_hal_rcc.o
 .debug_abbrev  0x00002c7c      0x339 VisualGDB/Debug/stm32f4xx_hal_cortex.o
 .debug_abbrev  0x00002fb5      0x25b VisualGDB/Debug/stm32f4xx_hal_tim.o
 .debug_abbrev  0x00003210      0x249 VisualGDB/Debug/stm32f4xx_hal_tim_ex.o
 .debug_abbrev  0x00003459      0x256 VisualGDB/Debug/stm32f4xx_hal_dma.o
 .debug_abbrev  0x000036af       0xfe VisualGDB/Debug/startup_stm32f407xx.o

.debug_aranges  0x00000000     0x16a8
 .debug_aranges
                0x00000000       0x50 VisualGDB/Debug/Attitude.o
 .debug_aranges
                0x00000050       0x48 VisualGDB/Debug/Auto.o
 .debug_aranges
                0x00000098       0x58 VisualGDB/Debug/BasicCtrl.o
 .debug_aranges
                0x000000f0       0x38 VisualGDB/Debug/Display.o
 .debug_aranges
                0x00000128       0x20 VisualGDB/Debug/freertos.o
 .debug_aranges
                0x00000148       0xe8 VisualGDB/Debug/stm32f4xx_it.o
 .debug_aranges
                0x00000230       0x58 VisualGDB/Debug/stm32f4xx_hal_msp.o
 .debug_aranges
                0x00000288       0x30 VisualGDB/Debug/stm32f4xx_hal_timebase_tim.o
 .debug_aranges
                0x000002b8       0xf0 VisualGDB/Debug/main.o
 .debug_aranges
                0x000003a8       0x28 VisualGDB/Debug/system_stm32f4xx.o
 .debug_aranges
                0x000003d0       0xf0 VisualGDB/Debug/stm32f4xx_hal.o
 .debug_aranges
                0x000004c0       0xe8 VisualGDB/Debug/stm32f4xx_hal_adc.o
 .debug_aranges
                0x000005a8      0x1d0 VisualGDB/Debug/stm32f4xx_hal_uart.o
 .debug_aranges
                0x00000778       0x58 VisualGDB/Debug/stm32f4xx_hal_gpio.o
 .debug_aranges
                0x000007d0       0x40 VisualGDB/Debug/list.o
 .debug_aranges
                0x00000810      0x1a8 VisualGDB/Debug/tasks.o
 .debug_aranges
                0x000009b8       0x50 VisualGDB/Debug/heap_4.o
 .debug_aranges
                0x00000a08       0x80 VisualGDB/Debug/port.o
 .debug_aranges
                0x00000a88      0x1d8 VisualGDB/Debug/cmsis_os.o
 .debug_aranges
                0x00000c60       0x28 VisualGDB/Debug/stm32f4xx_hal_iwdg.o
 .debug_aranges
                0x00000c88       0x88 VisualGDB/Debug/stm32f4xx_hal_rcc.o
 .debug_aranges
                0x00000d10      0x118 VisualGDB/Debug/stm32f4xx_hal_cortex.o
 .debug_aranges
                0x00000e28      0x3a8 VisualGDB/Debug/stm32f4xx_hal_tim.o
 .debug_aranges
                0x000011d0      0x150 VisualGDB/Debug/stm32f4xx_hal_tim_ex.o
 .debug_aranges
                0x00001320       0x90 VisualGDB/Debug/stm32f4xx_hal_dma.o
 .debug_aranges
                0x000013b0      0x2f8 VisualGDB/Debug/startup_stm32f407xx.o

.debug_ranges   0x00000000     0x1520
 .debug_ranges  0x00000000       0x40 VisualGDB/Debug/Attitude.o
 .debug_ranges  0x00000040       0x38 VisualGDB/Debug/Auto.o
 .debug_ranges  0x00000078       0x48 VisualGDB/Debug/BasicCtrl.o
 .debug_ranges  0x000000c0       0x28 VisualGDB/Debug/Display.o
 .debug_ranges  0x000000e8       0x10 VisualGDB/Debug/freertos.o
 .debug_ranges  0x000000f8       0xf0 VisualGDB/Debug/stm32f4xx_it.o
 .debug_ranges  0x000001e8       0x48 VisualGDB/Debug/stm32f4xx_hal_msp.o
 .debug_ranges  0x00000230       0x20 VisualGDB/Debug/stm32f4xx_hal_timebase_tim.o
 .debug_ranges  0x00000250       0xe0 VisualGDB/Debug/main.o
 .debug_ranges  0x00000330       0x18 VisualGDB/Debug/system_stm32f4xx.o
 .debug_ranges  0x00000348       0xe0 VisualGDB/Debug/stm32f4xx_hal.o
 .debug_ranges  0x00000428       0xd8 VisualGDB/Debug/stm32f4xx_hal_adc.o
 .debug_ranges  0x00000500      0x1c0 VisualGDB/Debug/stm32f4xx_hal_uart.o
 .debug_ranges  0x000006c0       0x48 VisualGDB/Debug/stm32f4xx_hal_gpio.o
 .debug_ranges  0x00000708       0x30 VisualGDB/Debug/list.o
 .debug_ranges  0x00000738      0x198 VisualGDB/Debug/tasks.o
 .debug_ranges  0x000008d0       0x40 VisualGDB/Debug/heap_4.o
 .debug_ranges  0x00000910       0x70 VisualGDB/Debug/port.o
 .debug_ranges  0x00000980      0x1c8 VisualGDB/Debug/cmsis_os.o
 .debug_ranges  0x00000b48       0x18 VisualGDB/Debug/stm32f4xx_hal_iwdg.o
 .debug_ranges  0x00000b60       0x78 VisualGDB/Debug/stm32f4xx_hal_rcc.o
 .debug_ranges  0x00000bd8      0x108 VisualGDB/Debug/stm32f4xx_hal_cortex.o
 .debug_ranges  0x00000ce0      0x398 VisualGDB/Debug/stm32f4xx_hal_tim.o
 .debug_ranges  0x00001078      0x140 VisualGDB/Debug/stm32f4xx_hal_tim_ex.o
 .debug_ranges  0x000011b8       0x80 VisualGDB/Debug/stm32f4xx_hal_dma.o
 .debug_ranges  0x00001238      0x2e8 VisualGDB/Debug/startup_stm32f407xx.o

.debug_line     0x00000000     0xe206
 .debug_line    0x00000000      0x6c8 VisualGDB/Debug/Attitude.o
 .debug_line    0x000006c8      0x1ca VisualGDB/Debug/Auto.o
 .debug_line    0x00000892      0x6a9 VisualGDB/Debug/BasicCtrl.o
 .debug_line    0x00000f3b      0x48a VisualGDB/Debug/Display.o
 .debug_line    0x000013c5      0x206 VisualGDB/Debug/freertos.o
 .debug_line    0x000015cb      0x5be VisualGDB/Debug/stm32f4xx_it.o
 .debug_line    0x00001b89      0x738 VisualGDB/Debug/stm32f4xx_hal_msp.o
 .debug_line    0x000022c1      0x23e VisualGDB/Debug/stm32f4xx_hal_timebase_tim.o
 .debug_line    0x000024ff      0xae3 VisualGDB/Debug/main.o
 .debug_line    0x00002fe2      0x1d6 VisualGDB/Debug/system_stm32f4xx.o
 .debug_line    0x000031b8      0x495 VisualGDB/Debug/stm32f4xx_hal.o
 .debug_line    0x0000364d      0xd1d VisualGDB/Debug/stm32f4xx_hal_adc.o
 .debug_line    0x0000436a     0x12dc VisualGDB/Debug/stm32f4xx_hal_uart.o
 .debug_line    0x00005646      0x635 VisualGDB/Debug/stm32f4xx_hal_gpio.o
 .debug_line    0x00005c7b      0x31d VisualGDB/Debug/list.o
 .debug_line    0x00005f98     0x14ab VisualGDB/Debug/tasks.o
 .debug_line    0x00007443      0x49b VisualGDB/Debug/heap_4.o
 .debug_line    0x000078de      0x477 VisualGDB/Debug/port.o
 .debug_line    0x00007d55      0xd91 VisualGDB/Debug/cmsis_os.o
 .debug_line    0x00008ae6      0x21e VisualGDB/Debug/stm32f4xx_hal_iwdg.o
 .debug_line    0x00008d04      0x843 VisualGDB/Debug/stm32f4xx_hal_rcc.o
 .debug_line    0x00009547      0x756 VisualGDB/Debug/stm32f4xx_hal_cortex.o
 .debug_line    0x00009c9d     0x24a0 VisualGDB/Debug/stm32f4xx_hal_tim.o
 .debug_line    0x0000c13d      0xcce VisualGDB/Debug/stm32f4xx_hal_tim_ex.o
 .debug_line    0x0000ce0b      0xa15 VisualGDB/Debug/stm32f4xx_hal_dma.o
 .debug_line    0x0000d820      0x9e6 VisualGDB/Debug/startup_stm32f407xx.o

.debug_str      0x00000000     0x6b56
 .debug_str     0x00000000      0x34c VisualGDB/Debug/Attitude.o
                                0x399 (size before relaxing)
 .debug_str     0x0000034c       0x64 VisualGDB/Debug/Auto.o
                                0x2c3 (size before relaxing)
 .debug_str     0x000003b0      0x9e2 VisualGDB/Debug/BasicCtrl.o
                                0xced (size before relaxing)
 .debug_str     0x00000d92       0xca VisualGDB/Debug/Display.o
                                0x74d (size before relaxing)
 .debug_str     0x00000e5c      0x135 VisualGDB/Debug/freertos.o
                                0x3c8 (size before relaxing)
 .debug_str     0x00000f91      0x5bf VisualGDB/Debug/stm32f4xx_it.o
                                0xc88 (size before relaxing)
 .debug_str     0x00001550      0x8bd VisualGDB/Debug/stm32f4xx_hal_msp.o
                               0x11c5 (size before relaxing)
 .debug_str     0x00001e0d       0xf2 VisualGDB/Debug/stm32f4xx_hal_timebase_tim.o
                                0xd8e (size before relaxing)
 .debug_str     0x00001eff      0x716 VisualGDB/Debug/main.o
                               0x1a18 (size before relaxing)
 .debug_str     0x00002615       0xa7 VisualGDB/Debug/system_stm32f4xx.o
                                0x375 (size before relaxing)
 .debug_str     0x000026bc      0x268 VisualGDB/Debug/stm32f4xx_hal.o
                                0xb54 (size before relaxing)
 .debug_str     0x00002924      0x29a VisualGDB/Debug/stm32f4xx_hal_adc.o
                                0x9b3 (size before relaxing)
 .debug_str     0x00002bbe      0x52a VisualGDB/Debug/stm32f4xx_hal_uart.o
                                0xc68 (size before relaxing)
 .debug_str     0x000030e8      0x16c VisualGDB/Debug/stm32f4xx_hal_gpio.o
                                0x59e (size before relaxing)
 .debug_str     0x00003254      0x136 VisualGDB/Debug/list.o
                                0x6ea (size before relaxing)
 .debug_str     0x0000338a      0xb49 VisualGDB/Debug/tasks.o
                               0x12bd (size before relaxing)
 .debug_str     0x00003ed3      0x1f5 VisualGDB/Debug/heap_4.o
                                0x7b4 (size before relaxing)
 .debug_str     0x000040c8      0x20d VisualGDB/Debug/port.o
                                0x44a (size before relaxing)
 .debug_str     0x000042d5      0x80e VisualGDB/Debug/cmsis_os.o
                               0x10fc (size before relaxing)
 .debug_str     0x00004ae3       0x55 VisualGDB/Debug/stm32f4xx_hal_iwdg.o
                                0x34c (size before relaxing)
 .debug_str     0x00004b38      0x196 VisualGDB/Debug/stm32f4xx_hal_rcc.o
                                0x755 (size before relaxing)
 .debug_str     0x00004cce      0x480 VisualGDB/Debug/stm32f4xx_hal_cortex.o
                                0xcd8 (size before relaxing)
 .debug_str     0x0000514e      0xced VisualGDB/Debug/stm32f4xx_hal_tim.o
                               0x1528 (size before relaxing)
 .debug_str     0x00005e3b      0x498 VisualGDB/Debug/stm32f4xx_hal_tim_ex.o
                                0xd28 (size before relaxing)
 .debug_str     0x000062d3      0x30b VisualGDB/Debug/stm32f4xx_hal_dma.o
                                0x818 (size before relaxing)
 .debug_str     0x000065de      0x578 VisualGDB/Debug/startup_stm32f407xx.o
                                0x8d4 (size before relaxing)

.comment        0x00000000       0x79
 .comment       0x00000000       0x79 VisualGDB/Debug/Attitude.o
                                 0x7a (size before relaxing)
 .comment       0x00000079       0x7a VisualGDB/Debug/Auto.o
 .comment       0x00000079       0x7a VisualGDB/Debug/BasicCtrl.o
 .comment       0x00000079       0x7a VisualGDB/Debug/Display.o
 .comment       0x00000079       0x7a VisualGDB/Debug/freertos.o
 .comment       0x00000079       0x7a VisualGDB/Debug/stm32f4xx_it.o
 .comment       0x00000079       0x7a VisualGDB/Debug/stm32f4xx_hal_msp.o
 .comment       0x00000079       0x7a VisualGDB/Debug/stm32f4xx_hal_timebase_tim.o
 .comment       0x00000079       0x7a VisualGDB/Debug/main.o
 .comment       0x00000079       0x7a VisualGDB/Debug/system_stm32f4xx.o
 .comment       0x00000079       0x7a VisualGDB/Debug/stm32f4xx_hal.o
 .comment       0x00000079       0x7a VisualGDB/Debug/stm32f4xx_hal_adc.o
 .comment       0x00000079       0x7a VisualGDB/Debug/stm32f4xx_hal_uart.o
 .comment       0x00000079       0x7a VisualGDB/Debug/stm32f4xx_hal_gpio.o
 .comment       0x00000079       0x7a VisualGDB/Debug/list.o
 .comment       0x00000079       0x7a VisualGDB/Debug/tasks.o
 .comment       0x00000079       0x7a VisualGDB/Debug/heap_4.o
 .comment       0x00000079       0x7a VisualGDB/Debug/port.o
 .comment       0x00000079       0x7a VisualGDB/Debug/cmsis_os.o
 .comment       0x00000079       0x7a VisualGDB/Debug/stm32f4xx_hal_iwdg.o
 .comment       0x00000079       0x7a VisualGDB/Debug/stm32f4xx_hal_rcc.o
 .comment       0x00000079       0x7a VisualGDB/Debug/stm32f4xx_hal_cortex.o
 .comment       0x00000079       0x7a VisualGDB/Debug/stm32f4xx_hal_tim.o
 .comment       0x00000079       0x7a VisualGDB/Debug/stm32f4xx_hal_tim_ex.o
 .comment       0x00000079       0x7a VisualGDB/Debug/stm32f4xx_hal_dma.o
 .comment       0x00000079       0x7a VisualGDB/Debug/startup_stm32f407xx.o

.debug_frame    0x00000000     0x59bc
 .debug_frame   0x00000000      0x12c VisualGDB/Debug/Attitude.o
 .debug_frame   0x0000012c       0xd0 VisualGDB/Debug/Auto.o
 .debug_frame   0x000001fc      0x14c VisualGDB/Debug/BasicCtrl.o
 .debug_frame   0x00000348       0xa4 VisualGDB/Debug/Display.o
 .debug_frame   0x000003ec       0x38 VisualGDB/Debug/freertos.o
 .debug_frame   0x00000424      0x2fc VisualGDB/Debug/stm32f4xx_it.o
 .debug_frame   0x00000720      0x134 VisualGDB/Debug/stm32f4xx_hal_msp.o
 .debug_frame   0x00000854       0x74 VisualGDB/Debug/stm32f4xx_hal_timebase_tim.o
 .debug_frame   0x000008c8      0x38c VisualGDB/Debug/main.o
 .debug_frame   0x00000c54       0x58 VisualGDB/Debug/system_stm32f4xx.o
 .debug_frame   0x00000cac      0x374 VisualGDB/Debug/stm32f4xx_hal.o
 .debug_frame   0x00001020      0x3fc VisualGDB/Debug/stm32f4xx_hal_adc.o
 .debug_frame   0x0000141c      0x844 VisualGDB/Debug/stm32f4xx_hal_uart.o
 .debug_frame   0x00001c60      0x14c VisualGDB/Debug/stm32f4xx_hal_gpio.o
 .debug_frame   0x00001dac       0xd8 VisualGDB/Debug/list.o
 .debug_frame   0x00001e84      0x734 VisualGDB/Debug/tasks.o
 .debug_frame   0x000025b8      0x108 VisualGDB/Debug/heap_4.o
 .debug_frame   0x000026c0      0x1a8 VisualGDB/Debug/port.o
 .debug_frame   0x00002868      0x80c VisualGDB/Debug/cmsis_os.o
 .debug_frame   0x00003074       0x5c VisualGDB/Debug/stm32f4xx_hal_iwdg.o
 .debug_frame   0x000030d0      0x1f0 VisualGDB/Debug/stm32f4xx_hal_rcc.o
 .debug_frame   0x000032c0      0x498 VisualGDB/Debug/stm32f4xx_hal_cortex.o
 .debug_frame   0x00003758     0x10f0 VisualGDB/Debug/stm32f4xx_hal_tim.o
 .debug_frame   0x00004848      0x5c0 VisualGDB/Debug/stm32f4xx_hal_tim_ex.o
 .debug_frame   0x00004e08      0x250 VisualGDB/Debug/stm32f4xx_hal_dma.o
 .debug_frame   0x00005058      0x5d0 VisualGDB/Debug/startup_stm32f407xx.o
 .debug_frame   0x00005628       0x30 c:/sysgcc/arm-eabi/bin/../lib/gcc/arm-none-eabi/9.2.1/thumb/v7e-m+fp/hard\libgcc.a(_arm_muldf3.o)
 .debug_frame   0x00005658       0xac c:/sysgcc/arm-eabi/bin/../lib/gcc/arm-none-eabi/9.2.1/thumb/v7e-m+fp/hard\libgcc.a(_arm_addsubdf3.o)
 .debug_frame   0x00005704       0x24 c:/sysgcc/arm-eabi/bin/../lib/gcc/arm-none-eabi/9.2.1/thumb/v7e-m+fp/hard\libgcc.a(_arm_fixunsdfsi.o)
 .debug_frame   0x00005728       0x2c c:/sysgcc/arm-eabi/bin/../lib/gcc/arm-none-eabi/9.2.1/thumb/v7e-m+fp/hard\libgcc.a(_aeabi_uldivmod.o)
 .debug_frame   0x00005754       0x34 c:/sysgcc/arm-eabi/bin/../lib/gcc/arm-none-eabi/9.2.1/thumb/v7e-m+fp/hard\libgcc.a(_udivmoddi4.o)
 .debug_frame   0x00005788       0x2c c:/sysgcc/arm-eabi/bin/../lib/gcc/arm-none-eabi/9.2.1/../../../../arm-none-eabi/lib/thumb/v7e-m+fp/hard\libc_nano.a(lib_a-init.o)
 .debug_frame   0x000057b4       0x30 c:/sysgcc/arm-eabi/bin/../lib/gcc/arm-none-eabi/9.2.1/../../../../arm-none-eabi/lib/thumb/v7e-m+fp/hard\libc_nano.a(lib_a-malloc.o)
 .debug_frame   0x000057e4       0x20 c:/sysgcc/arm-eabi/bin/../lib/gcc/arm-none-eabi/9.2.1/../../../../arm-none-eabi/lib/thumb/v7e-m+fp/hard\libc_nano.a(lib_a-memset.o)
 .debug_frame   0x00005804       0x30 c:/sysgcc/arm-eabi/bin/../lib/gcc/arm-none-eabi/9.2.1/../../../../arm-none-eabi/lib/thumb/v7e-m+fp/hard\libc_nano.a(lib_a-nano-mallocr.o)
 .debug_frame   0x00005834       0x2c c:/sysgcc/arm-eabi/bin/../lib/gcc/arm-none-eabi/9.2.1/../../../../arm-none-eabi/lib/thumb/v7e-m+fp/hard\libc_nano.a(lib_a-sbrkr.o)
 .debug_frame   0x00005860       0x30 c:/sysgcc/arm-eabi/bin/../lib/gcc/arm-none-eabi/9.2.1/../../../../arm-none-eabi/lib/thumb/v7e-m+fp/hard\libc_nano.a(lib_a-mlock.o)
 .debug_frame   0x00005890       0x5c c:/sysgcc/arm-eabi/bin/../lib/gcc/arm-none-eabi/9.2.1/../../../../arm-none-eabi/lib/thumb/v7e-m+fp/hard\libc_nano.a(lib_a-reent.o)
 .debug_frame   0x000058ec       0xb0 c:/sysgcc/arm-eabi/bin/../lib/gcc/arm-none-eabi/9.2.1/../../../../arm-none-eabi/lib/thumb/v7e-m+fp/hard\libc_nano.a(lib_a-lock.o)
 .debug_frame   0x0000599c       0x20 c:/sysgcc/arm-eabi/bin/../lib/gcc/arm-none-eabi/9.2.1/../../../../arm-none-eabi/lib/thumb/v7e-m+fp/hard\libnosys.a(sbrk.o)