Archive member included to satisfy reference by file (symbol)

c:/sysgcc/arm-eabi/bin/../lib/gcc/arm-none-eabi/9.3.1/thumb/v7e-m+fp/hard\libgcc.a(_arm_muldf3.o)
                              VisualGDB/Debug/main.o (__aeabi_dmul)
c:/sysgcc/arm-eabi/bin/../lib/gcc/arm-none-eabi/9.3.1/thumb/v7e-m+fp/hard\libgcc.a(_arm_addsubdf3.o)
                              VisualGDB/Debug/main.o (__aeabi_ui2d)
c:/sysgcc/arm-eabi/bin/../lib/gcc/arm-none-eabi/9.3.1/thumb/v7e-m+fp/hard\libgcc.a(_arm_fixunsdfsi.o)
                              VisualGDB/Debug/main.o (__aeabi_d2uiz)
c:/sysgcc/arm-eabi/bin/../lib/gcc/arm-none-eabi/9.3.1/thumb/v7e-m+fp/hard\libgcc.a(_aeabi_uldivmod.o)
                              VisualGDB/Debug/stm32f4xx_hal_uart.o (__aeabi_uldivmod)
c:/sysgcc/arm-eabi/bin/../lib/gcc/arm-none-eabi/9.3.1/thumb/v7e-m+fp/hard\libgcc.a(_udivmoddi4.o)
                              c:/sysgcc/arm-eabi/bin/../lib/gcc/arm-none-eabi/9.3.1/thumb/v7e-m+fp/hard\libgcc.a(_aeabi_uldivmod.o) (__udivmoddi4)
c:/sysgcc/arm-eabi/bin/../lib/gcc/arm-none-eabi/9.3.1/thumb/v7e-m+fp/hard\libgcc.a(_dvmd_tls.o)
                              c:/sysgcc/arm-eabi/bin/../lib/gcc/arm-none-eabi/9.3.1/thumb/v7e-m+fp/hard\libgcc.a(_aeabi_uldivmod.o) (__aeabi_ldiv0)
c:/sysgcc/arm-eabi/bin/../lib/gcc/arm-none-eabi/9.3.1/../../../../arm-none-eabi/lib/thumb/v7e-m+fp/hard\libc_nano.a(lib_a-exit.o)
                              c:/sysgcc/arm-eabi/bin/../lib/gcc/arm-none-eabi/9.3.1/../../../../arm-none-eabi/lib/thumb/v7e-m+fp/hard/crt0.o (exit)
c:/sysgcc/arm-eabi/bin/../lib/gcc/arm-none-eabi/9.3.1/../../../../arm-none-eabi/lib/thumb/v7e-m+fp/hard\libc_nano.a(lib_a-impure.o)
                              c:/sysgcc/arm-eabi/bin/../lib/gcc/arm-none-eabi/9.3.1/../../../../arm-none-eabi/lib/thumb/v7e-m+fp/hard\libc_nano.a(lib_a-exit.o) (_global_impure_ptr)
c:/sysgcc/arm-eabi/bin/../lib/gcc/arm-none-eabi/9.3.1/../../../../arm-none-eabi/lib/thumb/v7e-m+fp/hard\libc_nano.a(lib_a-init.o)
                              c:/sysgcc/arm-eabi/bin/../lib/gcc/arm-none-eabi/9.3.1/../../../../arm-none-eabi/lib/thumb/v7e-m+fp/hard/crt0.o (__libc_init_array)
c:/sysgcc/arm-eabi/bin/../lib/gcc/arm-none-eabi/9.3.1/../../../../arm-none-eabi/lib/thumb/v7e-m+fp/hard\libc_nano.a(lib_a-malloc.o)
                              VisualGDB/Debug/BasicCtrl.o (malloc)
c:/sysgcc/arm-eabi/bin/../lib/gcc/arm-none-eabi/9.3.1/../../../../arm-none-eabi/lib/thumb/v7e-m+fp/hard\libc_nano.a(lib_a-memcpy-stub.o)
                              VisualGDB/Debug/queue.o (memcpy)
c:/sysgcc/arm-eabi/bin/../lib/gcc/arm-none-eabi/9.3.1/../../../../arm-none-eabi/lib/thumb/v7e-m+fp/hard\libc_nano.a(lib_a-memset.o)
                              c:/sysgcc/arm-eabi/bin/../lib/gcc/arm-none-eabi/9.3.1/../../../../arm-none-eabi/lib/thumb/v7e-m+fp/hard/crt0.o (memset)
c:/sysgcc/arm-eabi/bin/../lib/gcc/arm-none-eabi/9.3.1/../../../../arm-none-eabi/lib/thumb/v7e-m+fp/hard\libc_nano.a(lib_a-nano-freer.o)
                              c:/sysgcc/arm-eabi/bin/../lib/gcc/arm-none-eabi/9.3.1/../../../../arm-none-eabi/lib/thumb/v7e-m+fp/hard\libc_nano.a(lib_a-malloc.o) (_free_r)
c:/sysgcc/arm-eabi/bin/../lib/gcc/arm-none-eabi/9.3.1/../../../../arm-none-eabi/lib/thumb/v7e-m+fp/hard\libc_nano.a(lib_a-nano-mallocr.o)
                              c:/sysgcc/arm-eabi/bin/../lib/gcc/arm-none-eabi/9.3.1/../../../../arm-none-eabi/lib/thumb/v7e-m+fp/hard\libc_nano.a(lib_a-malloc.o) (_malloc_r)
c:/sysgcc/arm-eabi/bin/../lib/gcc/arm-none-eabi/9.3.1/../../../../arm-none-eabi/lib/thumb/v7e-m+fp/hard\libc_nano.a(lib_a-reent.o)
                              VisualGDB/Debug/tasks.o (_reclaim_reent)
c:/sysgcc/arm-eabi/bin/../lib/gcc/arm-none-eabi/9.3.1/../../../../arm-none-eabi/lib/thumb/v7e-m+fp/hard\libc_nano.a(lib_a-sbrkr.o)
                              c:/sysgcc/arm-eabi/bin/../lib/gcc/arm-none-eabi/9.3.1/../../../../arm-none-eabi/lib/thumb/v7e-m+fp/hard\libc_nano.a(lib_a-nano-mallocr.o) (_sbrk_r)
c:/sysgcc/arm-eabi/bin/../lib/gcc/arm-none-eabi/9.3.1/../../../../arm-none-eabi/lib/thumb/v7e-m+fp/hard\libc_nano.a(lib_a-mlock.o)
                              c:/sysgcc/arm-eabi/bin/../lib/gcc/arm-none-eabi/9.3.1/../../../../arm-none-eabi/lib/thumb/v7e-m+fp/hard\libc_nano.a(lib_a-nano-freer.o) (__malloc_lock)
c:/sysgcc/arm-eabi/bin/../lib/gcc/arm-none-eabi/9.3.1/../../../../arm-none-eabi/lib/thumb/v7e-m+fp/hard\libc_nano.a(lib_a-lock.o)
                              c:/sysgcc/arm-eabi/bin/../lib/gcc/arm-none-eabi/9.3.1/../../../../arm-none-eabi/lib/thumb/v7e-m+fp/hard\libc_nano.a(lib_a-mlock.o) (__retarget_lock_acquire_recursive)
c:/sysgcc/arm-eabi/bin/../lib/gcc/arm-none-eabi/9.3.1/../../../../arm-none-eabi/lib/thumb/v7e-m+fp/hard\libnosys.a(sbrk.o)
                              c:/sysgcc/arm-eabi/bin/../lib/gcc/arm-none-eabi/9.3.1/../../../../arm-none-eabi/lib/thumb/v7e-m+fp/hard\libc_nano.a(lib_a-sbrkr.o) (_sbrk)
c:/sysgcc/arm-eabi/bin/../lib/gcc/arm-none-eabi/9.3.1/../../../../arm-none-eabi/lib/thumb/v7e-m+fp/hard\libnosys.a(_exit.o)
[...]
Memory Configuration

Name             Origin             Length             Attributes
FLASH            0x08000000         0x00080000         xr
SRAM             0x20000000         0x00020000         xrw
CCMRAM           0x10000000         0x00010000         xrw
*default*        0x00000000         0xffffffff

Linker script and memory map

LOAD c:/sysgcc/arm-eabi/bin/../lib/gcc/arm-none-eabi/9.3.1/thumb/v7e-m+fp/hard/crti.o
LOAD c:/sysgcc/arm-eabi/bin/../lib/gcc/arm-none-eabi/9.3.1/thumb/v7e-m+fp/hard/crtbegin.o
LOAD c:/sysgcc/arm-eabi/bin/../lib/gcc/arm-none-eabi/9.3.1/../../../../arm-none-eabi/lib/thumb/v7e-m+fp/hard/crt0.o
START GROUP
LOAD VisualGDB/Debug/heap_4.o
LOAD VisualGDB/Debug/Attitude.o
LOAD VisualGDB/Debug/Auto.o
LOAD VisualGDB/Debug/BasicCtrl.o
LOAD VisualGDB/Debug/Display_QL504.o
LOAD VisualGDB/Debug/Display_QL800.o
LOAD VisualGDB/Debug/freertos.o
LOAD VisualGDB/Debug/stm32f4xx_it.o
LOAD VisualGDB/Debug/stm32f4xx_hal_msp.o
LOAD VisualGDB/Debug/stm32f4xx_hal_timebase_tim.o
LOAD VisualGDB/Debug/main.o
LOAD VisualGDB/Debug/system_stm32f4xx.o
LOAD VisualGDB/Debug/stm32f4xx_hal.o
LOAD VisualGDB/Debug/stm32f4xx_hal_adc.o
LOAD VisualGDB/Debug/stm32f4xx_hal_adc_ex.o
LOAD VisualGDB/Debug/stm32f4xx_hal_exti.o
LOAD VisualGDB/Debug/stm32f4xx_hal_uart.o
LOAD VisualGDB/Debug/stm32f4xx_hal_pwr.o
LOAD VisualGDB/Debug/stm32f4xx_hal_pwr_ex.o
LOAD VisualGDB/Debug/stm32f4xx_hal_flash.o
LOAD VisualGDB/Debug/stm32f4xx_hal_flash_ex.o
LOAD VisualGDB/Debug/stm32f4xx_hal_flash_ramfunc.o
LOAD VisualGDB/Debug/stm32f4xx_hal_gpio.o
LOAD VisualGDB/Debug/croutine.o
LOAD VisualGDB/Debug/event_groups.o
LOAD VisualGDB/Debug/list.o
LOAD VisualGDB/Debug/queue.o
LOAD VisualGDB/Debug/stream_buffer.o
LOAD VisualGDB/Debug/tasks.o
LOAD VisualGDB/Debug/timers.o
LOAD VisualGDB/Debug/port.o
LOAD VisualGDB/Debug/cmsis_os.o
LOAD VisualGDB/Debug/stm32f4xx_hal_iwdg.o
LOAD VisualGDB/Debug/stm32f4xx_hal_rcc.o
LOAD VisualGDB/Debug/stm32f4xx_hal_rcc_ex.o
LOAD VisualGDB/Debug/stm32f4xx_hal_cortex.o
LOAD VisualGDB/Debug/stm32f4xx_hal_tim.o
LOAD VisualGDB/Debug/stm32f4xx_hal_tim_ex.o
LOAD VisualGDB/Debug/stm32f4xx_hal_dma_ex.o
LOAD VisualGDB/Debug/stm32f4xx_hal_dma.o
LOAD VisualGDB/Debug/startup_stm32f407xx.o
END GROUP
LOAD c:/sysgcc/arm-eabi/bin/../lib/gcc/arm-none-eabi/9.3.1/../../../../arm-none-eabi/lib/thumb/v7e-m+fp/hard\libstdc++_nano.a
LOAD c:/sysgcc/arm-eabi/bin/../lib/gcc/arm-none-eabi/9.3.1/../../../../arm-none-eabi/lib/thumb/v7e-m+fp/hard\libm.a
START GROUP
LOAD c:/sysgcc/arm-eabi/bin/../lib/gcc/arm-none-eabi/9.3.1/thumb/v7e-m+fp/hard\libgcc.a
LOAD c:/sysgcc/arm-eabi/bin/../lib/gcc/arm-none-eabi/9.3.1/../../../../arm-none-eabi/lib/thumb/v7e-m+fp/hard\libc_nano.a
END GROUP
START GROUP
LOAD c:/sysgcc/arm-eabi/bin/../lib/gcc/arm-none-eabi/9.3.1/thumb/v7e-m+fp/hard\libgcc.a
LOAD c:/sysgcc/arm-eabi/bin/../lib/gcc/arm-none-eabi/9.3.1/../../../../arm-none-eabi/lib/thumb/v7e-m+fp/hard\libc_nano.a
LOAD c:/sysgcc/arm-eabi/bin/../lib/gcc/arm-none-eabi/9.3.1/../../../../arm-none-eabi/lib/thumb/v7e-m+fp/hard\libnosys.a
END GROUP
START GROUP
LOAD c:/sysgcc/arm-eabi/bin/../lib/gcc/arm-none-eabi/9.3.1/thumb/v7e-m+fp/hard\libgcc.a
LOAD c:/sysgcc/arm-eabi/bin/../lib/gcc/arm-none-eabi/9.3.1/../../../../arm-none-eabi/lib/thumb/v7e-m+fp/hard\libc_nano.a
LOAD c:/sysgcc/arm-eabi/bin/../lib/gcc/arm-none-eabi/9.3.1/../../../../arm-none-eabi/lib/thumb/v7e-m+fp/hard\libnosys.a
END GROUP
LOAD c:/sysgcc/arm-eabi/bin/../lib/gcc/arm-none-eabi/9.3.1/thumb/v7e-m+fp/hard/crtend.o
LOAD c:/sysgcc/arm-eabi/bin/../lib/gcc/arm-none-eabi/9.3.1/thumb/v7e-m+fp/hard/crtn.o
                0x20020000                _estack = 0x20020000

.isr_vector     0x08000000      0x188
                0x08000000                . = ALIGN (0x4)
 *(.isr_vector)
 .isr_vector    0x08000000      0x188 VisualGDB/Debug/startup_stm32f407xx.o
                0x08000000                g_pfnVectors
                0x08000188                . = ALIGN (0x4)

.text           0x08000190     0xa278
                0x08000190                . = ALIGN (0x4)
                0x08000190                _stext = .
 *(.text)
 .text          0x08000190       0x40 c:/sysgcc/arm-eabi/bin/../lib/gcc/arm-none-eabi/9.3.1/thumb/v7e-m+fp/hard/crtbegin.o
 .text          0x080001d0      0x254 c:/sysgcc/arm-eabi/bin/../lib/gcc/arm-none-eabi/9.3.1/thumb/v7e-m+fp/hard\libgcc.a(_arm_muldf3.o)
                0x080001d0                __muldf3
                0x080001d0                __aeabi_dmul
 .text          0x08000424      0x378 c:/sysgcc/arm-eabi/bin/../lib/gcc/arm-none-eabi/9.3.1/thumb/v7e-m+fp/hard\libgcc.a(_arm_addsubdf3.o)
                0x08000424                __aeabi_drsub
                0x0800042c                __aeabi_dsub
                0x0800042c                __subdf3
                0x08000430                __aeabi_dadd
                0x08000430                __adddf3
                0x080006a8                __floatunsidf
                0x080006a8                __aeabi_ui2d
                0x080006c8                __floatsidf
                0x080006c8                __aeabi_i2d
                0x080006ec                __aeabi_f2d
                0x080006ec                __extendsfdf2
                0x08000730                __floatundidf
                0x08000730                __aeabi_ul2d
                0x08000740                __floatdidf
                0x08000740                __aeabi_l2d
 .text          0x0800079c       0x40 c:/sysgcc/arm-eabi/bin/../lib/gcc/arm-none-eabi/9.3.1/thumb/v7e-m+fp/hard\libgcc.a(_arm_fixunsdfsi.o)
                0x0800079c                __aeabi_d2uiz
                0x0800079c                __fixunsdfsi
 .text          0x080007dc       0x30 c:/sysgcc/arm-eabi/bin/../lib/gcc/arm-none-eabi/9.3.1/thumb/v7e-m+fp/hard\libgcc.a(_aeabi_uldivmod.o)
                0x080007dc                __aeabi_uldivmod
 .text          0x0800080c      0x2c4 c:/sysgcc/arm-eabi/bin/../lib/gcc/arm-none-eabi/9.3.1/thumb/v7e-m+fp/hard\libgcc.a(_udivmoddi4.o)
                0x0800080c                __udivmoddi4
 .text          0x08000ad0        0x4 c:/sysgcc/arm-eabi/bin/../lib/gcc/arm-none-eabi/9.3.1/thumb/v7e-m+fp/hard\libgcc.a(_dvmd_tls.o)
                0x08000ad0                __aeabi_idiv0
                0x08000ad0                __aeabi_ldiv0
 *(.text*)
 .text.pvPortMalloc
                0x08000ad4      0x188 VisualGDB/Debug/heap_4.o
                0x08000ad4                pvPortMalloc
 .text.vPortFree
                0x08000c5c       0xb4 VisualGDB/Debug/heap_4.o
                0x08000c5c                vPortFree
 .text.prvHeapInit
                0x08000d10       0xc4 VisualGDB/Debug/heap_4.o
 .text.prvInsertBlockIntoFreeList
                0x08000dd4       0xb4 VisualGDB/Debug/heap_4.o
 .text.NormalMode
                0x08000e88       0x6a VisualGDB/Debug/Attitude.o
                0x08000e88                NormalMode
 .text.PitchMode
                0x08000ef2       0x76 VisualGDB/Debug/Attitude.o
                0x08000ef2                PitchMode
 .text.RowMode  0x08000f68       0x76 VisualGDB/Debug/Attitude.o
                0x08000f68                RowMode
 .text.MixMode  0x08000fde       0x3e VisualGDB/Debug/Attitude.o
                0x08000fde                MixMode
 .text.DeepAnalyze
                0x0800101c      0x5e8 VisualGDB/Debug/Attitude.o
                0x0800101c                DeepAnalyze
 .text.AttitudePoint
                0x08001604       0xa8 VisualGDB/Debug/Attitude.o
                0x08001604                AttitudePoint
 .text.AttitudeTake
                0x080016ac      0x174 VisualGDB/Debug/Attitude.o
                0x080016ac                AttitudeTake
 .text.FFOrientMove
                0x08001820        0xe VisualGDB/Debug/Auto.o
                0x08001820                FFOrientMove
 .text.FFDeepkeepingMove
                0x0800182e        0xe VisualGDB/Debug/Auto.o
                0x0800182e                FFDeepkeepingMove
 .text.SOrientMove
                0x0800183c        0xe VisualGDB/Debug/Auto.o
                0x0800183c                SOrientMove
 .text.SDeepkeepingMove
                0x0800184a        0xe VisualGDB/Debug/Auto.o
                0x0800184a                SDeepkeepingMove
 .text.EOrientMove
                0x08001858        0xe VisualGDB/Debug/Auto.o
                0x08001858                EOrientMove
 .text.EDeepkeepingMove
                0x08001866        0xe VisualGDB/Debug/Auto.o
                0x08001866                EDeepkeepingMove
 .text.BasicPoint
                0x08001874      0x1a8 VisualGDB/Debug/BasicCtrl.o
                0x08001874                BasicPoint
 .text.BasicControl
                0x08001a1c      0x164 VisualGDB/Debug/BasicCtrl.o
                0x08001a1c                BasicControl
 .text.FFMove   0x08001b80      0x1e8 VisualGDB/Debug/BasicCtrl.o
                0x08001b80                FFMove
 .text.SixMove  0x08001d68       0x14 VisualGDB/Debug/BasicCtrl.o
                0x08001d68                SixMove
 .text.EightMove
                0x08001d7c       0x14 VisualGDB/Debug/BasicCtrl.o
                0x08001d7c                EightMove
 .text.MoveDataAnalyze
                0x08001d90      0x1c0 VisualGDB/Debug/BasicCtrl.o
                0x08001d90                MoveDataAnalyze
 .text.PassBack
                0x08001f50      0x108 VisualGDB/Debug/BasicCtrl.o
                0x08001f50                PassBack
 .text.XorCaculate
                0x08002058       0x42 VisualGDB/Debug/BasicCtrl.o
                0x08002058                XorCaculate
 *fill*         0x0800209a        0x2 
 .text.SendNum_QL504
                0x0800209c       0x64 VisualGDB/Debug/Display_QL504.o
 .text.DisWarning_QL504
                0x08002100       0x88 VisualGDB/Debug/Display_QL504.o
                0x08002100                DisWarning_QL504
 .text.DisData_QL504
                0x08002188      0x3c8 VisualGDB/Debug/Display_QL504.o
                0x08002188                DisData_QL504
 .text.vApplicationGetIdleTaskMemory
                0x08002550       0x34 VisualGDB/Debug/freertos.o
                0x08002550                vApplicationGetIdleTaskMemory
 .text.NMI_Handler
                0x08002584        0xe VisualGDB/Debug/stm32f4xx_it.o
                0x08002584                NMI_Handler
 .text.MemManage_Handler
                0x08002592        0x6 VisualGDB/Debug/stm32f4xx_it.o
                0x08002592                MemManage_Handler
 .text.BusFault_Handler
                0x08002598        0x6 VisualGDB/Debug/stm32f4xx_it.o
                0x08002598                BusFault_Handler
 .text.UsageFault_Handler
                0x0800259e        0x6 VisualGDB/Debug/stm32f4xx_it.o
                0x0800259e                UsageFault_Handler
 .text.DebugMon_Handler
                0x080025a4        0xe VisualGDB/Debug/stm32f4xx_it.o
                0x080025a4                DebugMon_Handler
 *fill*         0x080025b2        0x2 
 .text.DMA1_Stream0_IRQHandler
                0x080025b4       0x14 VisualGDB/Debug/stm32f4xx_it.o
                0x080025b4                DMA1_Stream0_IRQHandler
 .text.DMA1_Stream1_IRQHandler
                0x080025c8       0x14 VisualGDB/Debug/stm32f4xx_it.o
                0x080025c8                DMA1_Stream1_IRQHandler
 .text.DMA1_Stream2_IRQHandler
                0x080025dc       0x14 VisualGDB/Debug/stm32f4xx_it.o
                0x080025dc                DMA1_Stream2_IRQHandler
 .text.DMA1_Stream3_IRQHandler
                0x080025f0       0x14 VisualGDB/Debug/stm32f4xx_it.o
                0x080025f0                DMA1_Stream3_IRQHandler
 .text.DMA1_Stream4_IRQHandler
                0x08002604       0x14 VisualGDB/Debug/stm32f4xx_it.o
                0x08002604                DMA1_Stream4_IRQHandler
 .text.DMA1_Stream5_IRQHandler
                0x08002618       0x14 VisualGDB/Debug/stm32f4xx_it.o
                0x08002618                DMA1_Stream5_IRQHandler
 .text.DMA1_Stream6_IRQHandler
                0x0800262c       0x14 VisualGDB/Debug/stm32f4xx_it.o
                0x0800262c                DMA1_Stream6_IRQHandler
 .text.TIM1_UP_TIM10_IRQHandler
                0x08002640       0x1c VisualGDB/Debug/stm32f4xx_it.o
                0x08002640                TIM1_UP_TIM10_IRQHandler
 .text.USART1_IRQHandler
                0x0800265c       0xfc VisualGDB/Debug/stm32f4xx_it.o
                0x0800265c                USART1_IRQHandler
 .text.USART2_IRQHandler
                0x08002758       0x14 VisualGDB/Debug/stm32f4xx_it.o
                0x08002758                USART2_IRQHandler
 .text.USART3_IRQHandler
                0x0800276c       0xd0 VisualGDB/Debug/stm32f4xx_it.o
                0x0800276c                USART3_IRQHandler
 .text.DMA1_Stream7_IRQHandler
                0x0800283c       0x14 VisualGDB/Debug/stm32f4xx_it.o
                0x0800283c                DMA1_Stream7_IRQHandler
 .text.UART4_IRQHandler
                0x08002850      0x120 VisualGDB/Debug/stm32f4xx_it.o
                0x08002850                UART4_IRQHandler
 .text.UART5_IRQHandler
                0x08002970       0x14 VisualGDB/Debug/stm32f4xx_it.o
                0x08002970                UART5_IRQHandler
 .text.TIM7_IRQHandler
                0x08002984      0x140 VisualGDB/Debug/stm32f4xx_it.o
                0x08002984                TIM7_IRQHandler
 .text.DMA2_Stream0_IRQHandler
                0x08002ac4       0x14 VisualGDB/Debug/stm32f4xx_it.o
                0x08002ac4                DMA2_Stream0_IRQHandler
 .text.DMA2_Stream1_IRQHandler
                0x08002ad8       0x14 VisualGDB/Debug/stm32f4xx_it.o
                0x08002ad8                DMA2_Stream1_IRQHandler
 .text.DMA2_Stream2_IRQHandler
                0x08002aec       0x14 VisualGDB/Debug/stm32f4xx_it.o
                0x08002aec                DMA2_Stream2_IRQHandler
 .text.DMA2_Stream6_IRQHandler
                0x08002b00       0x14 VisualGDB/Debug/stm32f4xx_it.o
                0x08002b00                DMA2_Stream6_IRQHandler
 .text.DMA2_Stream7_IRQHandler
                0x08002b14       0x14 VisualGDB/Debug/stm32f4xx_it.o
                0x08002b14                DMA2_Stream7_IRQHandler
 .text.USART6_IRQHandler
                0x08002b28       0x14 VisualGDB/Debug/stm32f4xx_it.o
                0x08002b28                USART6_IRQHandler
 .text.HAL_MspInit
                0x08002b3c       0x58 VisualGDB/Debug/stm32f4xx_hal_msp.o
                0x08002b3c                HAL_MspInit
 .text.HAL_ADC_MspInit
                0x08002b94       0xf0 VisualGDB/Debug/stm32f4xx_hal_msp.o
                0x08002b94                HAL_ADC_MspInit
 .text.HAL_TIM_Base_MspInit
                0x08002c84      0x10c VisualGDB/Debug/stm32f4xx_hal_msp.o
                0x08002c84                HAL_TIM_Base_MspInit
 .text.HAL_TIM_MspPostInit
                0x08002d90      0x19c VisualGDB/Debug/stm32f4xx_hal_msp.o
                0x08002d90                HAL_TIM_MspPostInit
 .text.HAL_UART_MspInit
                0x08002f2c      0x81c VisualGDB/Debug/stm32f4xx_hal_msp.o
                0x08002f2c                HAL_UART_MspInit
 .text.HAL_InitTick
                0x08003748       0xb4 VisualGDB/Debug/stm32f4xx_hal_timebase_tim.o
                0x08003748                HAL_InitTick
 .text.main     0x080037fc      0x1d8 VisualGDB/Debug/main.o
                0x080037fc                main
 .text.SystemClock_Config
                0x080039d4       0xd8 VisualGDB/Debug/main.o
                0x080039d4                SystemClock_Config
 .text.MX_ADC1_Init
                0x08003aac      0x130 VisualGDB/Debug/main.o
 .text.MX_IWDG_Init
                0x08003bdc       0x34 VisualGDB/Debug/main.o
 .text.MX_TIM1_Init
                0x08003c10      0x18c VisualGDB/Debug/main.o
 .text.MX_TIM2_Init
                0x08003d9c      0x130 VisualGDB/Debug/main.o
 .text.MX_TIM3_Init
                0x08003ecc      0x11c VisualGDB/Debug/main.o
 .text.MX_TIM7_Init
                0x08003fe8       0x6c VisualGDB/Debug/main.o
 .text.MX_TIM14_Init
                0x08004054       0x9c VisualGDB/Debug/main.o
 .text.MX_UART4_Init
                0x080040f0       0x54 VisualGDB/Debug/main.o
 .text.MX_UART5_Init
                0x08004144       0x54 VisualGDB/Debug/main.o
 .text.MX_USART1_UART_Init
                0x08004198       0x54 VisualGDB/Debug/main.o
 .text.MX_USART2_UART_Init
                0x080041ec       0x54 VisualGDB/Debug/main.o
 .text.MX_USART3_UART_Init
                0x08004240       0x54 VisualGDB/Debug/main.o
 .text.MX_USART6_UART_Init
                0x08004294       0x54 VisualGDB/Debug/main.o
 .text.MX_DMA_Init
                0x080042e8      0x11c VisualGDB/Debug/main.o
 .text.MX_GPIO_Init
                0x08004404       0xc0 VisualGDB/Debug/main.o
 *fill*         0x080044c4        0x4 
 .text.CtrlTask
                0x080044c8      0x128 VisualGDB/Debug/main.o
                0x080044c8                CtrlTask
 .text.DisTask  0x080045f0      0x120 VisualGDB/Debug/main.o
                0x080045f0                DisTask
 .text.WDTask   0x08004710       0x70 VisualGDB/Debug/main.o
                0x08004710                WDTask
 .text.AttTask  0x08004780       0x78 VisualGDB/Debug/main.o
                0x08004780                AttTask
 .text.EmpTask  0x080047f8       0x14 VisualGDB/Debug/main.o
                0x080047f8                EmpTask
 .text.AutoTask
                0x0800480c       0x1c VisualGDB/Debug/main.o
                0x0800480c                AutoTask
 .text.InitTask
                0x08004828      0x1fc VisualGDB/Debug/main.o
                0x08004828                InitTask
 .text.SWTask   0x08004a24       0xd0 VisualGDB/Debug/main.o
                0x08004a24                SWTask
 .text.HAL_TIM_PeriodElapsedCallback
                0x08004af4       0x24 VisualGDB/Debug/main.o
                0x08004af4                HAL_TIM_PeriodElapsedCallback
 .text.Error_Handler
                0x08004b18        0xe VisualGDB/Debug/main.o
                0x08004b18                Error_Handler
 *fill*         0x08004b26        0x2 
 .text.SystemInit
                0x08004b28       0x2c VisualGDB/Debug/system_stm32f4xx.o
                0x08004b28                SystemInit
 .text.HAL_Init
                0x08004b54       0x44 VisualGDB/Debug/stm32f4xx_hal.o
                0x08004b54                HAL_Init
 .text.HAL_IncTick
                0x08004b98       0x28 VisualGDB/Debug/stm32f4xx_hal.o
                0x08004b98                HAL_IncTick
 .text.HAL_GetTick
                0x08004bc0       0x18 VisualGDB/Debug/stm32f4xx_hal.o
                0x08004bc0                HAL_GetTick
 .text.HAL_ADC_Init
                0x08004bd8       0x86 VisualGDB/Debug/stm32f4xx_hal_adc.o
                0x08004bd8                HAL_ADC_Init
 *fill*         0x08004c5e        0x2 
 .text.HAL_ADC_Start_DMA
                0x08004c60      0x1e4 VisualGDB/Debug/stm32f4xx_hal_adc.o
                0x08004c60                HAL_ADC_Start_DMA
 .text.HAL_ADC_ConvCpltCallback
                0x08004e44       0x14 VisualGDB/Debug/stm32f4xx_hal_adc.o
                0x08004e44                HAL_ADC_ConvCpltCallback
 .text.HAL_ADC_ConvHalfCpltCallback
                0x08004e58       0x14 VisualGDB/Debug/stm32f4xx_hal_adc.o
                0x08004e58                HAL_ADC_ConvHalfCpltCallback
 .text.HAL_ADC_ErrorCallback
                0x08004e6c       0x14 VisualGDB/Debug/stm32f4xx_hal_adc.o
                0x08004e6c                HAL_ADC_ErrorCallback
 .text.HAL_ADC_ConfigChannel
                0x08004e80      0x244 VisualGDB/Debug/stm32f4xx_hal_adc.o
                0x08004e80                HAL_ADC_ConfigChannel
 .text.ADC_Init
                0x080050c4      0x1f8 VisualGDB/Debug/stm32f4xx_hal_adc.o
 .text.ADC_DMAConvCplt
                0x080052bc       0xba VisualGDB/Debug/stm32f4xx_hal_adc.o
 .text.ADC_DMAHalfConvCplt
                0x08005376       0x1c VisualGDB/Debug/stm32f4xx_hal_adc.o
 .text.ADC_DMAError
                0x08005392       0x2e VisualGDB/Debug/stm32f4xx_hal_adc.o
 .text.HAL_UART_Init
                0x080053c0       0x9a VisualGDB/Debug/stm32f4xx_hal_uart.o
                0x080053c0                HAL_UART_Init
 *fill*         0x0800545a        0x2 
 .text.HAL_UART_Transmit_DMA
                0x0800545c       0xd8 VisualGDB/Debug/stm32f4xx_hal_uart.o
                0x0800545c                HAL_UART_Transmit_DMA
 .text.HAL_UART_Receive_DMA
                0x08005534      0x100 VisualGDB/Debug/stm32f4xx_hal_uart.o
                0x08005534                HAL_UART_Receive_DMA
 .text.HAL_UART_DMAStop
                0x08005634       0xb6 VisualGDB/Debug/stm32f4xx_hal_uart.o
                0x08005634                HAL_UART_DMAStop
 *fill*         0x080056ea        0x2 
 .text.HAL_UART_IRQHandler
                0x080056ec      0x200 VisualGDB/Debug/stm32f4xx_hal_uart.o
                0x080056ec                HAL_UART_IRQHandler
 .text.HAL_UART_TxCpltCallback
                0x080058ec       0x14 VisualGDB/Debug/stm32f4xx_hal_uart.o
                0x080058ec                HAL_UART_TxCpltCallback
 .text.HAL_UART_TxHalfCpltCallback
                0x08005900       0x14 VisualGDB/Debug/stm32f4xx_hal_uart.o
                0x08005900                HAL_UART_TxHalfCpltCallback
 .text.HAL_UART_RxCpltCallback
                0x08005914       0x14 VisualGDB/Debug/stm32f4xx_hal_uart.o
                0x08005914                HAL_UART_RxCpltCallback
 .text.HAL_UART_RxHalfCpltCallback
                0x08005928       0x14 VisualGDB/Debug/stm32f4xx_hal_uart.o
                0x08005928                HAL_UART_RxHalfCpltCallback
 .text.HAL_UART_ErrorCallback
                0x0800593c       0x14 VisualGDB/Debug/stm32f4xx_hal_uart.o
                0x0800593c                HAL_UART_ErrorCallback
 .text.UART_DMATransmitCplt
                0x08005950       0x52 VisualGDB/Debug/stm32f4xx_hal_uart.o
 .text.UART_DMATxHalfCplt
                0x080059a2       0x1c VisualGDB/Debug/stm32f4xx_hal_uart.o
 .text.UART_DMAReceiveCplt
                0x080059be       0x68 VisualGDB/Debug/stm32f4xx_hal_uart.o
 .text.UART_DMARxHalfCplt
                0x08005a26       0x1c VisualGDB/Debug/stm32f4xx_hal_uart.o
 .text.UART_DMAError
                0x08005a42       0x94 VisualGDB/Debug/stm32f4xx_hal_uart.o
 .text.UART_EndTxTransfer
                0x08005ad6       0x2c VisualGDB/Debug/stm32f4xx_hal_uart.o
 .text.UART_EndRxTransfer
                0x08005b02       0x3c VisualGDB/Debug/stm32f4xx_hal_uart.o
 .text.UART_DMAAbortOnError
                0x08005b3e       0x28 VisualGDB/Debug/stm32f4xx_hal_uart.o
 .text.UART_Transmit_IT
                0x08005b66       0xac VisualGDB/Debug/stm32f4xx_hal_uart.o
 .text.UART_EndTransmit_IT
                0x08005c12       0x30 VisualGDB/Debug/stm32f4xx_hal_uart.o
 .text.UART_Receive_IT
                0x08005c42      0x102 VisualGDB/Debug/stm32f4xx_hal_uart.o
 .text.UART_SetConfig
                0x08005d44      0x738 VisualGDB/Debug/stm32f4xx_hal_uart.o
 .text.HAL_GPIO_Init
                0x0800647c      0x338 VisualGDB/Debug/stm32f4xx_hal_gpio.o
                0x0800647c                HAL_GPIO_Init
 .text.vListInitialise
                0x080067b4       0x40 VisualGDB/Debug/list.o
                0x080067b4                vListInitialise
 .text.vListInitialiseItem
                0x080067f4       0x1a VisualGDB/Debug/list.o
                0x080067f4                vListInitialiseItem
 .text.vListInsertEnd
                0x0800680e       0x48 VisualGDB/Debug/list.o
                0x0800680e                vListInsertEnd
 .text.vListInsert
                0x08006856       0x72 VisualGDB/Debug/list.o
                0x08006856                vListInsert
 .text.uxListRemove
                0x080068c8       0x54 VisualGDB/Debug/list.o
                0x080068c8                uxListRemove
 .text.xTaskCreateStatic
                0x0800691c       0xbe VisualGDB/Debug/tasks.o
                0x0800691c                xTaskCreateStatic
 .text.xTaskCreate
                0x080069da       0x8c VisualGDB/Debug/tasks.o
                0x080069da                xTaskCreate
 .text.prvInitialiseNewTask
                0x08006a66      0x18e VisualGDB/Debug/tasks.o
 .text.prvAddNewTaskToReadyList
                0x08006bf4       0xd4 VisualGDB/Debug/tasks.o
 .text.vTaskDelay
                0x08006cc8       0x68 VisualGDB/Debug/tasks.o
                0x08006cc8                vTaskDelay
 .text.vTaskSuspend
                0x08006d30      0x124 VisualGDB/Debug/tasks.o
                0x08006d30                vTaskSuspend
 .text.prvTaskIsTaskSuspended
                0x08006e54       0x64 VisualGDB/Debug/tasks.o
 .text.vTaskResume
                0x08006eb8       0xbc VisualGDB/Debug/tasks.o
                0x08006eb8                vTaskResume
 .text.vTaskStartScheduler
                0x08006f74       0xd4 VisualGDB/Debug/tasks.o
                0x08006f74                vTaskStartScheduler
 .text.vTaskSuspendAll
                0x08007048       0x1c VisualGDB/Debug/tasks.o
                0x08007048                vTaskSuspendAll
 .text.xTaskResumeAll
                0x08007064      0x138 VisualGDB/Debug/tasks.o
                0x08007064                xTaskResumeAll
 .text.xTaskIncrementTick
                0x0800719c      0x170 VisualGDB/Debug/tasks.o
                0x0800719c                xTaskIncrementTick
 .text.vTaskSwitchContext
                0x0800730c       0xc4 VisualGDB/Debug/tasks.o
                0x0800730c                vTaskSwitchContext
 .text.prvIdleTask
                0x080073d0       0x30 VisualGDB/Debug/tasks.o
 .text.prvInitialiseTaskLists
                0x08007400       0x80 VisualGDB/Debug/tasks.o
 .text.prvCheckTasksWaitingTermination
                0x08007480       0x5c VisualGDB/Debug/tasks.o
 .text.prvDeleteTCB
                0x080074dc       0x68 VisualGDB/Debug/tasks.o
 .text.prvResetNextTaskUnblockTime
                0x08007544       0x40 VisualGDB/Debug/tasks.o
 .text.prvAddCurrentTaskToDelayedList
                0x08007584       0xcc VisualGDB/Debug/tasks.o
 .text.pxPortInitialiseStack
                0x08007650       0x68 VisualGDB/Debug/port.o
                0x08007650                pxPortInitialiseStack
 .text.prvTaskExitError
                0x080076b8       0x58 VisualGDB/Debug/port.o
 .text.SVC_Handler
                0x08007710       0x28 VisualGDB/Debug/port.o
                0x08007710                SVC_Handler
 .text.prvPortStartFirstTask
                0x08007738       0x28 VisualGDB/Debug/port.o
 .text.xPortStartScheduler
                0x08007760      0x144 VisualGDB/Debug/port.o
                0x08007760                xPortStartScheduler
 .text.vPortEnterCritical
                0x080078a4       0x60 VisualGDB/Debug/port.o
                0x080078a4                vPortEnterCritical
 .text.vPortExitCritical
                0x08007904       0x54 VisualGDB/Debug/port.o
                0x08007904                vPortExitCritical
 *fill*         0x08007958        0x8 
 .text.PendSV_Handler
                0x08007960       0x68 VisualGDB/Debug/port.o
                0x08007960                PendSV_Handler
 .text.SysTick_Handler
                0x080079c8       0x44 VisualGDB/Debug/port.o
                0x080079c8                SysTick_Handler
 .text.vPortSetupTimerInterrupt
                0x08007a0c       0x48 VisualGDB/Debug/port.o
                0x08007a0c                vPortSetupTimerInterrupt
 .text.vPortEnableVFP
                0x08007a54       0x14 VisualGDB/Debug/port.o
 .text.makeFreeRtosPriority
                0x08007a68       0x30 VisualGDB/Debug/cmsis_os.o
 .text.osKernelStart
                0x08007a98        0xe VisualGDB/Debug/cmsis_os.o
                0x08007a98                osKernelStart
 .text.osThreadCreate
                0x08007aa6       0x98 VisualGDB/Debug/cmsis_os.o
                0x08007aa6                osThreadCreate
 .text.osDelay  0x08007b3e       0x28 VisualGDB/Debug/cmsis_os.o
                0x08007b3e                osDelay
 .text.HAL_IWDG_Init
                0x08007b66       0x72 VisualGDB/Debug/stm32f4xx_hal_iwdg.o
                0x08007b66                HAL_IWDG_Init
 .text.HAL_IWDG_Refresh
                0x08007bd8       0x20 VisualGDB/Debug/stm32f4xx_hal_iwdg.o
                0x08007bd8                HAL_IWDG_Refresh
 .text.HAL_RCC_OscConfig
                0x08007bf8      0x4e0 VisualGDB/Debug/stm32f4xx_hal_rcc.o
                0x08007bf8                HAL_RCC_OscConfig
 .text.HAL_RCC_ClockConfig
                0x080080d8      0x1cc VisualGDB/Debug/stm32f4xx_hal_rcc.o
                0x080080d8                HAL_RCC_ClockConfig
 .text.HAL_RCC_GetSysClockFreq
                0x080082a4      0x1c4 VisualGDB/Debug/stm32f4xx_hal_rcc.o
                0x080082a4                HAL_RCC_GetSysClockFreq
 .text.HAL_RCC_GetHCLKFreq
                0x08008468       0x18 VisualGDB/Debug/stm32f4xx_hal_rcc.o
                0x08008468                HAL_RCC_GetHCLKFreq
 .text.HAL_RCC_GetPCLK1Freq
                0x08008480       0x28 VisualGDB/Debug/stm32f4xx_hal_rcc.o
                0x08008480                HAL_RCC_GetPCLK1Freq
 .text.HAL_RCC_GetPCLK2Freq
                0x080084a8       0x28 VisualGDB/Debug/stm32f4xx_hal_rcc.o
                0x080084a8                HAL_RCC_GetPCLK2Freq
 .text.HAL_RCC_GetClockConfig
                0x080084d0       0x64 VisualGDB/Debug/stm32f4xx_hal_rcc.o
                0x080084d0                HAL_RCC_GetClockConfig
 .text.__NVIC_SetPriorityGrouping
                0x08008534       0x48 VisualGDB/Debug/stm32f4xx_hal_cortex.o
 .text.__NVIC_GetPriorityGrouping
                0x0800857c       0x1c VisualGDB/Debug/stm32f4xx_hal_cortex.o
 .text.__NVIC_EnableIRQ
                0x08008598       0x3c VisualGDB/Debug/stm32f4xx_hal_cortex.o
 .text.__NVIC_SetPriority
                0x080085d4       0x54 VisualGDB/Debug/stm32f4xx_hal_cortex.o
 .text.NVIC_EncodePriority
                0x08008628       0x66 VisualGDB/Debug/stm32f4xx_hal_cortex.o
 .text.HAL_NVIC_SetPriorityGrouping
                0x0800868e       0x16 VisualGDB/Debug/stm32f4xx_hal_cortex.o
                0x0800868e                HAL_NVIC_SetPriorityGrouping
 .text.HAL_NVIC_SetPriority
                0x080086a4       0x38 VisualGDB/Debug/stm32f4xx_hal_cortex.o
                0x080086a4                HAL_NVIC_SetPriority
 .text.HAL_NVIC_EnableIRQ
                0x080086dc       0x1c VisualGDB/Debug/stm32f4xx_hal_cortex.o
                0x080086dc                HAL_NVIC_EnableIRQ
 .text.HAL_TIM_Base_Init
                0x080086f8       0x56 VisualGDB/Debug/stm32f4xx_hal_tim.o
                0x080086f8                HAL_TIM_Base_Init
 .text.HAL_TIM_Base_Start_IT
                0x0800874e       0x48 VisualGDB/Debug/stm32f4xx_hal_tim.o
                0x0800874e                HAL_TIM_Base_Start_IT
 .text.HAL_TIM_PWM_Init
                0x08008796       0x56 VisualGDB/Debug/stm32f4xx_hal_tim.o
                0x08008796                HAL_TIM_PWM_Init
 .text.HAL_TIM_PWM_MspInit
                0x080087ec       0x14 VisualGDB/Debug/stm32f4xx_hal_tim.o
                0x080087ec                HAL_TIM_PWM_MspInit
 .text.HAL_TIM_PWM_Start
                0x08008800       0x7c VisualGDB/Debug/stm32f4xx_hal_tim.o
                0x08008800                HAL_TIM_PWM_Start
 .text.HAL_TIM_IRQHandler
                0x0800887c      0x210 VisualGDB/Debug/stm32f4xx_hal_tim.o
                0x0800887c                HAL_TIM_IRQHandler
 .text.HAL_TIM_PWM_ConfigChannel
                0x08008a8c      0x18c VisualGDB/Debug/stm32f4xx_hal_tim.o
                0x08008a8c                HAL_TIM_PWM_ConfigChannel
 .text.HAL_TIM_ConfigClockSource
                0x08008c18      0x188 VisualGDB/Debug/stm32f4xx_hal_tim.o
                0x08008c18                HAL_TIM_ConfigClockSource
 .text.HAL_TIM_OC_DelayElapsedCallback
                0x08008da0       0x14 VisualGDB/Debug/stm32f4xx_hal_tim.o
                0x08008da0                HAL_TIM_OC_DelayElapsedCallback
 .text.HAL_TIM_IC_CaptureCallback
                0x08008db4       0x14 VisualGDB/Debug/stm32f4xx_hal_tim.o
                0x08008db4                HAL_TIM_IC_CaptureCallback
 .text.HAL_TIM_PWM_PulseFinishedCallback
                0x08008dc8       0x14 VisualGDB/Debug/stm32f4xx_hal_tim.o
                0x08008dc8                HAL_TIM_PWM_PulseFinishedCallback
 .text.HAL_TIM_TriggerCallback
                0x08008ddc       0x14 VisualGDB/Debug/stm32f4xx_hal_tim.o
                0x08008ddc                HAL_TIM_TriggerCallback
 .text.TIM_Base_SetConfig
                0x08008df0      0x140 VisualGDB/Debug/stm32f4xx_hal_tim.o
                0x08008df0                TIM_Base_SetConfig
 .text.TIM_OC1_SetConfig
                0x08008f30       0xe0 VisualGDB/Debug/stm32f4xx_hal_tim.o
 .text.TIM_OC2_SetConfig
                0x08009010       0xec VisualGDB/Debug/stm32f4xx_hal_tim.o
                0x08009010                TIM_OC2_SetConfig
 .text.TIM_OC3_SetConfig
                0x080090fc       0xe8 VisualGDB/Debug/stm32f4xx_hal_tim.o
 .text.TIM_OC4_SetConfig
                0x080091e4       0xac VisualGDB/Debug/stm32f4xx_hal_tim.o
 .text.TIM_TI1_ConfigInputStage
                0x08009290       0x5e VisualGDB/Debug/stm32f4xx_hal_tim.o
 .text.TIM_TI2_ConfigInputStage
                0x080092ee       0x60 VisualGDB/Debug/stm32f4xx_hal_tim.o
 .text.TIM_ITRx_SetConfig
                0x0800934e       0x36 VisualGDB/Debug/stm32f4xx_hal_tim.o
 .text.TIM_ETR_SetConfig
                0x08009384       0x40 VisualGDB/Debug/stm32f4xx_hal_tim.o
                0x08009384                TIM_ETR_SetConfig
 .text.TIM_CCxChannelCmd
                0x080093c4       0x4a VisualGDB/Debug/stm32f4xx_hal_tim.o
                0x080093c4                TIM_CCxChannelCmd
 *fill*         0x0800940e        0x2 
 .text.HAL_TIMEx_MasterConfigSynchronization
                0x08009410       0xf8 VisualGDB/Debug/stm32f4xx_hal_tim_ex.o
                0x08009410                HAL_TIMEx_MasterConfigSynchronization
 .text.HAL_TIMEx_ConfigBreakDeadTime
                0x08009508       0xa4 VisualGDB/Debug/stm32f4xx_hal_tim_ex.o
                0x08009508                HAL_TIMEx_ConfigBreakDeadTime
 .text.HAL_TIMEx_CommutCallback
                0x080095ac       0x14 VisualGDB/Debug/stm32f4xx_hal_tim_ex.o
                0x080095ac                HAL_TIMEx_CommutCallback
 .text.HAL_TIMEx_BreakCallback
                0x080095c0       0x14 VisualGDB/Debug/stm32f4xx_hal_tim_ex.o
                0x080095c0                HAL_TIMEx_BreakCallback
 .text.HAL_DMA_Init
                0x080095d4      0x15c VisualGDB/Debug/stm32f4xx_hal_dma.o
                0x080095d4                HAL_DMA_Init
 .text.HAL_DMA_Start_IT
                0x08009730       0xb0 VisualGDB/Debug/stm32f4xx_hal_dma.o
                0x08009730                HAL_DMA_Start_IT
 .text.HAL_DMA_Abort
                0x080097e0       0xe0 VisualGDB/Debug/stm32f4xx_hal_dma.o
                0x080097e0                HAL_DMA_Abort
 .text.HAL_DMA_Abort_IT
                0x080098c0       0x44 VisualGDB/Debug/stm32f4xx_hal_dma.o
                0x080098c0                HAL_DMA_Abort_IT
 .text.HAL_DMA_IRQHandler
                0x08009904      0x314 VisualGDB/Debug/stm32f4xx_hal_dma.o
                0x08009904                HAL_DMA_IRQHandler
 .text.DMA_SetConfig
                0x08009c18       0x5c VisualGDB/Debug/stm32f4xx_hal_dma.o
 .text.DMA_CalcBaseAndBitshift
                0x08009c74       0x6c VisualGDB/Debug/stm32f4xx_hal_dma.o
 .text.DMA_CheckFifoParam
                0x08009ce0       0xf8 VisualGDB/Debug/stm32f4xx_hal_dma.o
 .text.HardFault_Handler
                0x08009dd8        0x6 VisualGDB/Debug/startup_stm32f407xx.o
                0x08009dd8                HardFault_Handler
 .text.WWDG_IRQHandler
                0x08009dde        0x6 VisualGDB/Debug/startup_stm32f407xx.o
                0x08009dde                WWDG_IRQHandler
 .text.PVD_IRQHandler
                0x08009de4        0x6 VisualGDB/Debug/startup_stm32f407xx.o
                0x08009de4                PVD_IRQHandler
 .text.TAMP_STAMP_IRQHandler
                0x08009dea        0x6 VisualGDB/Debug/startup_stm32f407xx.o
                0x08009dea                TAMP_STAMP_IRQHandler
 .text.RTC_WKUP_IRQHandler
                0x08009df0        0x6 VisualGDB/Debug/startup_stm32f407xx.o
                0x08009df0                RTC_WKUP_IRQHandler
 .text.FLASH_IRQHandler
                0x08009df6        0x6 VisualGDB/Debug/startup_stm32f407xx.o
                0x08009df6                FLASH_IRQHandler
 .text.RCC_IRQHandler
                0x08009dfc        0x6 VisualGDB/Debug/startup_stm32f407xx.o
                0x08009dfc                RCC_IRQHandler
 .text.EXTI0_IRQHandler
                0x08009e02        0x6 VisualGDB/Debug/startup_stm32f407xx.o
                0x08009e02                EXTI0_IRQHandler
 .text.EXTI1_IRQHandler
                0x08009e08        0x6 VisualGDB/Debug/startup_stm32f407xx.o
                0x08009e08                EXTI1_IRQHandler
 .text.EXTI2_IRQHandler
                0x08009e0e        0x6 VisualGDB/Debug/startup_stm32f407xx.o
                0x08009e0e                EXTI2_IRQHandler
 .text.EXTI3_IRQHandler
                0x08009e14        0x6 VisualGDB/Debug/startup_stm32f407xx.o
                0x08009e14                EXTI3_IRQHandler
 .text.EXTI4_IRQHandler
                0x08009e1a        0x6 VisualGDB/Debug/startup_stm32f407xx.o
                0x08009e1a                EXTI4_IRQHandler
 .text.ADC_IRQHandler
                0x08009e20        0x6 VisualGDB/Debug/startup_stm32f407xx.o
                0x08009e20                ADC_IRQHandler
 .text.CAN1_TX_IRQHandler
                0x08009e26        0x6 VisualGDB/Debug/startup_stm32f407xx.o
                0x08009e26                CAN1_TX_IRQHandler
 .text.CAN1_RX0_IRQHandler
                0x08009e2c        0x6 VisualGDB/Debug/startup_stm32f407xx.o
                0x08009e2c                CAN1_RX0_IRQHandler
 .text.CAN1_RX1_IRQHandler
                0x08009e32        0x6 VisualGDB/Debug/startup_stm32f407xx.o
                0x08009e32                CAN1_RX1_IRQHandler
 .text.CAN1_SCE_IRQHandler
                0x08009e38        0x6 VisualGDB/Debug/startup_stm32f407xx.o
                0x08009e38                CAN1_SCE_IRQHandler
 .text.EXTI9_5_IRQHandler
                0x08009e3e        0x6 VisualGDB/Debug/startup_stm32f407xx.o
                0x08009e3e                EXTI9_5_IRQHandler
 .text.TIM1_BRK_TIM9_IRQHandler
                0x08009e44        0x6 VisualGDB/Debug/startup_stm32f407xx.o
                0x08009e44                TIM1_BRK_TIM9_IRQHandler
 .text.TIM1_TRG_COM_TIM11_IRQHandler
                0x08009e4a        0x6 VisualGDB/Debug/startup_stm32f407xx.o
                0x08009e4a                TIM1_TRG_COM_TIM11_IRQHandler
 .text.TIM1_CC_IRQHandler
                0x08009e50        0x6 VisualGDB/Debug/startup_stm32f407xx.o
                0x08009e50                TIM1_CC_IRQHandler
 .text.TIM2_IRQHandler
                0x08009e56        0x6 VisualGDB/Debug/startup_stm32f407xx.o
                0x08009e56                TIM2_IRQHandler
 .text.TIM3_IRQHandler
                0x08009e5c        0x6 VisualGDB/Debug/startup_stm32f407xx.o
                0x08009e5c                TIM3_IRQHandler
 .text.TIM4_IRQHandler
                0x08009e62        0x6 VisualGDB/Debug/startup_stm32f407xx.o
                0x08009e62                TIM4_IRQHandler
 .text.I2C1_EV_IRQHandler
                0x08009e68        0x6 VisualGDB/Debug/startup_stm32f407xx.o
                0x08009e68                I2C1_EV_IRQHandler
 .text.I2C1_ER_IRQHandler
                0x08009e6e        0x6 VisualGDB/Debug/startup_stm32f407xx.o
                0x08009e6e                I2C1_ER_IRQHandler
 .text.I2C2_EV_IRQHandler
                0x08009e74        0x6 VisualGDB/Debug/startup_stm32f407xx.o
                0x08009e74                I2C2_EV_IRQHandler
 .text.I2C2_ER_IRQHandler
                0x08009e7a        0x6 VisualGDB/Debug/startup_stm32f407xx.o
                0x08009e7a                I2C2_ER_IRQHandler
 .text.SPI1_IRQHandler
                0x08009e80        0x6 VisualGDB/Debug/startup_stm32f407xx.o
                0x08009e80                SPI1_IRQHandler
 .text.SPI2_IRQHandler
                0x08009e86        0x6 VisualGDB/Debug/startup_stm32f407xx.o
                0x08009e86                SPI2_IRQHandler
 .text.EXTI15_10_IRQHandler
                0x08009e8c        0x6 VisualGDB/Debug/startup_stm32f407xx.o
                0x08009e8c                EXTI15_10_IRQHandler
 .text.RTC_Alarm_IRQHandler
                0x08009e92        0x6 VisualGDB/Debug/startup_stm32f407xx.o
                0x08009e92                RTC_Alarm_IRQHandler
 .text.OTG_FS_WKUP_IRQHandler
                0x08009e98        0x6 VisualGDB/Debug/startup_stm32f407xx.o
                0x08009e98                OTG_FS_WKUP_IRQHandler
 .text.TIM8_BRK_TIM12_IRQHandler
                0x08009e9e        0x6 VisualGDB/Debug/startup_stm32f407xx.o
                0x08009e9e                TIM8_BRK_TIM12_IRQHandler
 .text.TIM8_UP_TIM13_IRQHandler
                0x08009ea4        0x6 VisualGDB/Debug/startup_stm32f407xx.o
                0x08009ea4                TIM8_UP_TIM13_IRQHandler
 .text.TIM8_TRG_COM_TIM14_IRQHandler
                0x08009eaa        0x6 VisualGDB/Debug/startup_stm32f407xx.o
                0x08009eaa                TIM8_TRG_COM_TIM14_IRQHandler
 .text.TIM8_CC_IRQHandler
                0x08009eb0        0x6 VisualGDB/Debug/startup_stm32f407xx.o
                0x08009eb0                TIM8_CC_IRQHandler
 .text.FSMC_IRQHandler
                0x08009eb6        0x6 VisualGDB/Debug/startup_stm32f407xx.o
                0x08009eb6                FSMC_IRQHandler
 .text.SDIO_IRQHandler
                0x08009ebc        0x6 VisualGDB/Debug/startup_stm32f407xx.o
                0x08009ebc                SDIO_IRQHandler
 .text.TIM5_IRQHandler
                0x08009ec2        0x6 VisualGDB/Debug/startup_stm32f407xx.o
                0x08009ec2                TIM5_IRQHandler
 .text.SPI3_IRQHandler
                0x08009ec8        0x6 VisualGDB/Debug/startup_stm32f407xx.o
                0x08009ec8                SPI3_IRQHandler
 .text.TIM6_DAC_IRQHandler
                0x08009ece        0x6 VisualGDB/Debug/startup_stm32f407xx.o
                0x08009ece                TIM6_DAC_IRQHandler
 .text.DMA2_Stream3_IRQHandler
                0x08009ed4        0x6 VisualGDB/Debug/startup_stm32f407xx.o
                0x08009ed4                DMA2_Stream3_IRQHandler
 .text.DMA2_Stream4_IRQHandler
                0x08009eda        0x6 VisualGDB/Debug/startup_stm32f407xx.o
                0x08009eda                DMA2_Stream4_IRQHandler
 .text.ETH_IRQHandler
                0x08009ee0        0x6 VisualGDB/Debug/startup_stm32f407xx.o
                0x08009ee0                ETH_IRQHandler
 .text.ETH_WKUP_IRQHandler
                0x08009ee6        0x6 VisualGDB/Debug/startup_stm32f407xx.o
                0x08009ee6                ETH_WKUP_IRQHandler
 .text.CAN2_TX_IRQHandler
                0x08009eec        0x6 VisualGDB/Debug/startup_stm32f407xx.o
                0x08009eec                CAN2_TX_IRQHandler
 .text.CAN2_RX0_IRQHandler
                0x08009ef2        0x6 VisualGDB/Debug/startup_stm32f407xx.o
                0x08009ef2                CAN2_RX0_IRQHandler
 .text.CAN2_RX1_IRQHandler
                0x08009ef8        0x6 VisualGDB/Debug/startup_stm32f407xx.o
                0x08009ef8                CAN2_RX1_IRQHandler
 .text.CAN2_SCE_IRQHandler
                0x08009efe        0x6 VisualGDB/Debug/startup_stm32f407xx.o
                0x08009efe                CAN2_SCE_IRQHandler
 .text.OTG_FS_IRQHandler
                0x08009f04        0x6 VisualGDB/Debug/startup_stm32f407xx.o
                0x08009f04                OTG_FS_IRQHandler
 .text.DMA2_Stream5_IRQHandler
                0x08009f0a        0x6 VisualGDB/Debug/startup_stm32f407xx.o
                0x08009f0a                DMA2_Stream5_IRQHandler
 .text.I2C3_EV_IRQHandler
                0x08009f10        0x6 VisualGDB/Debug/startup_stm32f407xx.o
                0x08009f10                I2C3_EV_IRQHandler
 .text.I2C3_ER_IRQHandler
                0x08009f16        0x6 VisualGDB/Debug/startup_stm32f407xx.o
                0x08009f16                I2C3_ER_IRQHandler
 .text.OTG_HS_EP1_OUT_IRQHandler
                0x08009f1c        0x6 VisualGDB/Debug/startup_stm32f407xx.o
                0x08009f1c                OTG_HS_EP1_OUT_IRQHandler
 .text.OTG_HS_EP1_IN_IRQHandler
                0x08009f22        0x6 VisualGDB/Debug/startup_stm32f407xx.o
                0x08009f22                OTG_HS_EP1_IN_IRQHandler
 .text.OTG_HS_WKUP_IRQHandler
                0x08009f28        0x6 VisualGDB/Debug/startup_stm32f407xx.o
                0x08009f28                OTG_HS_WKUP_IRQHandler
 .text.OTG_HS_IRQHandler
                0x08009f2e        0x6 VisualGDB/Debug/startup_stm32f407xx.o
                0x08009f2e                OTG_HS_IRQHandler
 .text.DCMI_IRQHandler
                0x08009f34        0x6 VisualGDB/Debug/startup_stm32f407xx.o
                0x08009f34                DCMI_IRQHandler
 .text.HASH_RNG_IRQHandler
                0x08009f3a        0x6 VisualGDB/Debug/startup_stm32f407xx.o
                0x08009f3a                HASH_RNG_IRQHandler
 .text.FPU_IRQHandler
                0x08009f40        0x6 VisualGDB/Debug/startup_stm32f407xx.o
                0x08009f40                FPU_IRQHandler
 *fill*         0x08009f46        0x2 
 .text.Reset_Handler
                0x08009f48       0x48 VisualGDB/Debug/startup_stm32f407xx.o
                0x08009f48                Reset_Handler
 .text.__libc_init_array
                0x08009f90       0x48 c:/sysgcc/arm-eabi/bin/../lib/gcc/arm-none-eabi/9.3.1/../../../../arm-none-eabi/lib/thumb/v7e-m+fp/hard\libc_nano.a(lib_a-init.o)
                0x08009f90                __libc_init_array
 .text.malloc   0x08009fd8       0x10 c:/sysgcc/arm-eabi/bin/../lib/gcc/arm-none-eabi/9.3.1/../../../../arm-none-eabi/lib/thumb/v7e-m+fp/hard\libc_nano.a(lib_a-malloc.o)
                0x08009fd8                malloc
 .text.memset   0x08009fe8       0x10 c:/sysgcc/arm-eabi/bin/../lib/gcc/arm-none-eabi/9.3.1/../../../../arm-none-eabi/lib/thumb/v7e-m+fp/hard\libc_nano.a(lib_a-memset.o)
                0x08009fe8                memset
 .text._free_r  0x08009ff8       0xa0 c:/sysgcc/arm-eabi/bin/../lib/gcc/arm-none-eabi/9.3.1/../../../../arm-none-eabi/lib/thumb/v7e-m+fp/hard\libc_nano.a(lib_a-nano-freer.o)
                0x08009ff8                _free_r
 .text._malloc_r
                0x0800a098       0xb4 c:/sysgcc/arm-eabi/bin/../lib/gcc/arm-none-eabi/9.3.1/../../../../arm-none-eabi/lib/thumb/v7e-m+fp/hard\libc_nano.a(lib_a-nano-mallocr.o)
                0x0800a098                _malloc_r
 .text.cleanup_glue
                0x0800a14c       0x1a c:/sysgcc/arm-eabi/bin/../lib/gcc/arm-none-eabi/9.3.1/../../../../arm-none-eabi/lib/thumb/v7e-m+fp/hard\libc_nano.a(lib_a-reent.o)
                0x0800a14c                cleanup_glue
 *fill*         0x0800a166        0x2 
 .text._reclaim_reent
                0x0800a168       0xb8 c:/sysgcc/arm-eabi/bin/../lib/gcc/arm-none-eabi/9.3.1/../../../../arm-none-eabi/lib/thumb/v7e-m+fp/hard\libc_nano.a(lib_a-reent.o)
                0x0800a168                _reclaim_reent
 .text._sbrk_r  0x0800a220       0x20 c:/sysgcc/arm-eabi/bin/../lib/gcc/arm-none-eabi/9.3.1/../../../../arm-none-eabi/lib/thumb/v7e-m+fp/hard\libc_nano.a(lib_a-sbrkr.o)
                0x0800a220                _sbrk_r
 .text.__malloc_lock
                0x0800a240        0xc c:/sysgcc/arm-eabi/bin/../lib/gcc/arm-none-eabi/9.3.1/../../../../arm-none-eabi/lib/thumb/v7e-m+fp/hard\libc_nano.a(lib_a-mlock.o)
                0x0800a240                __malloc_lock
 .text.__malloc_unlock
                0x0800a24c        0xc c:/sysgcc/arm-eabi/bin/../lib/gcc/arm-none-eabi/9.3.1/../../../../arm-none-eabi/lib/thumb/v7e-m+fp/hard\libc_nano.a(lib_a-mlock.o)
                0x0800a24c                __malloc_unlock
 .text.__retarget_lock_acquire_recursive
                0x0800a258        0x2 c:/sysgcc/arm-eabi/bin/../lib/gcc/arm-none-eabi/9.3.1/../../../../arm-none-eabi/lib/thumb/v7e-m+fp/hard\libc_nano.a(lib_a-lock.o)
                0x0800a258                __retarget_lock_acquire_recursive
 .text.__retarget_lock_release_recursive
                0x0800a25a        0x2 c:/sysgcc/arm-eabi/bin/../lib/gcc/arm-none-eabi/9.3.1/../../../../arm-none-eabi/lib/thumb/v7e-m+fp/hard\libc_nano.a(lib_a-lock.o)
                0x0800a25a                __retarget_lock_release_recursive
 .text._sbrk    0x0800a25c       0x1c c:/sysgcc/arm-eabi/bin/../lib/gcc/arm-none-eabi/9.3.1/../../../../arm-none-eabi/lib/thumb/v7e-m+fp/hard\libnosys.a(sbrk.o)
                0x0800a25c                _sbrk
 *(.rodata)
 .rodata        0x0800a278      0x150 VisualGDB/Debug/main.o
 .rodata        0x0800a3c8        0x5 VisualGDB/Debug/tasks.o
 *(.rodata*)
 *fill*         0x0800a3cd        0x3 
 .rodata.AHBPrescTable
                0x0800a3d0       0x10 VisualGDB/Debug/system_stm32f4xx.o
                0x0800a3d0                AHBPrescTable
 .rodata.APBPrescTable
                0x0800a3e0        0x8 VisualGDB/Debug/system_stm32f4xx.o
                0x0800a3e0                APBPrescTable
 .rodata.flagBitshiftOffset.8395
                0x0800a3e8        0x8 VisualGDB/Debug/stm32f4xx_hal_dma.o
 *(.glue_7)
 .glue_7        0x0800a3f0        0x0 linker stubs
 *(.glue_7t)
 .glue_7t       0x0800a3f0        0x0 linker stubs
 *(.init)
 .init          0x0800a3f0        0x4 c:/sysgcc/arm-eabi/bin/../lib/gcc/arm-none-eabi/9.3.1/thumb/v7e-m+fp/hard/crti.o
                0x0800a3f0                _init
 .init          0x0800a3f4        0x8 c:/sysgcc/arm-eabi/bin/../lib/gcc/arm-none-eabi/9.3.1/thumb/v7e-m+fp/hard/crtn.o
 *(.fini)
 .fini          0x0800a3fc        0x4 c:/sysgcc/arm-eabi/bin/../lib/gcc/arm-none-eabi/9.3.1/thumb/v7e-m+fp/hard/crti.o
                0x0800a3fc                _fini
 .fini          0x0800a400        0x8 c:/sysgcc/arm-eabi/bin/../lib/gcc/arm-none-eabi/9.3.1/thumb/v7e-m+fp/hard/crtn.o
                0x0800a408                . = ALIGN (0x4)
                0x0800a408                _etext = .

.eh_frame       0x0800a408        0x0
 .eh_frame      0x0800a408        0x0 c:/sysgcc/arm-eabi/bin/../lib/gcc/arm-none-eabi/9.3.1/thumb/v7e-m+fp/hard/crtbegin.o

.vfp11_veneer   0x0800a408        0x0
 .vfp11_veneer  0x0800a408        0x0 linker stubs

.v4_bx          0x0800a408        0x0
 .v4_bx         0x0800a408        0x0 linker stubs

.iplt           0x0800a408        0x0
 .iplt          0x0800a408        0x0 c:/sysgcc/arm-eabi/bin/../lib/gcc/arm-none-eabi/9.3.1/thumb/v7e-m+fp/hard/crtbegin.o

.ARM.extab      0x0800a408        0x0
                0x0800a408                . = ALIGN (0x4)
 *(.ARM.extab)
 *(.gnu.linkonce.armextab.*)
                0x0800a408                . = ALIGN (0x4)

.exidx          0x0800a408        0x8
                0x0800a408                . = ALIGN (0x4)
                [!provide]                PROVIDE (__exidx_start = .)
 *(.ARM.exidx*)
 .ARM.exidx     0x0800a408        0x8 c:/sysgcc/arm-eabi/bin/../lib/gcc/arm-none-eabi/9.3.1/thumb/v7e-m+fp/hard\libgcc.a(_udivmoddi4.o)
                0x0800a410                . = ALIGN (0x4)
                [!provide]                PROVIDE (__exidx_end = .)

.rel.dyn        0x0800a410        0x0
 .rel.iplt      0x0800a410        0x0 c:/sysgcc/arm-eabi/bin/../lib/gcc/arm-none-eabi/9.3.1/thumb/v7e-m+fp/hard/crtbegin.o

.ARM.attributes
                0x0800a410       0x30
 *(.ARM.attributes)
 .ARM.attributes
                0x0800a410       0x1e c:/sysgcc/arm-eabi/bin/../lib/gcc/arm-none-eabi/9.3.1/thumb/v7e-m+fp/hard/crti.o
 .ARM.attributes
                0x0800a42e       0x34 c:/sysgcc/arm-eabi/bin/../lib/gcc/arm-none-eabi/9.3.1/thumb/v7e-m+fp/hard/crtbegin.o
 .ARM.attributes
                0x0800a462       0x34 VisualGDB/Debug/heap_4.o
 .ARM.attributes
                0x0800a496       0x34 VisualGDB/Debug/Attitude.o
 .ARM.attributes
                0x0800a4ca       0x34 VisualGDB/Debug/Auto.o
 .ARM.attributes
                0x0800a4fe       0x34 VisualGDB/Debug/BasicCtrl.o
 .ARM.attributes
                0x0800a532       0x34 VisualGDB/Debug/Display_QL504.o
 .ARM.attributes
                0x0800a566       0x34 VisualGDB/Debug/freertos.o
 .ARM.attributes
                0x0800a59a       0x34 VisualGDB/Debug/stm32f4xx_it.o
 .ARM.attributes
                0x0800a5ce       0x34 VisualGDB/Debug/stm32f4xx_hal_msp.o
 .ARM.attributes
                0x0800a602       0x34 VisualGDB/Debug/stm32f4xx_hal_timebase_tim.o
 .ARM.attributes
                0x0800a636       0x34 VisualGDB/Debug/main.o
 .ARM.attributes
                0x0800a66a       0x34 VisualGDB/Debug/system_stm32f4xx.o
 .ARM.attributes
                0x0800a69e       0x34 VisualGDB/Debug/stm32f4xx_hal.o
 .ARM.attributes
                0x0800a6d2       0x34 VisualGDB/Debug/stm32f4xx_hal_adc.o
 .ARM.attributes
                0x0800a706       0x34 VisualGDB/Debug/stm32f4xx_hal_uart.o
 .ARM.attributes
                0x0800a73a       0x34 VisualGDB/Debug/stm32f4xx_hal_gpio.o
 .ARM.attributes
                0x0800a76e       0x34 VisualGDB/Debug/list.o
 .ARM.attributes
                0x0800a7a2       0x34 VisualGDB/Debug/tasks.o
 .ARM.attributes
                0x0800a7d6       0x34 VisualGDB/Debug/port.o
 .ARM.attributes
                0x0800a80a       0x34 VisualGDB/Debug/cmsis_os.o
 .ARM.attributes
                0x0800a83e       0x34 VisualGDB/Debug/stm32f4xx_hal_iwdg.o
 .ARM.attributes
                0x0800a872       0x34 VisualGDB/Debug/stm32f4xx_hal_rcc.o
 .ARM.attributes
                0x0800a8a6       0x34 VisualGDB/Debug/stm32f4xx_hal_cortex.o
 .ARM.attributes
                0x0800a8da       0x34 VisualGDB/Debug/stm32f4xx_hal_tim.o
 .ARM.attributes
                0x0800a90e       0x34 VisualGDB/Debug/stm32f4xx_hal_tim_ex.o
 .ARM.attributes
                0x0800a942       0x34 VisualGDB/Debug/stm32f4xx_hal_dma.o
 .ARM.attributes
                0x0800a976       0x34 VisualGDB/Debug/startup_stm32f407xx.o
 .ARM.attributes
                0x0800a9aa       0x1e c:/sysgcc/arm-eabi/bin/../lib/gcc/arm-none-eabi/9.3.1/thumb/v7e-m+fp/hard\libgcc.a(_arm_muldf3.o)
 .ARM.attributes
                0x0800a9c8       0x1e c:/sysgcc/arm-eabi/bin/../lib/gcc/arm-none-eabi/9.3.1/thumb/v7e-m+fp/hard\libgcc.a(_arm_addsubdf3.o)
 .ARM.attributes
                0x0800a9e6       0x1e c:/sysgcc/arm-eabi/bin/../lib/gcc/arm-none-eabi/9.3.1/thumb/v7e-m+fp/hard\libgcc.a(_arm_fixunsdfsi.o)
 .ARM.attributes
                0x0800aa04       0x1e c:/sysgcc/arm-eabi/bin/../lib/gcc/arm-none-eabi/9.3.1/thumb/v7e-m+fp/hard\libgcc.a(_aeabi_uldivmod.o)
 .ARM.attributes
                0x0800aa22       0x34 c:/sysgcc/arm-eabi/bin/../lib/gcc/arm-none-eabi/9.3.1/thumb/v7e-m+fp/hard\libgcc.a(_udivmoddi4.o)
 .ARM.attributes
                0x0800aa56       0x1e c:/sysgcc/arm-eabi/bin/../lib/gcc/arm-none-eabi/9.3.1/thumb/v7e-m+fp/hard\libgcc.a(_dvmd_tls.o)
 .ARM.attributes
                0x0800aa74       0x32 c:/sysgcc/arm-eabi/bin/../lib/gcc/arm-none-eabi/9.3.1/../../../../arm-none-eabi/lib/thumb/v7e-m+fp/hard\libc_nano.a(lib_a-impure.o)
 .ARM.attributes
                0x0800aaa6       0x34 c:/sysgcc/arm-eabi/bin/../lib/gcc/arm-none-eabi/9.3.1/../../../../arm-none-eabi/lib/thumb/v7e-m+fp/hard\libc_nano.a(lib_a-init.o)
 .ARM.attributes
                0x0800aada       0x34 c:/sysgcc/arm-eabi/bin/../lib/gcc/arm-none-eabi/9.3.1/../../../../arm-none-eabi/lib/thumb/v7e-m+fp/hard\libc_nano.a(lib_a-malloc.o)
 .ARM.attributes
                0x0800ab0e       0x34 c:/sysgcc/arm-eabi/bin/../lib/gcc/arm-none-eabi/9.3.1/../../../../arm-none-eabi/lib/thumb/v7e-m+fp/hard\libc_nano.a(lib_a-memset.o)
 .ARM.attributes
                0x0800ab42       0x34 c:/sysgcc/arm-eabi/bin/../lib/gcc/arm-none-eabi/9.3.1/../../../../arm-none-eabi/lib/thumb/v7e-m+fp/hard\libc_nano.a(lib_a-nano-freer.o)
 .ARM.attributes
                0x0800ab76       0x34 c:/sysgcc/arm-eabi/bin/../lib/gcc/arm-none-eabi/9.3.1/../../../../arm-none-eabi/lib/thumb/v7e-m+fp/hard\libc_nano.a(lib_a-nano-mallocr.o)
 .ARM.attributes
                0x0800abaa       0x34 c:/sysgcc/arm-eabi/bin/../lib/gcc/arm-none-eabi/9.3.1/../../../../arm-none-eabi/lib/thumb/v7e-m+fp/hard\libc_nano.a(lib_a-reent.o)
 .ARM.attributes
                0x0800abde       0x34 c:/sysgcc/arm-eabi/bin/../lib/gcc/arm-none-eabi/9.3.1/../../../../arm-none-eabi/lib/thumb/v7e-m+fp/hard\libc_nano.a(lib_a-sbrkr.o)
 .ARM.attributes
                0x0800ac12       0x34 c:/sysgcc/arm-eabi/bin/../lib/gcc/arm-none-eabi/9.3.1/../../../../arm-none-eabi/lib/thumb/v7e-m+fp/hard\libc_nano.a(lib_a-mlock.o)
 .ARM.attributes
                0x0800ac46       0x34 c:/sysgcc/arm-eabi/bin/../lib/gcc/arm-none-eabi/9.3.1/../../../../arm-none-eabi/lib/thumb/v7e-m+fp/hard\libc_nano.a(lib_a-lock.o)
 .ARM.attributes
                0x0800ac7a       0x34 c:/sysgcc/arm-eabi/bin/../lib/gcc/arm-none-eabi/9.3.1/../../../../arm-none-eabi/lib/thumb/v7e-m+fp/hard\libnosys.a(sbrk.o)
 .ARM.attributes
                0x0800acae       0x1e c:/sysgcc/arm-eabi/bin/../lib/gcc/arm-none-eabi/9.3.1/thumb/v7e-m+fp/hard/crtn.o

.preinit_array  0x0800a410        0x0
                0x0800a410                PROVIDE (__preinit_array_start = .)
 *(.preinit_array*)
                0x0800a410                PROVIDE (__preinit_array_end = .)

.init_array     0x0800a410        0x4
                0x0800a410                PROVIDE (__init_array_start = .)
 *(SORT_BY_NAME(.init_array.*))
 *(.init_array*)
 .init_array    0x0800a410        0x4 c:/sysgcc/arm-eabi/bin/../lib/gcc/arm-none-eabi/9.3.1/thumb/v7e-m+fp/hard/crtbegin.o
                0x0800a414                PROVIDE (__init_array_end = .)

.fini_array     0x0800a414        0x4
                [!provide]                PROVIDE (__fini_array_start = .)
 *(.fini_array*)
 .fini_array    0x0800a414        0x4 c:/sysgcc/arm-eabi/bin/../lib/gcc/arm-none-eabi/9.3.1/thumb/v7e-m+fp/hard/crtbegin.o
 *(SORT_BY_NAME(.fini_array.*))
                [!provide]                PROVIDE (__fini_array_end = .)

.data           0x20000000      0x174 load address 0x0800a418
                0x20000000                . = ALIGN (0x4)
                0x20000000                _sdata = .
                [!provide]                PROVIDE (__data_start__ = _sdata)
 *(.data)
 *(.data*)
 .data.One      0x20000000        0x1 VisualGDB/Debug/BasicCtrl.o
 *fill*         0x20000001        0x3 
 .data.POrient  0x20000004        0x4 VisualGDB/Debug/BasicCtrl.o
                0x20000004                POrient
 .data.PDeepkeeping
                0x20000008        0x4 VisualGDB/Debug/BasicCtrl.o
                0x20000008                PDeepkeeping
 .data.PMode    0x2000000c        0x4 VisualGDB/Debug/BasicCtrl.o
                0x2000000c                PMode
 .data.PAttitude
                0x20000010        0x4 VisualGDB/Debug/BasicCtrl.o
                0x20000010                PAttitude
 .data.BasicMove
                0x20000014        0xc VisualGDB/Debug/BasicCtrl.o
                0x20000014                BasicMove
 .data.AttitudeMove
                0x20000020       0x10 VisualGDB/Debug/BasicCtrl.o
                0x20000020                AttitudeMove
 .data.OrientMove
                0x20000030        0xc VisualGDB/Debug/BasicCtrl.o
                0x20000030                OrientMove
 .data.DeepkeepingMove
                0x2000003c        0xc VisualGDB/Debug/BasicCtrl.o
                0x2000003c                DeepkeepingMove
 .data.String_WaterOn
                0x20000048       0x36 VisualGDB/Debug/Display_QL504.o
 *fill*         0x2000007e        0x2 
 .data.String_WaterOff
                0x20000080       0x36 VisualGDB/Debug/Display_QL504.o
 *fill*         0x200000b6        0x2 
 .data.Num      0x200000b8       0x16 VisualGDB/Debug/Display_QL504.o
 *fill*         0x200000ce        0x2 
 .data.SendTempBuffer.9441
                0x200000d0        0xf VisualGDB/Debug/Display_QL504.o
 *fill*         0x200000df        0x1 
 .data.MoveCCR  0x200000e0       0x20 VisualGDB/Debug/main.o
                0x200000e0                MoveCCR
 .data.SystemCoreClock
                0x20000100        0x4 VisualGDB/Debug/system_stm32f4xx.o
                0x20000100                SystemCoreClock
 .data.uwTickPrio
                0x20000104        0x4 VisualGDB/Debug/stm32f4xx_hal.o
                0x20000104                uwTickPrio
 .data.uwTickFreq
                0x20000108        0x1 VisualGDB/Debug/stm32f4xx_hal.o
                0x20000108                uwTickFreq
 *fill*         0x20000109        0x3 
 .data.uxCriticalNesting
                0x2000010c        0x4 VisualGDB/Debug/port.o
 .data._impure_ptr
                0x20000110        0x4 c:/sysgcc/arm-eabi/bin/../lib/gcc/arm-none-eabi/9.3.1/../../../../arm-none-eabi/lib/thumb/v7e-m+fp/hard\libc_nano.a(lib_a-impure.o)
                0x20000110                _impure_ptr
 .data.impure_data
                0x20000114       0x60 c:/sysgcc/arm-eabi/bin/../lib/gcc/arm-none-eabi/9.3.1/../../../../arm-none-eabi/lib/thumb/v7e-m+fp/hard\libc_nano.a(lib_a-impure.o)
                0x20000174                . = ALIGN (0x4)
                0x20000174                _edata = .
                [!provide]                PROVIDE (__data_end__ = _edata)
                0x0800a418                _sidata = LOADADDR (.data)

.igot.plt       0x20000174        0x0 load address 0x0800a58c
 .igot.plt      0x20000174        0x0 c:/sysgcc/arm-eabi/bin/../lib/gcc/arm-none-eabi/9.3.1/thumb/v7e-m+fp/hard/crtbegin.o

.bss            0x20000178     0x4e14 load address 0x0800a58c
                0x20000178                . = ALIGN (0x4)
                0x20000178                _sbss = .
                0x20000178                PROVIDE (__bss_start__ = _sbss)
 *(.bss)
 .bss           0x20000178       0x1c c:/sysgcc/arm-eabi/bin/../lib/gcc/arm-none-eabi/9.3.1/thumb/v7e-m+fp/hard/crtbegin.o
 *(.bss*)
 .bss.ucHeap    0x20000194     0x3c00 VisualGDB/Debug/heap_4.o
 .bss.xStart    0x20003d94        0x8 VisualGDB/Debug/heap_4.o
 .bss.pxEnd     0x20003d9c        0x4 VisualGDB/Debug/heap_4.o
 .bss.xFreeBytesRemaining
                0x20003da0        0x4 VisualGDB/Debug/heap_4.o
 .bss.xMinimumEverFreeBytesRemaining
                0x20003da4        0x4 VisualGDB/Debug/heap_4.o
 .bss.xBlockAllocatedBit
                0x20003da8        0x4 VisualGDB/Debug/heap_4.o
 .bss.PAccPos   0x20003dac        0xc VisualGDB/Debug/Attitude.o
 .bss.PRotPos   0x20003db8        0xc VisualGDB/Debug/Attitude.o
 .bss.PEulPos   0x20003dc4        0xc VisualGDB/Debug/Attitude.o
 .bss.PMagPos   0x20003dd0        0xc VisualGDB/Debug/Attitude.o
 .bss.PInsTemPos
                0x20003ddc       0x10 VisualGDB/Debug/Attitude.o
 .bss.Zero      0x20003dec        0x1 VisualGDB/Debug/BasicCtrl.o
 .bss.NMoveMode
                0x20003ded        0x1 VisualGDB/Debug/BasicCtrl.o
 *fill*         0x20003dee        0x2 
 .bss.PPortrait
                0x20003df0        0x4 VisualGDB/Debug/BasicCtrl.o
                0x20003df0                PPortrait
 .bss.PRotate   0x20003df4        0x4 VisualGDB/Debug/BasicCtrl.o
                0x20003df4                PRotate
 .bss.PVertical
                0x20003df8        0x4 VisualGDB/Debug/BasicCtrl.o
                0x20003df8                PVertical
 .bss.PROver    0x20003dfc        0x4 VisualGDB/Debug/BasicCtrl.o
                0x20003dfc                PROver
 .bss.PLight    0x20003e00        0x4 VisualGDB/Debug/BasicCtrl.o
                0x20003e00                PLight
 .bss.PPTZ      0x20003e04        0x4 VisualGDB/Debug/BasicCtrl.o
                0x20003e04                PPTZ
 .bss.PClip     0x20003e08        0x4 VisualGDB/Debug/BasicCtrl.o
                0x20003e08                PClip
 .bss.PFlip     0x20003e0c        0x4 VisualGDB/Debug/BasicCtrl.o
                0x20003e0c                PFlip
 .bss.PTransverse
                0x20003e10        0x4 VisualGDB/Debug/BasicCtrl.o
                0x20003e10                PTransverse
 .bss.PassBackString
                0x20003e14        0x4 VisualGDB/Debug/BasicCtrl.o
                0x20003e14                PassBackString
 .bss.PBackPower
                0x20003e18        0x4 VisualGDB/Debug/BasicCtrl.o
                0x20003e18                PBackPower
 .bss.PBackWarn
                0x20003e1c        0x4 VisualGDB/Debug/BasicCtrl.o
                0x20003e1c                PBackWarn
 .bss.PBackA    0x20003e20        0xc VisualGDB/Debug/BasicCtrl.o
                0x20003e20                PBackA
 .bss.PBackW    0x20003e2c        0xc VisualGDB/Debug/BasicCtrl.o
                0x20003e2c                PBackW
 .bss.PBackE    0x20003e38        0xc VisualGDB/Debug/BasicCtrl.o
                0x20003e38                PBackE
 .bss.PBackH    0x20003e44        0xc VisualGDB/Debug/BasicCtrl.o
                0x20003e44                PBackH
 .bss.PBackIT   0x20003e50        0x4 VisualGDB/Debug/BasicCtrl.o
                0x20003e50                PBackIT
 .bss.PBackWT   0x20003e54        0x4 VisualGDB/Debug/BasicCtrl.o
                0x20003e54                PBackWT
 .bss.PBackWD   0x20003e58        0x4 VisualGDB/Debug/BasicCtrl.o
                0x20003e58                PBackWD
 .bss.PBackCheck
                0x20003e5c        0x4 VisualGDB/Debug/BasicCtrl.o
                0x20003e5c                PBackCheck
 .bss.DisProcess.9464
                0x20003e60        0x1 VisualGDB/Debug/Display_QL504.o
 *fill*         0x20003e61        0x3 
 .bss.ScreenTime.9463
                0x20003e64        0x4 VisualGDB/Debug/Display_QL504.o
 .bss.j.9462    0x20003e68        0x4 VisualGDB/Debug/Display_QL504.o
 .bss.i.9461    0x20003e6c        0x4 VisualGDB/Debug/Display_QL504.o
 .bss.xIdleTaskTCBBuffer
                0x20003e70      0x480 VisualGDB/Debug/freertos.o
 .bss.xIdleStack
                0x200042f0      0x200 VisualGDB/Debug/freertos.o
 .bss.RestFlag  0x200044f0        0x1 VisualGDB/Debug/stm32f4xx_it.o
 .bss.UART4EndFlag.9165
                0x200044f1        0x1 VisualGDB/Debug/stm32f4xx_it.o
 .bss.RestTimer.9184
                0x200044f2        0x1 VisualGDB/Debug/stm32f4xx_it.o
 .bss.LightClipTimer.9185
                0x200044f3        0x1 VisualGDB/Debug/stm32f4xx_it.o
 .bss.TaskBeingChangeFlag
                0x200044f4        0x1 VisualGDB/Debug/main.o
                0x200044f4                TaskBeingChangeFlag
 .bss.ControlTaskFlag
                0x200044f5        0x1 VisualGDB/Debug/main.o
                0x200044f5                ControlTaskFlag
 .bss.DisplayTaskFlag
                0x200044f6        0x1 VisualGDB/Debug/main.o
                0x200044f6                DisplayTaskFlag
 .bss.WaterDeepTaskFlag
                0x200044f7        0x1 VisualGDB/Debug/main.o
                0x200044f7                WaterDeepTaskFlag
 .bss.AttitudeTaskFlag
                0x200044f8        0x1 VisualGDB/Debug/main.o
                0x200044f8                AttitudeTaskFlag
 *fill*         0x200044f9        0x3 
 .bss.UART4RXPosition
                0x200044fc        0x4 VisualGDB/Debug/main.o
                0x200044fc                UART4RXPosition
 .bss.SystemBegin
                0x20004500        0x1 VisualGDB/Debug/main.o
                0x20004500                SystemBegin
 *fill*         0x20004501        0x3 
 .bss.ADCCache  0x20004504       0x18 VisualGDB/Debug/main.o
                0x20004504                ADCCache
 .bss.WaterDepth
                0x2000451c        0x2 VisualGDB/Debug/main.o
                0x2000451c                WaterDepth
 .bss.WaterTemperture
                0x2000451e        0x2 VisualGDB/Debug/main.o
                0x2000451e                WaterTemperture
 .bss.AccNum    0x20004520        0x6 VisualGDB/Debug/main.o
                0x20004520                AccNum
 *fill*         0x20004526        0x2 
 .bss.RotNum    0x20004528        0x6 VisualGDB/Debug/main.o
                0x20004528                RotNum
 *fill*         0x2000452e        0x2 
 .bss.EulNum    0x20004530        0x6 VisualGDB/Debug/main.o
                0x20004530                EulNum
 *fill*         0x20004536        0x2 
 .bss.MagNUM    0x20004538        0x6 VisualGDB/Debug/main.o
                0x20004538                MagNUM
 *fill*         0x2000453e        0x2 
 .bss.EulResNum
                0x20004540        0x6 VisualGDB/Debug/main.o
                0x20004540                EulResNum
 .bss.PowerNum.9664
                0x20004546        0x1 VisualGDB/Debug/main.o
 *fill*         0x20004547        0x1 
 .bss.WarningState.9665
                0x20004548        0x2 VisualGDB/Debug/main.o
 *fill*         0x2000454a        0x2 
 .bss.pxCurrentTCB
                0x2000454c        0x4 VisualGDB/Debug/tasks.o
                0x2000454c                pxCurrentTCB
 .bss.pxReadyTasksLists
                0x20004550       0x8c VisualGDB/Debug/tasks.o
 .bss.xDelayedTaskList1
                0x200045dc       0x14 VisualGDB/Debug/tasks.o
 .bss.xDelayedTaskList2
                0x200045f0       0x14 VisualGDB/Debug/tasks.o
 .bss.pxDelayedTaskList
                0x20004604        0x4 VisualGDB/Debug/tasks.o
 .bss.pxOverflowDelayedTaskList
                0x20004608        0x4 VisualGDB/Debug/tasks.o
 .bss.xPendingReadyList
                0x2000460c       0x14 VisualGDB/Debug/tasks.o
 .bss.xTasksWaitingTermination
                0x20004620       0x14 VisualGDB/Debug/tasks.o
 .bss.uxDeletedTasksWaitingCleanUp
                0x20004634        0x4 VisualGDB/Debug/tasks.o
 .bss.xSuspendedTaskList
                0x20004638       0x14 VisualGDB/Debug/tasks.o
 .bss.uxCurrentNumberOfTasks
                0x2000464c        0x4 VisualGDB/Debug/tasks.o
 .bss.xTickCount
                0x20004650        0x4 VisualGDB/Debug/tasks.o
 .bss.uxTopReadyPriority
                0x20004654        0x4 VisualGDB/Debug/tasks.o
 .bss.xSchedulerRunning
                0x20004658        0x4 VisualGDB/Debug/tasks.o
 .bss.uxPendedTicks
                0x2000465c        0x4 VisualGDB/Debug/tasks.o
 .bss.xYieldPending
                0x20004660        0x4 VisualGDB/Debug/tasks.o
 .bss.xNumOfOverflows
                0x20004664        0x4 VisualGDB/Debug/tasks.o
 .bss.uxTaskNumber
                0x20004668        0x4 VisualGDB/Debug/tasks.o
 .bss.xNextTaskUnblockTime
                0x2000466c        0x4 VisualGDB/Debug/tasks.o
 .bss.xIdleTaskHandle
                0x20004670        0x4 VisualGDB/Debug/tasks.o
 .bss.uxSchedulerSuspended
                0x20004674        0x4 VisualGDB/Debug/tasks.o
 .bss.ucMaxSysCallPriority
                0x20004678        0x1 VisualGDB/Debug/port.o
 *fill*         0x20004679        0x3 
 .bss.ulMaxPRIGROUPValue
                0x2000467c        0x4 VisualGDB/Debug/port.o
 .bss.__malloc_free_list
                0x20004680        0x4 c:/sysgcc/arm-eabi/bin/../lib/gcc/arm-none-eabi/9.3.1/../../../../arm-none-eabi/lib/thumb/v7e-m+fp/hard\libc_nano.a(lib_a-nano-mallocr.o)
                0x20004680                __malloc_free_list
 .bss.__malloc_sbrk_start
                0x20004684        0x4 c:/sysgcc/arm-eabi/bin/../lib/gcc/arm-none-eabi/9.3.1/../../../../arm-none-eabi/lib/thumb/v7e-m+fp/hard\libc_nano.a(lib_a-nano-mallocr.o)
                0x20004684                __malloc_sbrk_start
 .bss.heap_end.5507
                0x20004688        0x4 c:/sysgcc/arm-eabi/bin/../lib/gcc/arm-none-eabi/9.3.1/../../../../arm-none-eabi/lib/thumb/v7e-m+fp/hard\libnosys.a(sbrk.o)
 *(COMMON)
 COMMON         0x2000468c       0x40 VisualGDB/Debug/stm32f4xx_hal_timebase_tim.o
                0x2000468c                htim10
 COMMON         0x200046cc      0x8ac VisualGDB/Debug/main.o
                0x200046cc                hdma_uart4_rx
                0x2000472c                WaterTempertureNum
                0x20004734                hdma_usart2_rx
                0x20004794                hdma_usart6_rx
                0x200047f4                UART4RXCache
                0x2000481c                hdma_usart3_rx
                0x2000487c                huart3
                0x200048bc                SwitcherTaskHandle
                0x200048c0                AttitudeTaskHandle
                0x200048c4                hiwdg
                0x200048d0                EmptyTaskHandle
                0x200048d4                hdma_usart3_tx
                0x20004934                htim3
                0x20004974                hdma_usart1_tx
                0x200049d4                huart5
                0x20004a14                hdma_usart6_tx
                0x20004a74                hadc1
                0x20004abc                hdma_usart1_rx
                0x20004b1c                hdma_usart2_tx
                0x20004b7c                huart1
                0x20004bbc                InsTemNum
                0x20004bc0                hdma_adc1
                0x20004c20                WaterDepthNum
                0x20004c28                htim1
                0x20004c68                UART1RXCache
                0x20004c88                DisplayTaskHandle
                0x20004c8c                huart6
                0x20004ccc                UART3RXCache
                0x20004d08                huart4
                0x20004d48                htim2
                0x20004d88                huart2
                0x20004dc8                hdma_uart5_rx
                0x20004e28                InitialTaskHandle
                0x20004e2c                htim14
                0x20004e6c                ControlTaskHandle
                0x20004e70                WaterDeepTaskHandle
                0x20004e74                htim7
                0x20004eb4                hdma_uart4_tx
                0x20004f14                hdma_uart5_tx
                0x20004f74                AutoMoveTaskHandle
 COMMON         0x20004f78        0x4 VisualGDB/Debug/stm32f4xx_hal.o
                0x20004f78                uwTick
 COMMON         0x20004f7c        0x4 c:/sysgcc/arm-eabi/bin/../lib/gcc/arm-none-eabi/9.3.1/../../../../arm-none-eabi/lib/thumb/v7e-m+fp/hard\libc_nano.a(lib_a-reent.o)
                0x20004f7c                errno
 COMMON         0x20004f80        0x9 c:/sysgcc/arm-eabi/bin/../lib/gcc/arm-none-eabi/9.3.1/../../../../arm-none-eabi/lib/thumb/v7e-m+fp/hard\libc_nano.a(lib_a-lock.o)
                0x20004f80                __lock___atexit_recursive_mutex
                0x20004f81                __lock___arc4random_mutex
                0x20004f82                __lock___env_recursive_mutex
                0x20004f83                __lock___sinit_recursive_mutex
                0x20004f84                __lock___malloc_recursive_mutex
                0x20004f85                __lock___at_quick_exit_mutex
                0x20004f86                __lock___dd_hash_mutex
                0x20004f87                __lock___tz_mutex
                0x20004f88                __lock___sfp_recursive_mutex
                0x20004f8c                . = ALIGN (0x4)
 *fill*         0x20004f89        0x3 
                0x20004f8c                _ebss = .
                0x20004f8c                PROVIDE (__bss_end__ = _ebss)
                0x20004f8c                PROVIDE (end = .)

.heap           0x20004f8c        0x0 load address 0x0800a58c
                0x20004f8c                . = ALIGN (0x4)
                [!provide]                PROVIDE (__heap_start__ = .)
 *(.heap)
                0x20004f8c                . = ALIGN (0x4)
                [!provide]                PROVIDE (__heap_end__ = .)

.reserved_for_stack
                0x20004f8c        0x0 load address 0x0800a58c
                0x20004f8c                . = ALIGN (0x4)
                [!provide]                PROVIDE (__reserved_for_stack_start__ = .)
 *(.reserved_for_stack)
                0x20004f8c                . = ALIGN (0x4)
                [!provide]                PROVIDE (__reserved_for_stack_end__ = .)
OUTPUT(VisualGDB/Debug/S2LUnderwater elf32-littlearm)
LOAD linker stubs

.debug_info     0x00000000    0x1a2eb
 .debug_info    0x00000000      0xc73 VisualGDB/Debug/heap_4.o
 .debug_info    0x00000c73      0x473 VisualGDB/Debug/Attitude.o
 .debug_info    0x000010e6      0x1e8 VisualGDB/Debug/Auto.o
 .debug_info    0x000012ce     0x157f VisualGDB/Debug/BasicCtrl.o
 .debug_info    0x0000284d     0x11d6 VisualGDB/Debug/Display_QL504.o
 .debug_info    0x00003a23      0xc14 VisualGDB/Debug/freertos.o
 .debug_info    0x00004637     0x16b4 VisualGDB/Debug/stm32f4xx_it.o
 .debug_info    0x00005ceb     0x155e VisualGDB/Debug/stm32f4xx_hal_msp.o
 .debug_info    0x00007249      0xbc1 VisualGDB/Debug/stm32f4xx_hal_timebase_tim.o
 .debug_info    0x00007e0a     0x28bc VisualGDB/Debug/main.o
 .debug_info    0x0000a6c6      0x542 VisualGDB/Debug/system_stm32f4xx.o
 .debug_info    0x0000ac08      0x9ae VisualGDB/Debug/stm32f4xx_hal.o
 .debug_info    0x0000b5b6      0xdb8 VisualGDB/Debug/stm32f4xx_hal_adc.o
 .debug_info    0x0000c36e     0x1353 VisualGDB/Debug/stm32f4xx_hal_uart.o
 .debug_info    0x0000d6c1      0x82a VisualGDB/Debug/stm32f4xx_hal_gpio.o
 .debug_info    0x0000deeb      0xb7e VisualGDB/Debug/list.o
 .debug_info    0x0000ea69     0x24e3 VisualGDB/Debug/tasks.o
 .debug_info    0x00010f4c      0xd86 VisualGDB/Debug/port.o
 .debug_info    0x00011cd2     0x2048 VisualGDB/Debug/cmsis_os.o
 .debug_info    0x00013d1a      0x2c7 VisualGDB/Debug/stm32f4xx_hal_iwdg.o
 .debug_info    0x00013fe1      0x992 VisualGDB/Debug/stm32f4xx_hal_rcc.o
 .debug_info    0x00014973      0xed3 VisualGDB/Debug/stm32f4xx_hal_cortex.o
 .debug_info    0x00015846     0x26c9 VisualGDB/Debug/stm32f4xx_hal_tim.o
 .debug_info    0x00017f0f     0x125b VisualGDB/Debug/stm32f4xx_hal_tim_ex.o
 .debug_info    0x0001916a      0x9ed VisualGDB/Debug/stm32f4xx_hal_dma.o
 .debug_info    0x00019b57      0x794 VisualGDB/Debug/startup_stm32f407xx.o

.debug_abbrev   0x00000000     0x3bf0
 .debug_abbrev  0x00000000      0x30e VisualGDB/Debug/heap_4.o
 .debug_abbrev  0x0000030e      0x12d VisualGDB/Debug/Attitude.o
 .debug_abbrev  0x0000043b       0xb3 VisualGDB/Debug/Auto.o
 .debug_abbrev  0x000004ee      0x310 VisualGDB/Debug/BasicCtrl.o
 .debug_abbrev  0x000007fe      0x279 VisualGDB/Debug/Display_QL504.o
 .debug_abbrev  0x00000a77      0x216 VisualGDB/Debug/freertos.o
 .debug_abbrev  0x00000c8d      0x2cc VisualGDB/Debug/stm32f4xx_it.o
 .debug_abbrev  0x00000f59      0x203 VisualGDB/Debug/stm32f4xx_hal_msp.o
 .debug_abbrev  0x0000115c      0x1bc VisualGDB/Debug/stm32f4xx_hal_timebase_tim.o
 .debug_abbrev  0x00001318      0x311 VisualGDB/Debug/main.o
 .debug_abbrev  0x00001629      0x126 VisualGDB/Debug/system_stm32f4xx.o
 .debug_abbrev  0x0000174f      0x1ea VisualGDB/Debug/stm32f4xx_hal.o
 .debug_abbrev  0x00001939      0x22c VisualGDB/Debug/stm32f4xx_hal_adc.o
 .debug_abbrev  0x00001b65      0x26d VisualGDB/Debug/stm32f4xx_hal_uart.o
 .debug_abbrev  0x00001dd2      0x1ee VisualGDB/Debug/stm32f4xx_hal_gpio.o
 .debug_abbrev  0x00001fc0      0x232 VisualGDB/Debug/list.o
 .debug_abbrev  0x000021f2      0x3bb VisualGDB/Debug/tasks.o
 .debug_abbrev  0x000025ad      0x370 VisualGDB/Debug/port.o
 .debug_abbrev  0x0000291d      0x3e1 VisualGDB/Debug/cmsis_os.o
 .debug_abbrev  0x00002cfe      0x14f VisualGDB/Debug/stm32f4xx_hal_iwdg.o
 .debug_abbrev  0x00002e4d      0x272 VisualGDB/Debug/stm32f4xx_hal_rcc.o
 .debug_abbrev  0x000030bf      0x339 VisualGDB/Debug/stm32f4xx_hal_cortex.o
 .debug_abbrev  0x000033f8      0x25b VisualGDB/Debug/stm32f4xx_hal_tim.o
 .debug_abbrev  0x00003653      0x249 VisualGDB/Debug/stm32f4xx_hal_tim_ex.o
 .debug_abbrev  0x0000389c      0x256 VisualGDB/Debug/stm32f4xx_hal_dma.o
 .debug_abbrev  0x00003af2       0xfe VisualGDB/Debug/startup_stm32f407xx.o

.debug_aranges  0x00000000     0x16a0
 .debug_aranges
                0x00000000       0x50 VisualGDB/Debug/heap_4.o
 .debug_aranges
                0x00000050       0x50 VisualGDB/Debug/Attitude.o
 .debug_aranges
                0x000000a0       0x48 VisualGDB/Debug/Auto.o
 .debug_aranges
                0x000000e8       0x58 VisualGDB/Debug/BasicCtrl.o
 .debug_aranges
                0x00000140       0x30 VisualGDB/Debug/Display_QL504.o
 .debug_aranges
                0x00000170       0x20 VisualGDB/Debug/freertos.o
 .debug_aranges
                0x00000190       0xe8 VisualGDB/Debug/stm32f4xx_it.o
 .debug_aranges
                0x00000278       0x58 VisualGDB/Debug/stm32f4xx_hal_msp.o
 .debug_aranges
                0x000002d0       0x30 VisualGDB/Debug/stm32f4xx_hal_timebase_tim.o
 .debug_aranges
                0x00000300       0xf0 VisualGDB/Debug/main.o
 .debug_aranges
                0x000003f0       0x28 VisualGDB/Debug/system_stm32f4xx.o
 .debug_aranges
                0x00000418       0xf0 VisualGDB/Debug/stm32f4xx_hal.o
 .debug_aranges
                0x00000508       0xe8 VisualGDB/Debug/stm32f4xx_hal_adc.o
 .debug_aranges
                0x000005f0      0x1d0 VisualGDB/Debug/stm32f4xx_hal_uart.o
 .debug_aranges
                0x000007c0       0x58 VisualGDB/Debug/stm32f4xx_hal_gpio.o
 .debug_aranges
                0x00000818       0x40 VisualGDB/Debug/list.o
 .debug_aranges
                0x00000858      0x1a8 VisualGDB/Debug/tasks.o
 .debug_aranges
                0x00000a00       0x80 VisualGDB/Debug/port.o
 .debug_aranges
                0x00000a80      0x1d8 VisualGDB/Debug/cmsis_os.o
 .debug_aranges
                0x00000c58       0x28 VisualGDB/Debug/stm32f4xx_hal_iwdg.o
 .debug_aranges
                0x00000c80       0x88 VisualGDB/Debug/stm32f4xx_hal_rcc.o
 .debug_aranges
                0x00000d08      0x118 VisualGDB/Debug/stm32f4xx_hal_cortex.o
 .debug_aranges
                0x00000e20      0x3a8 VisualGDB/Debug/stm32f4xx_hal_tim.o
 .debug_aranges
                0x000011c8      0x150 VisualGDB/Debug/stm32f4xx_hal_tim_ex.o
 .debug_aranges
                0x00001318       0x90 VisualGDB/Debug/stm32f4xx_hal_dma.o
 .debug_aranges
                0x000013a8      0x2f8 VisualGDB/Debug/startup_stm32f407xx.o

.debug_ranges   0x00000000     0x1518
 .debug_ranges  0x00000000       0x40 VisualGDB/Debug/heap_4.o
 .debug_ranges  0x00000040       0x40 VisualGDB/Debug/Attitude.o
 .debug_ranges  0x00000080       0x38 VisualGDB/Debug/Auto.o
 .debug_ranges  0x000000b8       0x48 VisualGDB/Debug/BasicCtrl.o
 .debug_ranges  0x00000100       0x20 VisualGDB/Debug/Display_QL504.o
 .debug_ranges  0x00000120       0x10 VisualGDB/Debug/freertos.o
 .debug_ranges  0x00000130       0xf0 VisualGDB/Debug/stm32f4xx_it.o
 .debug_ranges  0x00000220       0x48 VisualGDB/Debug/stm32f4xx_hal_msp.o
 .debug_ranges  0x00000268       0x20 VisualGDB/Debug/stm32f4xx_hal_timebase_tim.o
 .debug_ranges  0x00000288       0xe0 VisualGDB/Debug/main.o
 .debug_ranges  0x00000368       0x18 VisualGDB/Debug/system_stm32f4xx.o
 .debug_ranges  0x00000380       0xe0 VisualGDB/Debug/stm32f4xx_hal.o
 .debug_ranges  0x00000460       0xd8 VisualGDB/Debug/stm32f4xx_hal_adc.o
 .debug_ranges  0x00000538      0x1c0 VisualGDB/Debug/stm32f4xx_hal_uart.o
 .debug_ranges  0x000006f8       0x48 VisualGDB/Debug/stm32f4xx_hal_gpio.o
 .debug_ranges  0x00000740       0x30 VisualGDB/Debug/list.o
 .debug_ranges  0x00000770      0x198 VisualGDB/Debug/tasks.o
 .debug_ranges  0x00000908       0x70 VisualGDB/Debug/port.o
 .debug_ranges  0x00000978      0x1c8 VisualGDB/Debug/cmsis_os.o
 .debug_ranges  0x00000b40       0x18 VisualGDB/Debug/stm32f4xx_hal_iwdg.o
 .debug_ranges  0x00000b58       0x78 VisualGDB/Debug/stm32f4xx_hal_rcc.o
 .debug_ranges  0x00000bd0      0x108 VisualGDB/Debug/stm32f4xx_hal_cortex.o
 .debug_ranges  0x00000cd8      0x398 VisualGDB/Debug/stm32f4xx_hal_tim.o
 .debug_ranges  0x00001070      0x140 VisualGDB/Debug/stm32f4xx_hal_tim_ex.o
 .debug_ranges  0x000011b0       0x80 VisualGDB/Debug/stm32f4xx_hal_dma.o
 .debug_ranges  0x00001230      0x2e8 VisualGDB/Debug/startup_stm32f407xx.o

.debug_line     0x00000000     0xe26c
 .debug_line    0x00000000      0x49b VisualGDB/Debug/heap_4.o
 .debug_line    0x0000049b      0x6c8 VisualGDB/Debug/Attitude.o
 .debug_line    0x00000b63      0x1ca VisualGDB/Debug/Auto.o
 .debug_line    0x00000d2d      0x6ad VisualGDB/Debug/BasicCtrl.o
 .debug_line    0x000013da      0x340 VisualGDB/Debug/Display_QL504.o
 .debug_line    0x0000171a      0x26a VisualGDB/Debug/freertos.o
 .debug_line    0x00001984      0x63c VisualGDB/Debug/stm32f4xx_it.o
 .debug_line    0x00001fc0      0x738 VisualGDB/Debug/stm32f4xx_hal_msp.o
 .debug_line    0x000026f8      0x23e VisualGDB/Debug/stm32f4xx_hal_timebase_tim.o
 .debug_line    0x00002936      0xb6c VisualGDB/Debug/main.o
 .debug_line    0x000034a2      0x1d6 VisualGDB/Debug/system_stm32f4xx.o
 .debug_line    0x00003678      0x495 VisualGDB/Debug/stm32f4xx_hal.o
 .debug_line    0x00003b0d      0xd1d VisualGDB/Debug/stm32f4xx_hal_adc.o
 .debug_line    0x0000482a     0x12dc VisualGDB/Debug/stm32f4xx_hal_uart.o
 .debug_line    0x00005b06      0x635 VisualGDB/Debug/stm32f4xx_hal_gpio.o
 .debug_line    0x0000613b      0x31d VisualGDB/Debug/list.o
 .debug_line    0x00006458     0x1489 VisualGDB/Debug/tasks.o
 .debug_line    0x000078e1      0x4db VisualGDB/Debug/port.o
 .debug_line    0x00007dbc      0xd90 VisualGDB/Debug/cmsis_os.o
 .debug_line    0x00008b4c      0x21e VisualGDB/Debug/stm32f4xx_hal_iwdg.o
 .debug_line    0x00008d6a      0x843 VisualGDB/Debug/stm32f4xx_hal_rcc.o
 .debug_line    0x000095ad      0x756 VisualGDB/Debug/stm32f4xx_hal_cortex.o
 .debug_line    0x00009d03     0x24a0 VisualGDB/Debug/stm32f4xx_hal_tim.o
 .debug_line    0x0000c1a3      0xcce VisualGDB/Debug/stm32f4xx_hal_tim_ex.o
 .debug_line    0x0000ce71      0xa15 VisualGDB/Debug/stm32f4xx_hal_dma.o
 .debug_line    0x0000d886      0x9e6 VisualGDB/Debug/startup_stm32f407xx.o

.debug_str      0x00000000     0x6b9e
 .debug_str     0x00000000      0x721 VisualGDB/Debug/heap_4.o
                                0x797 (size before relaxing)
 .debug_str     0x00000721      0x1ee VisualGDB/Debug/Attitude.o
                                0x37c (size before relaxing)
 .debug_str     0x0000090f       0x64 VisualGDB/Debug/Auto.o
                                0x2a6 (size before relaxing)
 .debug_str     0x00000973      0x61a VisualGDB/Debug/BasicCtrl.o
                                0xcd0 (size before relaxing)
 .debug_str     0x00000f8d      0x11f VisualGDB/Debug/Display_QL504.o
                                0xb63 (size before relaxing)
 .debug_str     0x000010ac      0x13e VisualGDB/Debug/freertos.o
                                0x790 (size before relaxing)
 .debug_str     0x000011ea      0x5bf VisualGDB/Debug/stm32f4xx_it.o
                               0x1047 (size before relaxing)
 .debug_str     0x000017a9      0x8bd VisualGDB/Debug/stm32f4xx_hal_msp.o
                               0x11a8 (size before relaxing)
 .debug_str     0x00002066       0xf2 VisualGDB/Debug/stm32f4xx_hal_timebase_tim.o
                                0xd71 (size before relaxing)
 .debug_str     0x00002158      0x6ff VisualGDB/Debug/main.o
                               0x1e01 (size before relaxing)
 .debug_str     0x00002857       0xa7 VisualGDB/Debug/system_stm32f4xx.o
                                0x358 (size before relaxing)
 .debug_str     0x000028fe      0x268 VisualGDB/Debug/stm32f4xx_hal.o
                                0xb37 (size before relaxing)
 .debug_str     0x00002b66      0x29a VisualGDB/Debug/stm32f4xx_hal_adc.o
                                0x996 (size before relaxing)
 .debug_str     0x00002e00      0x52a VisualGDB/Debug/stm32f4xx_hal_uart.o
                                0xc4b (size before relaxing)
 .debug_str     0x0000332a      0x16c VisualGDB/Debug/stm32f4xx_hal_gpio.o
                                0x581 (size before relaxing)
 .debug_str     0x00003496      0x12b VisualGDB/Debug/list.o
                                0x6cd (size before relaxing)
 .debug_str     0x000035c1      0xb1d VisualGDB/Debug/tasks.o
                               0x12b7 (size before relaxing)
 .debug_str     0x000040de      0x20d VisualGDB/Debug/port.o
                                0x809 (size before relaxing)
 .debug_str     0x000042eb      0x840 VisualGDB/Debug/cmsis_os.o
                               0x112e (size before relaxing)
 .debug_str     0x00004b2b       0x55 VisualGDB/Debug/stm32f4xx_hal_iwdg.o
                                0x32f (size before relaxing)
 .debug_str     0x00004b80      0x196 VisualGDB/Debug/stm32f4xx_hal_rcc.o
                                0x738 (size before relaxing)
 .debug_str     0x00004d16      0x480 VisualGDB/Debug/stm32f4xx_hal_cortex.o
                                0xcbb (size before relaxing)
 .debug_str     0x00005196      0xced VisualGDB/Debug/stm32f4xx_hal_tim.o
                               0x150b (size before relaxing)
 .debug_str     0x00005e83      0x498 VisualGDB/Debug/stm32f4xx_hal_tim_ex.o
                                0xd0b (size before relaxing)
 .debug_str     0x0000631b      0x30b VisualGDB/Debug/stm32f4xx_hal_dma.o
                                0x7fb (size before relaxing)
 .debug_str     0x00006626      0x578 VisualGDB/Debug/startup_stm32f407xx.o
                                0x8b7 (size before relaxing)

.comment        0x00000000       0x4c
 .comment       0x00000000       0x4c VisualGDB/Debug/heap_4.o
                                 0x4d (size before relaxing)
 .comment       0x0000004c       0x4d VisualGDB/Debug/Attitude.o
 .comment       0x0000004c       0x4d VisualGDB/Debug/Auto.o
 .comment       0x0000004c       0x4d VisualGDB/Debug/BasicCtrl.o
 .comment       0x0000004c       0x4d VisualGDB/Debug/Display_QL504.o
 .comment       0x0000004c       0x4d VisualGDB/Debug/freertos.o
 .comment       0x0000004c       0x4d VisualGDB/Debug/stm32f4xx_it.o
 .comment       0x0000004c       0x4d VisualGDB/Debug/stm32f4xx_hal_msp.o
 .comment       0x0000004c       0x4d VisualGDB/Debug/stm32f4xx_hal_timebase_tim.o
 .comment       0x0000004c       0x4d VisualGDB/Debug/main.o
 .comment       0x0000004c       0x4d VisualGDB/Debug/system_stm32f4xx.o
 .comment       0x0000004c       0x4d VisualGDB/Debug/stm32f4xx_hal.o
 .comment       0x0000004c       0x4d VisualGDB/Debug/stm32f4xx_hal_adc.o
 .comment       0x0000004c       0x4d VisualGDB/Debug/stm32f4xx_hal_uart.o
 .comment       0x0000004c       0x4d VisualGDB/Debug/stm32f4xx_hal_gpio.o
 .comment       0x0000004c       0x4d VisualGDB/Debug/list.o
 .comment       0x0000004c       0x4d VisualGDB/Debug/tasks.o
 .comment       0x0000004c       0x4d VisualGDB/Debug/port.o
 .comment       0x0000004c       0x4d VisualGDB/Debug/cmsis_os.o
 .comment       0x0000004c       0x4d VisualGDB/Debug/stm32f4xx_hal_iwdg.o
 .comment       0x0000004c       0x4d VisualGDB/Debug/stm32f4xx_hal_rcc.o
 .comment       0x0000004c       0x4d VisualGDB/Debug/stm32f4xx_hal_cortex.o
 .comment       0x0000004c       0x4d VisualGDB/Debug/stm32f4xx_hal_tim.o
 .comment       0x0000004c       0x4d VisualGDB/Debug/stm32f4xx_hal_tim_ex.o
 .comment       0x0000004c       0x4d VisualGDB/Debug/stm32f4xx_hal_dma.o
 .comment       0x0000004c       0x4d VisualGDB/Debug/startup_stm32f407xx.o

.debug_frame    0x00000000     0x59d0
 .debug_frame   0x00000000      0x108 VisualGDB/Debug/heap_4.o
 .debug_frame   0x00000108      0x12c VisualGDB/Debug/Attitude.o
 .debug_frame   0x00000234       0xd0 VisualGDB/Debug/Auto.o
 .debug_frame   0x00000304      0x14c VisualGDB/Debug/BasicCtrl.o
 .debug_frame   0x00000450       0x80 VisualGDB/Debug/Display_QL504.o
 .debug_frame   0x000004d0       0x38 VisualGDB/Debug/freertos.o
 .debug_frame   0x00000508      0x2fc VisualGDB/Debug/stm32f4xx_it.o
 .debug_frame   0x00000804      0x134 VisualGDB/Debug/stm32f4xx_hal_msp.o
 .debug_frame   0x00000938       0x74 VisualGDB/Debug/stm32f4xx_hal_timebase_tim.o
 .debug_frame   0x000009ac      0x38c VisualGDB/Debug/main.o
 .debug_frame   0x00000d38       0x58 VisualGDB/Debug/system_stm32f4xx.o
 .debug_frame   0x00000d90      0x374 VisualGDB/Debug/stm32f4xx_hal.o
 .debug_frame   0x00001104      0x3fc VisualGDB/Debug/stm32f4xx_hal_adc.o
 .debug_frame   0x00001500      0x844 VisualGDB/Debug/stm32f4xx_hal_uart.o
 .debug_frame   0x00001d44      0x14c VisualGDB/Debug/stm32f4xx_hal_gpio.o
 .debug_frame   0x00001e90       0xd8 VisualGDB/Debug/list.o
 .debug_frame   0x00001f68      0x734 VisualGDB/Debug/tasks.o
 .debug_frame   0x0000269c      0x1a8 VisualGDB/Debug/port.o
 .debug_frame   0x00002844      0x80c VisualGDB/Debug/cmsis_os.o
 .debug_frame   0x00003050       0x5c VisualGDB/Debug/stm32f4xx_hal_iwdg.o
 .debug_frame   0x000030ac      0x1f0 VisualGDB/Debug/stm32f4xx_hal_rcc.o
 .debug_frame   0x0000329c      0x498 VisualGDB/Debug/stm32f4xx_hal_cortex.o
 .debug_frame   0x00003734     0x10f0 VisualGDB/Debug/stm32f4xx_hal_tim.o
 .debug_frame   0x00004824      0x5c0 VisualGDB/Debug/stm32f4xx_hal_tim_ex.o
 .debug_frame   0x00004de4      0x250 VisualGDB/Debug/stm32f4xx_hal_dma.o
 .debug_frame   0x00005034      0x5d0 VisualGDB/Debug/startup_stm32f407xx.o
 .debug_frame   0x00005604       0x30 c:/sysgcc/arm-eabi/bin/../lib/gcc/arm-none-eabi/9.3.1/thumb/v7e-m+fp/hard\libgcc.a(_arm_muldf3.o)
 .debug_frame   0x00005634       0xac c:/sysgcc/arm-eabi/bin/../lib/gcc/arm-none-eabi/9.3.1/thumb/v7e-m+fp/hard\libgcc.a(_arm_addsubdf3.o)
 .debug_frame   0x000056e0       0x24 c:/sysgcc/arm-eabi/bin/../lib/gcc/arm-none-eabi/9.3.1/thumb/v7e-m+fp/hard\libgcc.a(_arm_fixunsdfsi.o)
 .debug_frame   0x00005704       0x2c c:/sysgcc/arm-eabi/bin/../lib/gcc/arm-none-eabi/9.3.1/thumb/v7e-m+fp/hard\libgcc.a(_aeabi_uldivmod.o)
 .debug_frame   0x00005730       0x34 c:/sysgcc/arm-eabi/bin/../lib/gcc/arm-none-eabi/9.3.1/thumb/v7e-m+fp/hard\libgcc.a(_udivmoddi4.o)
 .debug_frame   0x00005764       0x2c c:/sysgcc/arm-eabi/bin/../lib/gcc/arm-none-eabi/9.3.1/../../../../arm-none-eabi/lib/thumb/v7e-m+fp/hard\libc_nano.a(lib_a-init.o)
 .debug_frame   0x00005790       0x30 c:/sysgcc/arm-eabi/bin/../lib/gcc/arm-none-eabi/9.3.1/../../../../arm-none-eabi/lib/thumb/v7e-m+fp/hard\libc_nano.a(lib_a-malloc.o)
 .debug_frame   0x000057c0       0x20 c:/sysgcc/arm-eabi/bin/../lib/gcc/arm-none-eabi/9.3.1/../../../../arm-none-eabi/lib/thumb/v7e-m+fp/hard\libc_nano.a(lib_a-memset.o)
 .debug_frame   0x000057e0       0x38 c:/sysgcc/arm-eabi/bin/../lib/gcc/arm-none-eabi/9.3.1/../../../../arm-none-eabi/lib/thumb/v7e-m+fp/hard\libc_nano.a(lib_a-nano-freer.o)