Archive member included to satisfy reference by file (symbol)

c:/sysgcc/arm-eabi/bin/../lib/gcc/arm-none-eabi/9.2.1/thumb/v7e-m+fp/hard\libgcc.a(_arm_muldf3.o)
                              VisualGDB/Debug/main.o (__aeabi_dmul)
c:/sysgcc/arm-eabi/bin/../lib/gcc/arm-none-eabi/9.2.1/thumb/v7e-m+fp/hard\libgcc.a(_arm_addsubdf3.o)
                              VisualGDB/Debug/main.o (__aeabi_ui2d)
c:/sysgcc/arm-eabi/bin/../lib/gcc/arm-none-eabi/9.2.1/thumb/v7e-m+fp/hard\libgcc.a(_arm_fixunsdfsi.o)
                              VisualGDB/Debug/main.o (__aeabi_d2uiz)
c:/sysgcc/arm-eabi/bin/../lib/gcc/arm-none-eabi/9.2.1/thumb/v7e-m+fp/hard\libgcc.a(_aeabi_uldivmod.o)
                              VisualGDB/Debug/stm32f4xx_hal_uart.o (__aeabi_uldivmod)
c:/sysgcc/arm-eabi/bin/../lib/gcc/arm-none-eabi/9.2.1/thumb/v7e-m+fp/hard\libgcc.a(_udivmoddi4.o)
                              c:/sysgcc/arm-eabi/bin/../lib/gcc/arm-none-eabi/9.2.1/thumb/v7e-m+fp/hard\libgcc.a(_aeabi_uldivmod.o) (__udivmoddi4)
c:/sysgcc/arm-eabi/bin/../lib/gcc/arm-none-eabi/9.2.1/thumb/v7e-m+fp/hard\libgcc.a(_dvmd_tls.o)
                              c:/sysgcc/arm-eabi/bin/../lib/gcc/arm-none-eabi/9.2.1/thumb/v7e-m+fp/hard\libgcc.a(_aeabi_uldivmod.o) (__aeabi_ldiv0)
c:/sysgcc/arm-eabi/bin/../lib/gcc/arm-none-eabi/9.2.1/../../../../arm-none-eabi/lib/thumb/v7e-m+fp/hard\libc_nano.a(lib_a-exit.o)
                              c:/sysgcc/arm-eabi/bin/../lib/gcc/arm-none-eabi/9.2.1/../../../../arm-none-eabi/lib/thumb/v7e-m+fp/hard/crt0.o (exit)
c:/sysgcc/arm-eabi/bin/../lib/gcc/arm-none-eabi/9.2.1/../../../../arm-none-eabi/lib/thumb/v7e-m+fp/hard\libc_nano.a(lib_a-impure.o)
                              c:/sysgcc/arm-eabi/bin/../lib/gcc/arm-none-eabi/9.2.1/../../../../arm-none-eabi/lib/thumb/v7e-m+fp/hard\libc_nano.a(lib_a-exit.o) (_global_impure_ptr)
c:/sysgcc/arm-eabi/bin/../lib/gcc/arm-none-eabi/9.2.1/../../../../arm-none-eabi/lib/thumb/v7e-m+fp/hard\libc_nano.a(lib_a-init.o)
                              c:/sysgcc/arm-eabi/bin/../lib/gcc/arm-none-eabi/9.2.1/../../../../arm-none-eabi/lib/thumb/v7e-m+fp/hard/crt0.o (__libc_init_array)
c:/sysgcc/arm-eabi/bin/../lib/gcc/arm-none-eabi/9.2.1/../../../../arm-none-eabi/lib/thumb/v7e-m+fp/hard\libc_nano.a(lib_a-malloc.o)
                              VisualGDB/Debug/BasicCtrl.o (malloc)
c:/sysgcc/arm-eabi/bin/../lib/gcc/arm-none-eabi/9.2.1/../../../../arm-none-eabi/lib/thumb/v7e-m+fp/hard\libc_nano.a(lib_a-memcpy-stub.o)
                              VisualGDB/Debug/queue.o (memcpy)
c:/sysgcc/arm-eabi/bin/../lib/gcc/arm-none-eabi/9.2.1/../../../../arm-none-eabi/lib/thumb/v7e-m+fp/hard\libc_nano.a(lib_a-memset.o)
                              c:/sysgcc/arm-eabi/bin/../lib/gcc/arm-none-eabi/9.2.1/../../../../arm-none-eabi/lib/thumb/v7e-m+fp/hard/crt0.o (memset)
c:/sysgcc/arm-eabi/bin/../lib/gcc/arm-none-eabi/9.2.1/../../../../arm-none-eabi/lib/thumb/v7e-m+fp/hard\libc_nano.a(lib_a-nano-freer.o)
                              c:/sysgcc/arm-eabi/bin/../lib/gcc/arm-none-eabi/9.2.1/../../../../arm-none-eabi/lib/thumb/v7e-m+fp/hard\libc_nano.a(lib_a-malloc.o) (_free_r)
c:/sysgcc/arm-eabi/bin/../lib/gcc/arm-none-eabi/9.2.1/../../../../arm-none-eabi/lib/thumb/v7e-m+fp/hard\libc_nano.a(lib_a-nano-mallocr.o)
                              c:/sysgcc/arm-eabi/bin/../lib/gcc/arm-none-eabi/9.2.1/../../../../arm-none-eabi/lib/thumb/v7e-m+fp/hard\libc_nano.a(lib_a-malloc.o) (_malloc_r)
c:/sysgcc/arm-eabi/bin/../lib/gcc/arm-none-eabi/9.2.1/../../../../arm-none-eabi/lib/thumb/v7e-m+fp/hard\libc_nano.a(lib_a-sbrkr.o)
                              c:/sysgcc/arm-eabi/bin/../lib/gcc/arm-none-eabi/9.2.1/../../../../arm-none-eabi/lib/thumb/v7e-m+fp/hard\libc_nano.a(lib_a-nano-mallocr.o) (_sbrk_r)
c:/sysgcc/arm-eabi/bin/../lib/gcc/arm-none-eabi/9.2.1/../../../../arm-none-eabi/lib/thumb/v7e-m+fp/hard\libc_nano.a(lib_a-mlock.o)
                              c:/sysgcc/arm-eabi/bin/../lib/gcc/arm-none-eabi/9.2.1/../../../../arm-none-eabi/lib/thumb/v7e-m+fp/hard\libc_nano.a(lib_a-nano-freer.o) (__malloc_lock)
c:/sysgcc/arm-eabi/bin/../lib/gcc/arm-none-eabi/9.2.1/../../../../arm-none-eabi/lib/thumb/v7e-m+fp/hard\libc_nano.a(lib_a-reent.o)
                              c:/sysgcc/arm-eabi/bin/../lib/gcc/arm-none-eabi/9.2.1/../../../../arm-none-eabi/lib/thumb/v7e-m+fp/hard\libc_nano.a(lib_a-sbrkr.o) (errno)
c:/sysgcc/arm-eabi/bin/../lib/gcc/arm-none-eabi/9.2.1/../../../../arm-none-eabi/lib/thumb/v7e-m+fp/hard\libc_nano.a(lib_a-lock.o)
                              c:/sysgcc/arm-eabi/bin/../lib/gcc/arm-none-eabi/9.2.1/../../../../arm-none-eabi/lib/thumb/v7e-m+fp/hard\libc_nano.a(lib_a-mlock.o) (__retarget_lock_acquire_recursive)
c:/sysgcc/arm-eabi/bin/../lib/gcc/arm-none-eabi/9.2.1/../../../../arm-none-eabi/lib/thumb/v7e-m+fp/hard\libnosys.a(sbrk.o)
                              c:/sysgcc/arm-eabi/bin/../lib/gcc/arm-none-eabi/9.2.1/../../../../arm-none-eabi/lib/thumb/v7e-m+fp/hard\libc_nano.a(lib_a-sbrkr.o) (_sbrk)
[...]
Memory Configuration

Name             Origin             Length             Attributes
FLASH            0x08000000         0x00080000         xr
SRAM             0x20000000         0x00020000         xrw
CCMRAM           0x10000000         0x00010000         xrw
*default*        0x00000000         0xffffffff

Linker script and memory map

LOAD c:/sysgcc/arm-eabi/bin/../lib/gcc/arm-none-eabi/9.2.1/thumb/v7e-m+fp/hard/crti.o
LOAD c:/sysgcc/arm-eabi/bin/../lib/gcc/arm-none-eabi/9.2.1/thumb/v7e-m+fp/hard/crtbegin.o
LOAD c:/sysgcc/arm-eabi/bin/../lib/gcc/arm-none-eabi/9.2.1/../../../../arm-none-eabi/lib/thumb/v7e-m+fp/hard/crt0.o
START GROUP
LOAD VisualGDB/Debug/Attitude.o
LOAD VisualGDB/Debug/Auto.o
LOAD VisualGDB/Debug/BasicCtrl.o
LOAD VisualGDB/Debug/Display_QL504.o
LOAD VisualGDB/Debug/Display_QL800.o
LOAD VisualGDB/Debug/freertos.o
LOAD VisualGDB/Debug/stm32f4xx_it.o
LOAD VisualGDB/Debug/stm32f4xx_hal_msp.o
LOAD VisualGDB/Debug/stm32f4xx_hal_timebase_tim.o
LOAD VisualGDB/Debug/main.o
LOAD VisualGDB/Debug/system_stm32f4xx.o
LOAD VisualGDB/Debug/stm32f4xx_hal.o
LOAD VisualGDB/Debug/stm32f4xx_hal_adc.o
LOAD VisualGDB/Debug/stm32f4xx_hal_adc_ex.o
LOAD VisualGDB/Debug/stm32f4xx_hal_exti.o
LOAD VisualGDB/Debug/stm32f4xx_hal_uart.o
LOAD VisualGDB/Debug/stm32f4xx_hal_pwr.o
LOAD VisualGDB/Debug/stm32f4xx_hal_pwr_ex.o
LOAD VisualGDB/Debug/stm32f4xx_hal_flash.o
LOAD VisualGDB/Debug/stm32f4xx_hal_flash_ex.o
LOAD VisualGDB/Debug/stm32f4xx_hal_flash_ramfunc.o
LOAD VisualGDB/Debug/stm32f4xx_hal_gpio.o
LOAD VisualGDB/Debug/croutine.o
LOAD VisualGDB/Debug/event_groups.o
LOAD VisualGDB/Debug/list.o
LOAD VisualGDB/Debug/queue.o
LOAD VisualGDB/Debug/stream_buffer.o
LOAD VisualGDB/Debug/tasks.o
LOAD VisualGDB/Debug/timers.o
LOAD VisualGDB/Debug/heap_4.o
LOAD VisualGDB/Debug/port.o
LOAD VisualGDB/Debug/cmsis_os.o
LOAD VisualGDB/Debug/stm32f4xx_hal_iwdg.o
LOAD VisualGDB/Debug/stm32f4xx_hal_rcc.o
LOAD VisualGDB/Debug/stm32f4xx_hal_rcc_ex.o
LOAD VisualGDB/Debug/stm32f4xx_hal_cortex.o
LOAD VisualGDB/Debug/stm32f4xx_hal_tim.o
LOAD VisualGDB/Debug/stm32f4xx_hal_tim_ex.o
LOAD VisualGDB/Debug/stm32f4xx_hal_dma_ex.o
LOAD VisualGDB/Debug/stm32f4xx_hal_dma.o
LOAD VisualGDB/Debug/startup_stm32f407xx.o
END GROUP
LOAD c:/sysgcc/arm-eabi/bin/../lib/gcc/arm-none-eabi/9.2.1/../../../../arm-none-eabi/lib/thumb/v7e-m+fp/hard\libstdc++_nano.a
LOAD c:/sysgcc/arm-eabi/bin/../lib/gcc/arm-none-eabi/9.2.1/../../../../arm-none-eabi/lib/thumb/v7e-m+fp/hard\libm.a
START GROUP
LOAD c:/sysgcc/arm-eabi/bin/../lib/gcc/arm-none-eabi/9.2.1/thumb/v7e-m+fp/hard\libgcc.a
LOAD c:/sysgcc/arm-eabi/bin/../lib/gcc/arm-none-eabi/9.2.1/../../../../arm-none-eabi/lib/thumb/v7e-m+fp/hard\libc_nano.a
END GROUP
START GROUP
LOAD c:/sysgcc/arm-eabi/bin/../lib/gcc/arm-none-eabi/9.2.1/thumb/v7e-m+fp/hard\libgcc.a
LOAD c:/sysgcc/arm-eabi/bin/../lib/gcc/arm-none-eabi/9.2.1/../../../../arm-none-eabi/lib/thumb/v7e-m+fp/hard\libc_nano.a
LOAD c:/sysgcc/arm-eabi/bin/../lib/gcc/arm-none-eabi/9.2.1/../../../../arm-none-eabi/lib/thumb/v7e-m+fp/hard\libnosys.a
END GROUP
START GROUP
LOAD c:/sysgcc/arm-eabi/bin/../lib/gcc/arm-none-eabi/9.2.1/thumb/v7e-m+fp/hard\libgcc.a
LOAD c:/sysgcc/arm-eabi/bin/../lib/gcc/arm-none-eabi/9.2.1/../../../../arm-none-eabi/lib/thumb/v7e-m+fp/hard\libc_nano.a
LOAD c:/sysgcc/arm-eabi/bin/../lib/gcc/arm-none-eabi/9.2.1/../../../../arm-none-eabi/lib/thumb/v7e-m+fp/hard\libnosys.a
END GROUP
LOAD c:/sysgcc/arm-eabi/bin/../lib/gcc/arm-none-eabi/9.2.1/thumb/v7e-m+fp/hard/crtend.o
LOAD c:/sysgcc/arm-eabi/bin/../lib/gcc/arm-none-eabi/9.2.1/thumb/v7e-m+fp/hard/crtn.o
                0x20020000                _estack = 0x20020000

.isr_vector     0x08000000      0x188
                0x08000000                . = ALIGN (0x4)
 *(.isr_vector)
 .isr_vector    0x08000000      0x188 VisualGDB/Debug/startup_stm32f407xx.o
                0x08000000                g_pfnVectors
                0x08000188                . = ALIGN (0x4)

.text           0x08000190     0xa044
                0x08000190                . = ALIGN (0x4)
                0x08000190                _stext = .
 *(.text)
 .text          0x08000190       0x40 c:/sysgcc/arm-eabi/bin/../lib/gcc/arm-none-eabi/9.2.1/thumb/v7e-m+fp/hard/crtbegin.o
 .text          0x080001d0      0x254 c:/sysgcc/arm-eabi/bin/../lib/gcc/arm-none-eabi/9.2.1/thumb/v7e-m+fp/hard\libgcc.a(_arm_muldf3.o)
                0x080001d0                __muldf3
                0x080001d0                __aeabi_dmul
 .text          0x08000424      0x378 c:/sysgcc/arm-eabi/bin/../lib/gcc/arm-none-eabi/9.2.1/thumb/v7e-m+fp/hard\libgcc.a(_arm_addsubdf3.o)
                0x08000424                __aeabi_drsub
                0x0800042c                __aeabi_dsub
                0x0800042c                __subdf3
                0x08000430                __aeabi_dadd
                0x08000430                __adddf3
                0x080006a8                __floatunsidf
                0x080006a8                __aeabi_ui2d
                0x080006c8                __floatsidf
                0x080006c8                __aeabi_i2d
                0x080006ec                __aeabi_f2d
                0x080006ec                __extendsfdf2
                0x08000730                __floatundidf
                0x08000730                __aeabi_ul2d
                0x08000740                __floatdidf
                0x08000740                __aeabi_l2d
 .text          0x0800079c       0x40 c:/sysgcc/arm-eabi/bin/../lib/gcc/arm-none-eabi/9.2.1/thumb/v7e-m+fp/hard\libgcc.a(_arm_fixunsdfsi.o)
                0x0800079c                __aeabi_d2uiz
                0x0800079c                __fixunsdfsi
 .text          0x080007dc       0x30 c:/sysgcc/arm-eabi/bin/../lib/gcc/arm-none-eabi/9.2.1/thumb/v7e-m+fp/hard\libgcc.a(_aeabi_uldivmod.o)
                0x080007dc                __aeabi_uldivmod
 .text          0x0800080c      0x2c4 c:/sysgcc/arm-eabi/bin/../lib/gcc/arm-none-eabi/9.2.1/thumb/v7e-m+fp/hard\libgcc.a(_udivmoddi4.o)
                0x0800080c                __udivmoddi4
 .text          0x08000ad0        0x4 c:/sysgcc/arm-eabi/bin/../lib/gcc/arm-none-eabi/9.2.1/thumb/v7e-m+fp/hard\libgcc.a(_dvmd_tls.o)
                0x08000ad0                __aeabi_idiv0
                0x08000ad0                __aeabi_ldiv0
 *(.text*)
 .text.NormalMode
                0x08000ad4       0x6a VisualGDB/Debug/Attitude.o
                0x08000ad4                NormalMode
 .text.PitchMode
                0x08000b3e       0x76 VisualGDB/Debug/Attitude.o
                0x08000b3e                PitchMode
 .text.RowMode  0x08000bb4       0x76 VisualGDB/Debug/Attitude.o
                0x08000bb4                RowMode
 .text.MixMode  0x08000c2a       0x3e VisualGDB/Debug/Attitude.o
                0x08000c2a                MixMode
 .text.DeepAnalyze
                0x08000c68      0x5e8 VisualGDB/Debug/Attitude.o
                0x08000c68                DeepAnalyze
 .text.AttitudePoint
                0x08001250       0xa8 VisualGDB/Debug/Attitude.o
                0x08001250                AttitudePoint
 .text.AttitudeTake
                0x080012f8      0x174 VisualGDB/Debug/Attitude.o
                0x080012f8                AttitudeTake
 .text.FFOrientMove
                0x0800146c        0xe VisualGDB/Debug/Auto.o
                0x0800146c                FFOrientMove
 .text.FFDeepkeepingMove
                0x0800147a        0xe VisualGDB/Debug/Auto.o
                0x0800147a                FFDeepkeepingMove
 .text.SOrientMove
                0x08001488        0xe VisualGDB/Debug/Auto.o
                0x08001488                SOrientMove
 .text.SDeepkeepingMove
                0x08001496        0xe VisualGDB/Debug/Auto.o
                0x08001496                SDeepkeepingMove
 .text.EOrientMove
                0x080014a4        0xe VisualGDB/Debug/Auto.o
                0x080014a4                EOrientMove
 .text.EDeepkeepingMove
                0x080014b2        0xe VisualGDB/Debug/Auto.o
                0x080014b2                EDeepkeepingMove
 .text.BasicPoint
                0x080014c0      0x1a8 VisualGDB/Debug/BasicCtrl.o
                0x080014c0                BasicPoint
 .text.BasicControl
                0x08001668      0x164 VisualGDB/Debug/BasicCtrl.o
                0x08001668                BasicControl
 .text.FFMove   0x080017cc      0x1e8 VisualGDB/Debug/BasicCtrl.o
                0x080017cc                FFMove
 .text.SixMove  0x080019b4       0x14 VisualGDB/Debug/BasicCtrl.o
                0x080019b4                SixMove
 .text.EightMove
                0x080019c8       0x14 VisualGDB/Debug/BasicCtrl.o
                0x080019c8                EightMove
 .text.MoveDataAnalyze
                0x080019dc      0x1c0 VisualGDB/Debug/BasicCtrl.o
                0x080019dc                MoveDataAnalyze
 .text.PassBack
                0x08001b9c      0x108 VisualGDB/Debug/BasicCtrl.o
                0x08001b9c                PassBack
 .text.XorCaculate
                0x08001ca4       0x42 VisualGDB/Debug/BasicCtrl.o
                0x08001ca4                XorCaculate
 *fill*         0x08001ce6        0x2 
 .text.SendNum_QL504
                0x08001ce8       0x60 VisualGDB/Debug/Display_QL504.o
 .text.DisWarning_QL504
                0x08001d48       0x88 VisualGDB/Debug/Display_QL504.o
                0x08001d48                DisWarning_QL504
 .text.DisData_QL504
                0x08001dd0      0x3a8 VisualGDB/Debug/Display_QL504.o
                0x08001dd0                DisData_QL504
 .text.vApplicationGetIdleTaskMemory
                0x08002178       0x34 VisualGDB/Debug/freertos.o
                0x08002178                vApplicationGetIdleTaskMemory
 .text.NMI_Handler
                0x080021ac        0xe VisualGDB/Debug/stm32f4xx_it.o
                0x080021ac                NMI_Handler
 .text.MemManage_Handler
                0x080021ba        0x6 VisualGDB/Debug/stm32f4xx_it.o
                0x080021ba                MemManage_Handler
 .text.BusFault_Handler
                0x080021c0        0x6 VisualGDB/Debug/stm32f4xx_it.o
                0x080021c0                BusFault_Handler
 .text.UsageFault_Handler
                0x080021c6        0x6 VisualGDB/Debug/stm32f4xx_it.o
                0x080021c6                UsageFault_Handler
 .text.DebugMon_Handler
                0x080021cc        0xe VisualGDB/Debug/stm32f4xx_it.o
                0x080021cc                DebugMon_Handler
 *fill*         0x080021da        0x2 
 .text.DMA1_Stream0_IRQHandler
                0x080021dc       0x14 VisualGDB/Debug/stm32f4xx_it.o
                0x080021dc                DMA1_Stream0_IRQHandler
 .text.DMA1_Stream1_IRQHandler
                0x080021f0       0x14 VisualGDB/Debug/stm32f4xx_it.o
                0x080021f0                DMA1_Stream1_IRQHandler
 .text.DMA1_Stream2_IRQHandler
                0x08002204       0x14 VisualGDB/Debug/stm32f4xx_it.o
                0x08002204                DMA1_Stream2_IRQHandler
 .text.DMA1_Stream3_IRQHandler
                0x08002218       0x14 VisualGDB/Debug/stm32f4xx_it.o
                0x08002218                DMA1_Stream3_IRQHandler
 .text.DMA1_Stream4_IRQHandler
                0x0800222c       0x14 VisualGDB/Debug/stm32f4xx_it.o
                0x0800222c                DMA1_Stream4_IRQHandler
 .text.DMA1_Stream5_IRQHandler
                0x08002240       0x14 VisualGDB/Debug/stm32f4xx_it.o
                0x08002240                DMA1_Stream5_IRQHandler
 .text.DMA1_Stream6_IRQHandler
                0x08002254       0x14 VisualGDB/Debug/stm32f4xx_it.o
                0x08002254                DMA1_Stream6_IRQHandler
 .text.TIM1_UP_TIM10_IRQHandler
                0x08002268       0x1c VisualGDB/Debug/stm32f4xx_it.o
                0x08002268                TIM1_UP_TIM10_IRQHandler
 .text.USART1_IRQHandler
                0x08002284       0xfc VisualGDB/Debug/stm32f4xx_it.o
                0x08002284                USART1_IRQHandler
 .text.USART2_IRQHandler
                0x08002380       0x14 VisualGDB/Debug/stm32f4xx_it.o
                0x08002380                USART2_IRQHandler
 .text.USART3_IRQHandler
                0x08002394       0xd0 VisualGDB/Debug/stm32f4xx_it.o
                0x08002394                USART3_IRQHandler
 .text.DMA1_Stream7_IRQHandler
                0x08002464       0x14 VisualGDB/Debug/stm32f4xx_it.o
                0x08002464                DMA1_Stream7_IRQHandler
 .text.UART4_IRQHandler
                0x08002478      0x120 VisualGDB/Debug/stm32f4xx_it.o
                0x08002478                UART4_IRQHandler
 .text.UART5_IRQHandler
                0x08002598       0x14 VisualGDB/Debug/stm32f4xx_it.o
                0x08002598                UART5_IRQHandler
 .text.TIM7_IRQHandler
                0x080025ac      0x140 VisualGDB/Debug/stm32f4xx_it.o
                0x080025ac                TIM7_IRQHandler
 .text.DMA2_Stream0_IRQHandler
                0x080026ec       0x14 VisualGDB/Debug/stm32f4xx_it.o
                0x080026ec                DMA2_Stream0_IRQHandler
 .text.DMA2_Stream1_IRQHandler
                0x08002700       0x14 VisualGDB/Debug/stm32f4xx_it.o
                0x08002700                DMA2_Stream1_IRQHandler
 .text.DMA2_Stream2_IRQHandler
                0x08002714       0x14 VisualGDB/Debug/stm32f4xx_it.o
                0x08002714                DMA2_Stream2_IRQHandler
 .text.DMA2_Stream6_IRQHandler
                0x08002728       0x14 VisualGDB/Debug/stm32f4xx_it.o
                0x08002728                DMA2_Stream6_IRQHandler
 .text.DMA2_Stream7_IRQHandler
                0x0800273c       0x14 VisualGDB/Debug/stm32f4xx_it.o
                0x0800273c                DMA2_Stream7_IRQHandler
 .text.USART6_IRQHandler
                0x08002750       0x14 VisualGDB/Debug/stm32f4xx_it.o
                0x08002750                USART6_IRQHandler
 .text.HAL_MspInit
                0x08002764       0x58 VisualGDB/Debug/stm32f4xx_hal_msp.o
                0x08002764                HAL_MspInit
 .text.HAL_ADC_MspInit
                0x080027bc       0xf0 VisualGDB/Debug/stm32f4xx_hal_msp.o
                0x080027bc                HAL_ADC_MspInit
 .text.HAL_TIM_Base_MspInit
                0x080028ac      0x10c VisualGDB/Debug/stm32f4xx_hal_msp.o
                0x080028ac                HAL_TIM_Base_MspInit
 .text.HAL_TIM_MspPostInit
                0x080029b8      0x19c VisualGDB/Debug/stm32f4xx_hal_msp.o
                0x080029b8                HAL_TIM_MspPostInit
 .text.HAL_UART_MspInit
                0x08002b54      0x81c VisualGDB/Debug/stm32f4xx_hal_msp.o
                0x08002b54                HAL_UART_MspInit
 .text.HAL_InitTick
                0x08003370       0xb4 VisualGDB/Debug/stm32f4xx_hal_timebase_tim.o
                0x08003370                HAL_InitTick
 .text.main     0x08003424      0x1d8 VisualGDB/Debug/main.o
                0x08003424                main
 .text.SystemClock_Config
                0x080035fc       0xd8 VisualGDB/Debug/main.o
                0x080035fc                SystemClock_Config
 .text.MX_ADC1_Init
                0x080036d4      0x130 VisualGDB/Debug/main.o
 .text.MX_IWDG_Init
                0x08003804       0x34 VisualGDB/Debug/main.o
 .text.MX_TIM1_Init
                0x08003838      0x18c VisualGDB/Debug/main.o
 .text.MX_TIM2_Init
                0x080039c4      0x130 VisualGDB/Debug/main.o
 .text.MX_TIM3_Init
                0x08003af4      0x11c VisualGDB/Debug/main.o
 .text.MX_TIM7_Init
                0x08003c10       0x6c VisualGDB/Debug/main.o
 .text.MX_TIM14_Init
                0x08003c7c       0x9c VisualGDB/Debug/main.o
 .text.MX_UART4_Init
                0x08003d18       0x54 VisualGDB/Debug/main.o
 .text.MX_UART5_Init
                0x08003d6c       0x54 VisualGDB/Debug/main.o
 .text.MX_USART1_UART_Init
                0x08003dc0       0x54 VisualGDB/Debug/main.o
 .text.MX_USART2_UART_Init
                0x08003e14       0x54 VisualGDB/Debug/main.o
 .text.MX_USART3_UART_Init
                0x08003e68       0x54 VisualGDB/Debug/main.o
 .text.MX_USART6_UART_Init
                0x08003ebc       0x54 VisualGDB/Debug/main.o
 .text.MX_DMA_Init
                0x08003f10      0x11c VisualGDB/Debug/main.o
 .text.MX_GPIO_Init
                0x0800402c       0xc0 VisualGDB/Debug/main.o
 *fill*         0x080040ec        0x4 
 .text.CtrlTask
                0x080040f0      0x128 VisualGDB/Debug/main.o
                0x080040f0                CtrlTask
 .text.DisTask  0x08004218      0x118 VisualGDB/Debug/main.o
                0x08004218                DisTask
 .text.WDTask   0x08004330       0x70 VisualGDB/Debug/main.o
                0x08004330                WDTask
 .text.AttTask  0x080043a0       0x78 VisualGDB/Debug/main.o
                0x080043a0                AttTask
 .text.EmpTask  0x08004418       0x14 VisualGDB/Debug/main.o
                0x08004418                EmpTask
 .text.AutoTask
                0x0800442c       0x1c VisualGDB/Debug/main.o
                0x0800442c                AutoTask
 .text.InitTask
                0x08004448      0x1fc VisualGDB/Debug/main.o
                0x08004448                InitTask
 .text.SWTask   0x08004644       0xd0 VisualGDB/Debug/main.o
                0x08004644                SWTask
 .text.HAL_TIM_PeriodElapsedCallback
                0x08004714       0x24 VisualGDB/Debug/main.o
                0x08004714                HAL_TIM_PeriodElapsedCallback
 .text.Error_Handler
                0x08004738        0xe VisualGDB/Debug/main.o
                0x08004738                Error_Handler
 *fill*         0x08004746        0x2 
 .text.SystemInit
                0x08004748       0x2c VisualGDB/Debug/system_stm32f4xx.o
                0x08004748                SystemInit
 .text.HAL_Init
                0x08004774       0x44 VisualGDB/Debug/stm32f4xx_hal.o
                0x08004774                HAL_Init
 .text.HAL_IncTick
                0x080047b8       0x28 VisualGDB/Debug/stm32f4xx_hal.o
                0x080047b8                HAL_IncTick
 .text.HAL_GetTick
                0x080047e0       0x18 VisualGDB/Debug/stm32f4xx_hal.o
                0x080047e0                HAL_GetTick
 .text.HAL_ADC_Init
                0x080047f8       0x86 VisualGDB/Debug/stm32f4xx_hal_adc.o
                0x080047f8                HAL_ADC_Init
 *fill*         0x0800487e        0x2 
 .text.HAL_ADC_Start_DMA
                0x08004880      0x1e4 VisualGDB/Debug/stm32f4xx_hal_adc.o
                0x08004880                HAL_ADC_Start_DMA
 .text.HAL_ADC_ConvCpltCallback
                0x08004a64       0x14 VisualGDB/Debug/stm32f4xx_hal_adc.o
                0x08004a64                HAL_ADC_ConvCpltCallback
 .text.HAL_ADC_ConvHalfCpltCallback
                0x08004a78       0x14 VisualGDB/Debug/stm32f4xx_hal_adc.o
                0x08004a78                HAL_ADC_ConvHalfCpltCallback
 .text.HAL_ADC_ErrorCallback
                0x08004a8c       0x14 VisualGDB/Debug/stm32f4xx_hal_adc.o
                0x08004a8c                HAL_ADC_ErrorCallback
 .text.HAL_ADC_ConfigChannel
                0x08004aa0      0x244 VisualGDB/Debug/stm32f4xx_hal_adc.o
                0x08004aa0                HAL_ADC_ConfigChannel
 .text.ADC_Init
                0x08004ce4      0x1f8 VisualGDB/Debug/stm32f4xx_hal_adc.o
 .text.ADC_DMAConvCplt
                0x08004edc       0xba VisualGDB/Debug/stm32f4xx_hal_adc.o
 .text.ADC_DMAHalfConvCplt
                0x08004f96       0x1c VisualGDB/Debug/stm32f4xx_hal_adc.o
 .text.ADC_DMAError
                0x08004fb2       0x2e VisualGDB/Debug/stm32f4xx_hal_adc.o
 .text.HAL_UART_Init
                0x08004fe0       0x9a VisualGDB/Debug/stm32f4xx_hal_uart.o
                0x08004fe0                HAL_UART_Init
 *fill*         0x0800507a        0x2 
 .text.HAL_UART_Transmit_DMA
                0x0800507c       0xd8 VisualGDB/Debug/stm32f4xx_hal_uart.o
                0x0800507c                HAL_UART_Transmit_DMA
 .text.HAL_UART_Receive_DMA
                0x08005154      0x100 VisualGDB/Debug/stm32f4xx_hal_uart.o
                0x08005154                HAL_UART_Receive_DMA
 .text.HAL_UART_DMAStop
                0x08005254       0xb6 VisualGDB/Debug/stm32f4xx_hal_uart.o
                0x08005254                HAL_UART_DMAStop
 *fill*         0x0800530a        0x2 
 .text.HAL_UART_IRQHandler
                0x0800530c      0x200 VisualGDB/Debug/stm32f4xx_hal_uart.o
                0x0800530c                HAL_UART_IRQHandler
 .text.HAL_UART_TxCpltCallback
                0x0800550c       0x14 VisualGDB/Debug/stm32f4xx_hal_uart.o
                0x0800550c                HAL_UART_TxCpltCallback
 .text.HAL_UART_TxHalfCpltCallback
                0x08005520       0x14 VisualGDB/Debug/stm32f4xx_hal_uart.o
                0x08005520                HAL_UART_TxHalfCpltCallback
 .text.HAL_UART_RxCpltCallback
                0x08005534       0x14 VisualGDB/Debug/stm32f4xx_hal_uart.o
                0x08005534                HAL_UART_RxCpltCallback
 .text.HAL_UART_RxHalfCpltCallback
                0x08005548       0x14 VisualGDB/Debug/stm32f4xx_hal_uart.o
                0x08005548                HAL_UART_RxHalfCpltCallback
 .text.HAL_UART_ErrorCallback
                0x0800555c       0x14 VisualGDB/Debug/stm32f4xx_hal_uart.o
                0x0800555c                HAL_UART_ErrorCallback
 .text.UART_DMATransmitCplt
                0x08005570       0x52 VisualGDB/Debug/stm32f4xx_hal_uart.o
 .text.UART_DMATxHalfCplt
                0x080055c2       0x1c VisualGDB/Debug/stm32f4xx_hal_uart.o
 .text.UART_DMAReceiveCplt
                0x080055de       0x68 VisualGDB/Debug/stm32f4xx_hal_uart.o
 .text.UART_DMARxHalfCplt
                0x08005646       0x1c VisualGDB/Debug/stm32f4xx_hal_uart.o
 .text.UART_DMAError
                0x08005662       0x94 VisualGDB/Debug/stm32f4xx_hal_uart.o
 .text.UART_EndTxTransfer
                0x080056f6       0x2c VisualGDB/Debug/stm32f4xx_hal_uart.o
 .text.UART_EndRxTransfer
                0x08005722       0x3c VisualGDB/Debug/stm32f4xx_hal_uart.o
 .text.UART_DMAAbortOnError
                0x0800575e       0x28 VisualGDB/Debug/stm32f4xx_hal_uart.o
 .text.UART_Transmit_IT
                0x08005786       0xac VisualGDB/Debug/stm32f4xx_hal_uart.o
 .text.UART_EndTransmit_IT
                0x08005832       0x30 VisualGDB/Debug/stm32f4xx_hal_uart.o
 .text.UART_Receive_IT
                0x08005862      0x102 VisualGDB/Debug/stm32f4xx_hal_uart.o
 .text.UART_SetConfig
                0x08005964      0x738 VisualGDB/Debug/stm32f4xx_hal_uart.o
 .text.HAL_GPIO_Init
                0x0800609c      0x338 VisualGDB/Debug/stm32f4xx_hal_gpio.o
                0x0800609c                HAL_GPIO_Init
 .text.vListInitialise
                0x080063d4       0x40 VisualGDB/Debug/list.o
                0x080063d4                vListInitialise
 .text.vListInitialiseItem
                0x08006414       0x1a VisualGDB/Debug/list.o
                0x08006414                vListInitialiseItem
 .text.vListInsertEnd
                0x0800642e       0x48 VisualGDB/Debug/list.o
                0x0800642e                vListInsertEnd
 .text.vListInsert
                0x08006476       0x72 VisualGDB/Debug/list.o
                0x08006476                vListInsert
 .text.uxListRemove
                0x080064e8       0x54 VisualGDB/Debug/list.o
                0x080064e8                uxListRemove
 .text.xTaskCreateStatic
                0x0800653c       0xb8 VisualGDB/Debug/tasks.o
                0x0800653c                xTaskCreateStatic
 .text.xTaskCreate
                0x080065f4       0x8a VisualGDB/Debug/tasks.o
                0x080065f4                xTaskCreate
 .text.prvInitialiseNewTask
                0x0800667e       0xfe VisualGDB/Debug/tasks.o
 .text.prvAddNewTaskToReadyList
                0x0800677c       0xd4 VisualGDB/Debug/tasks.o
 .text.vTaskDelay
                0x08006850       0x68 VisualGDB/Debug/tasks.o
                0x08006850                vTaskDelay
 .text.vTaskSuspend
                0x080068b8      0x124 VisualGDB/Debug/tasks.o
                0x080068b8                vTaskSuspend
 .text.prvTaskIsTaskSuspended
                0x080069dc       0x78 VisualGDB/Debug/tasks.o
 .text.vTaskResume
                0x08006a54       0xbc VisualGDB/Debug/tasks.o
                0x08006a54                vTaskResume
 .text.vTaskStartScheduler
                0x08006b10       0xc0 VisualGDB/Debug/tasks.o
                0x08006b10                vTaskStartScheduler
 .text.vTaskSuspendAll
                0x08006bd0       0x1c VisualGDB/Debug/tasks.o
                0x08006bd0                vTaskSuspendAll
 .text.xTaskResumeAll
                0x08006bec      0x138 VisualGDB/Debug/tasks.o
                0x08006bec                xTaskResumeAll
 .text.xTaskIncrementTick
                0x08006d24      0x17c VisualGDB/Debug/tasks.o
                0x08006d24                xTaskIncrementTick
 .text.vTaskSwitchContext
                0x08006ea0       0xb8 VisualGDB/Debug/tasks.o
                0x08006ea0                vTaskSwitchContext
 .text.prvIdleTask
                0x08006f58       0x30 VisualGDB/Debug/tasks.o
 .text.prvInitialiseTaskLists
                0x08006f88       0x80 VisualGDB/Debug/tasks.o
 .text.prvCheckTasksWaitingTermination
                0x08007008       0x5c VisualGDB/Debug/tasks.o
 .text.prvDeleteTCB
                0x08007064       0x5e VisualGDB/Debug/tasks.o
 *fill*         0x080070c2        0x2 
 .text.prvResetNextTaskUnblockTime
                0x080070c4       0x4c VisualGDB/Debug/tasks.o
 .text.prvAddCurrentTaskToDelayedList
                0x08007110       0xcc VisualGDB/Debug/tasks.o
 .text.pvPortMalloc
                0x080071dc      0x188 VisualGDB/Debug/heap_4.o
                0x080071dc                pvPortMalloc
 .text.vPortFree
                0x08007364       0xb4 VisualGDB/Debug/heap_4.o
                0x08007364                vPortFree
 .text.prvHeapInit
                0x08007418       0xc4 VisualGDB/Debug/heap_4.o
 .text.prvInsertBlockIntoFreeList
                0x080074dc       0xb4 VisualGDB/Debug/heap_4.o
 .text.pxPortInitialiseStack
                0x08007590       0x68 VisualGDB/Debug/port.o
                0x08007590                pxPortInitialiseStack
 .text.prvTaskExitError
                0x080075f8       0x58 VisualGDB/Debug/port.o
 .text.SVC_Handler
                0x08007650       0x28 VisualGDB/Debug/port.o
                0x08007650                SVC_Handler
 .text.prvPortStartFirstTask
                0x08007678       0x28 VisualGDB/Debug/port.o
 .text.xPortStartScheduler
                0x080076a0      0x144 VisualGDB/Debug/port.o
                0x080076a0                xPortStartScheduler
 .text.vPortEnterCritical
                0x080077e4       0x60 VisualGDB/Debug/port.o
                0x080077e4                vPortEnterCritical
 .text.vPortExitCritical
                0x08007844       0x54 VisualGDB/Debug/port.o
                0x08007844                vPortExitCritical
 *fill*         0x08007898        0x8 
 .text.PendSV_Handler
                0x080078a0       0x68 VisualGDB/Debug/port.o
                0x080078a0                PendSV_Handler
 .text.SysTick_Handler
                0x08007908       0x44 VisualGDB/Debug/port.o
                0x08007908                SysTick_Handler
 .text.vPortSetupTimerInterrupt
                0x0800794c       0x48 VisualGDB/Debug/port.o
                0x0800794c                vPortSetupTimerInterrupt
 .text.vPortEnableVFP
                0x08007994       0x14 VisualGDB/Debug/port.o
 .text.makeFreeRtosPriority
                0x080079a8       0x30 VisualGDB/Debug/cmsis_os.o
 .text.osKernelStart
                0x080079d8        0xe VisualGDB/Debug/cmsis_os.o
                0x080079d8                osKernelStart
 .text.osThreadCreate
                0x080079e6       0x98 VisualGDB/Debug/cmsis_os.o
                0x080079e6                osThreadCreate
 .text.osDelay  0x08007a7e       0x28 VisualGDB/Debug/cmsis_os.o
                0x08007a7e                osDelay
 .text.HAL_IWDG_Init
                0x08007aa6       0x72 VisualGDB/Debug/stm32f4xx_hal_iwdg.o
                0x08007aa6                HAL_IWDG_Init
 .text.HAL_IWDG_Refresh
                0x08007b18       0x20 VisualGDB/Debug/stm32f4xx_hal_iwdg.o
                0x08007b18                HAL_IWDG_Refresh
 .text.HAL_RCC_OscConfig
                0x08007b38      0x4e0 VisualGDB/Debug/stm32f4xx_hal_rcc.o
                0x08007b38                HAL_RCC_OscConfig
 .text.HAL_RCC_ClockConfig
                0x08008018      0x1cc VisualGDB/Debug/stm32f4xx_hal_rcc.o
                0x08008018                HAL_RCC_ClockConfig
 .text.HAL_RCC_GetSysClockFreq
                0x080081e4      0x1c4 VisualGDB/Debug/stm32f4xx_hal_rcc.o
                0x080081e4                HAL_RCC_GetSysClockFreq
 .text.HAL_RCC_GetHCLKFreq
                0x080083a8       0x18 VisualGDB/Debug/stm32f4xx_hal_rcc.o
                0x080083a8                HAL_RCC_GetHCLKFreq
 .text.HAL_RCC_GetPCLK1Freq
                0x080083c0       0x28 VisualGDB/Debug/stm32f4xx_hal_rcc.o
                0x080083c0                HAL_RCC_GetPCLK1Freq
 .text.HAL_RCC_GetPCLK2Freq
                0x080083e8       0x28 VisualGDB/Debug/stm32f4xx_hal_rcc.o
                0x080083e8                HAL_RCC_GetPCLK2Freq
 .text.HAL_RCC_GetClockConfig
                0x08008410       0x64 VisualGDB/Debug/stm32f4xx_hal_rcc.o
                0x08008410                HAL_RCC_GetClockConfig
 .text.__NVIC_SetPriorityGrouping
                0x08008474       0x48 VisualGDB/Debug/stm32f4xx_hal_cortex.o
 .text.__NVIC_GetPriorityGrouping
                0x080084bc       0x1c VisualGDB/Debug/stm32f4xx_hal_cortex.o
 .text.__NVIC_EnableIRQ
                0x080084d8       0x3c VisualGDB/Debug/stm32f4xx_hal_cortex.o
 .text.__NVIC_SetPriority
                0x08008514       0x54 VisualGDB/Debug/stm32f4xx_hal_cortex.o
 .text.NVIC_EncodePriority
                0x08008568       0x66 VisualGDB/Debug/stm32f4xx_hal_cortex.o
 .text.HAL_NVIC_SetPriorityGrouping
                0x080085ce       0x16 VisualGDB/Debug/stm32f4xx_hal_cortex.o
                0x080085ce                HAL_NVIC_SetPriorityGrouping
 .text.HAL_NVIC_SetPriority
                0x080085e4       0x38 VisualGDB/Debug/stm32f4xx_hal_cortex.o
                0x080085e4                HAL_NVIC_SetPriority
 .text.HAL_NVIC_EnableIRQ
                0x0800861c       0x1c VisualGDB/Debug/stm32f4xx_hal_cortex.o
                0x0800861c                HAL_NVIC_EnableIRQ
 .text.HAL_TIM_Base_Init
                0x08008638       0x56 VisualGDB/Debug/stm32f4xx_hal_tim.o
                0x08008638                HAL_TIM_Base_Init
 .text.HAL_TIM_Base_Start_IT
                0x0800868e       0x48 VisualGDB/Debug/stm32f4xx_hal_tim.o
                0x0800868e                HAL_TIM_Base_Start_IT
 .text.HAL_TIM_PWM_Init
                0x080086d6       0x56 VisualGDB/Debug/stm32f4xx_hal_tim.o
                0x080086d6                HAL_TIM_PWM_Init
 .text.HAL_TIM_PWM_MspInit
                0x0800872c       0x14 VisualGDB/Debug/stm32f4xx_hal_tim.o
                0x0800872c                HAL_TIM_PWM_MspInit
 .text.HAL_TIM_PWM_Start
                0x08008740       0x7c VisualGDB/Debug/stm32f4xx_hal_tim.o
                0x08008740                HAL_TIM_PWM_Start
 .text.HAL_TIM_IRQHandler
                0x080087bc      0x210 VisualGDB/Debug/stm32f4xx_hal_tim.o
                0x080087bc                HAL_TIM_IRQHandler
 .text.HAL_TIM_PWM_ConfigChannel
                0x080089cc      0x18c VisualGDB/Debug/stm32f4xx_hal_tim.o
                0x080089cc                HAL_TIM_PWM_ConfigChannel
 .text.HAL_TIM_ConfigClockSource
                0x08008b58      0x188 VisualGDB/Debug/stm32f4xx_hal_tim.o
                0x08008b58                HAL_TIM_ConfigClockSource
 .text.HAL_TIM_OC_DelayElapsedCallback
                0x08008ce0       0x14 VisualGDB/Debug/stm32f4xx_hal_tim.o
                0x08008ce0                HAL_TIM_OC_DelayElapsedCallback
 .text.HAL_TIM_IC_CaptureCallback
                0x08008cf4       0x14 VisualGDB/Debug/stm32f4xx_hal_tim.o
                0x08008cf4                HAL_TIM_IC_CaptureCallback
 .text.HAL_TIM_PWM_PulseFinishedCallback
                0x08008d08       0x14 VisualGDB/Debug/stm32f4xx_hal_tim.o
                0x08008d08                HAL_TIM_PWM_PulseFinishedCallback
 .text.HAL_TIM_TriggerCallback
                0x08008d1c       0x14 VisualGDB/Debug/stm32f4xx_hal_tim.o
                0x08008d1c                HAL_TIM_TriggerCallback
 .text.TIM_Base_SetConfig
                0x08008d30      0x140 VisualGDB/Debug/stm32f4xx_hal_tim.o
                0x08008d30                TIM_Base_SetConfig
 .text.TIM_OC1_SetConfig
                0x08008e70       0xe0 VisualGDB/Debug/stm32f4xx_hal_tim.o
 .text.TIM_OC2_SetConfig
                0x08008f50       0xec VisualGDB/Debug/stm32f4xx_hal_tim.o
                0x08008f50                TIM_OC2_SetConfig
 .text.TIM_OC3_SetConfig
                0x0800903c       0xe8 VisualGDB/Debug/stm32f4xx_hal_tim.o
 .text.TIM_OC4_SetConfig
                0x08009124       0xac VisualGDB/Debug/stm32f4xx_hal_tim.o
 .text.TIM_TI1_ConfigInputStage
                0x080091d0       0x5e VisualGDB/Debug/stm32f4xx_hal_tim.o
 .text.TIM_TI2_ConfigInputStage
                0x0800922e       0x60 VisualGDB/Debug/stm32f4xx_hal_tim.o
 .text.TIM_ITRx_SetConfig
                0x0800928e       0x36 VisualGDB/Debug/stm32f4xx_hal_tim.o
 .text.TIM_ETR_SetConfig
                0x080092c4       0x40 VisualGDB/Debug/stm32f4xx_hal_tim.o
                0x080092c4                TIM_ETR_SetConfig
 .text.TIM_CCxChannelCmd
                0x08009304       0x4a VisualGDB/Debug/stm32f4xx_hal_tim.o
                0x08009304                TIM_CCxChannelCmd
 *fill*         0x0800934e        0x2 
 .text.HAL_TIMEx_MasterConfigSynchronization
                0x08009350       0xf8 VisualGDB/Debug/stm32f4xx_hal_tim_ex.o
                0x08009350                HAL_TIMEx_MasterConfigSynchronization
 .text.HAL_TIMEx_ConfigBreakDeadTime
                0x08009448       0xa4 VisualGDB/Debug/stm32f4xx_hal_tim_ex.o
                0x08009448                HAL_TIMEx_ConfigBreakDeadTime
 .text.HAL_TIMEx_CommutCallback
                0x080094ec       0x14 VisualGDB/Debug/stm32f4xx_hal_tim_ex.o
                0x080094ec                HAL_TIMEx_CommutCallback
 .text.HAL_TIMEx_BreakCallback
                0x08009500       0x14 VisualGDB/Debug/stm32f4xx_hal_tim_ex.o
                0x08009500                HAL_TIMEx_BreakCallback
 .text.HAL_DMA_Init
                0x08009514      0x15c VisualGDB/Debug/stm32f4xx_hal_dma.o
                0x08009514                HAL_DMA_Init
 .text.HAL_DMA_Start_IT
                0x08009670       0xb0 VisualGDB/Debug/stm32f4xx_hal_dma.o
                0x08009670                HAL_DMA_Start_IT
 .text.HAL_DMA_Abort
                0x08009720       0xe0 VisualGDB/Debug/stm32f4xx_hal_dma.o
                0x08009720                HAL_DMA_Abort
 .text.HAL_DMA_Abort_IT
                0x08009800       0x44 VisualGDB/Debug/stm32f4xx_hal_dma.o
                0x08009800                HAL_DMA_Abort_IT
 .text.HAL_DMA_IRQHandler
                0x08009844      0x314 VisualGDB/Debug/stm32f4xx_hal_dma.o
                0x08009844                HAL_DMA_IRQHandler
 .text.DMA_SetConfig
                0x08009b58       0x5c VisualGDB/Debug/stm32f4xx_hal_dma.o
 .text.DMA_CalcBaseAndBitshift
                0x08009bb4       0x6c VisualGDB/Debug/stm32f4xx_hal_dma.o
 .text.DMA_CheckFifoParam
                0x08009c20       0xf8 VisualGDB/Debug/stm32f4xx_hal_dma.o
 .text.HardFault_Handler
                0x08009d18        0x6 VisualGDB/Debug/startup_stm32f407xx.o
                0x08009d18                HardFault_Handler
 .text.WWDG_IRQHandler
                0x08009d1e        0x6 VisualGDB/Debug/startup_stm32f407xx.o
                0x08009d1e                WWDG_IRQHandler
 .text.PVD_IRQHandler
                0x08009d24        0x6 VisualGDB/Debug/startup_stm32f407xx.o
                0x08009d24                PVD_IRQHandler
 .text.TAMP_STAMP_IRQHandler
                0x08009d2a        0x6 VisualGDB/Debug/startup_stm32f407xx.o
                0x08009d2a                TAMP_STAMP_IRQHandler
 .text.RTC_WKUP_IRQHandler
                0x08009d30        0x6 VisualGDB/Debug/startup_stm32f407xx.o
                0x08009d30                RTC_WKUP_IRQHandler
 .text.FLASH_IRQHandler
                0x08009d36        0x6 VisualGDB/Debug/startup_stm32f407xx.o
                0x08009d36                FLASH_IRQHandler
 .text.RCC_IRQHandler
                0x08009d3c        0x6 VisualGDB/Debug/startup_stm32f407xx.o
                0x08009d3c                RCC_IRQHandler
 .text.EXTI0_IRQHandler
                0x08009d42        0x6 VisualGDB/Debug/startup_stm32f407xx.o
                0x08009d42                EXTI0_IRQHandler
 .text.EXTI1_IRQHandler
                0x08009d48        0x6 VisualGDB/Debug/startup_stm32f407xx.o
                0x08009d48                EXTI1_IRQHandler
 .text.EXTI2_IRQHandler
                0x08009d4e        0x6 VisualGDB/Debug/startup_stm32f407xx.o
                0x08009d4e                EXTI2_IRQHandler
 .text.EXTI3_IRQHandler
                0x08009d54        0x6 VisualGDB/Debug/startup_stm32f407xx.o
                0x08009d54                EXTI3_IRQHandler
 .text.EXTI4_IRQHandler
                0x08009d5a        0x6 VisualGDB/Debug/startup_stm32f407xx.o
                0x08009d5a                EXTI4_IRQHandler
 .text.ADC_IRQHandler
                0x08009d60        0x6 VisualGDB/Debug/startup_stm32f407xx.o
                0x08009d60                ADC_IRQHandler
 .text.CAN1_TX_IRQHandler
                0x08009d66        0x6 VisualGDB/Debug/startup_stm32f407xx.o
                0x08009d66                CAN1_TX_IRQHandler
 .text.CAN1_RX0_IRQHandler
                0x08009d6c        0x6 VisualGDB/Debug/startup_stm32f407xx.o
                0x08009d6c                CAN1_RX0_IRQHandler
 .text.CAN1_RX1_IRQHandler
                0x08009d72        0x6 VisualGDB/Debug/startup_stm32f407xx.o
                0x08009d72                CAN1_RX1_IRQHandler
 .text.CAN1_SCE_IRQHandler
                0x08009d78        0x6 VisualGDB/Debug/startup_stm32f407xx.o
                0x08009d78                CAN1_SCE_IRQHandler
 .text.EXTI9_5_IRQHandler
                0x08009d7e        0x6 VisualGDB/Debug/startup_stm32f407xx.o
                0x08009d7e                EXTI9_5_IRQHandler
 .text.TIM1_BRK_TIM9_IRQHandler
                0x08009d84        0x6 VisualGDB/Debug/startup_stm32f407xx.o
                0x08009d84                TIM1_BRK_TIM9_IRQHandler
 .text.TIM1_TRG_COM_TIM11_IRQHandler
                0x08009d8a        0x6 VisualGDB/Debug/startup_stm32f407xx.o
                0x08009d8a                TIM1_TRG_COM_TIM11_IRQHandler
 .text.TIM1_CC_IRQHandler
                0x08009d90        0x6 VisualGDB/Debug/startup_stm32f407xx.o
                0x08009d90                TIM1_CC_IRQHandler
 .text.TIM2_IRQHandler
                0x08009d96        0x6 VisualGDB/Debug/startup_stm32f407xx.o
                0x08009d96                TIM2_IRQHandler
 .text.TIM3_IRQHandler
                0x08009d9c        0x6 VisualGDB/Debug/startup_stm32f407xx.o
                0x08009d9c                TIM3_IRQHandler
 .text.TIM4_IRQHandler
                0x08009da2        0x6 VisualGDB/Debug/startup_stm32f407xx.o
                0x08009da2                TIM4_IRQHandler
 .text.I2C1_EV_IRQHandler
                0x08009da8        0x6 VisualGDB/Debug/startup_stm32f407xx.o
                0x08009da8                I2C1_EV_IRQHandler
 .text.I2C1_ER_IRQHandler
                0x08009dae        0x6 VisualGDB/Debug/startup_stm32f407xx.o
                0x08009dae                I2C1_ER_IRQHandler
 .text.I2C2_EV_IRQHandler
                0x08009db4        0x6 VisualGDB/Debug/startup_stm32f407xx.o
                0x08009db4                I2C2_EV_IRQHandler
 .text.I2C2_ER_IRQHandler
                0x08009dba        0x6 VisualGDB/Debug/startup_stm32f407xx.o
                0x08009dba                I2C2_ER_IRQHandler
 .text.SPI1_IRQHandler
                0x08009dc0        0x6 VisualGDB/Debug/startup_stm32f407xx.o
                0x08009dc0                SPI1_IRQHandler
 .text.SPI2_IRQHandler
                0x08009dc6        0x6 VisualGDB/Debug/startup_stm32f407xx.o
                0x08009dc6                SPI2_IRQHandler
 .text.EXTI15_10_IRQHandler
                0x08009dcc        0x6 VisualGDB/Debug/startup_stm32f407xx.o
                0x08009dcc                EXTI15_10_IRQHandler
 .text.RTC_Alarm_IRQHandler
                0x08009dd2        0x6 VisualGDB/Debug/startup_stm32f407xx.o
                0x08009dd2                RTC_Alarm_IRQHandler
 .text.OTG_FS_WKUP_IRQHandler
                0x08009dd8        0x6 VisualGDB/Debug/startup_stm32f407xx.o
                0x08009dd8                OTG_FS_WKUP_IRQHandler
 .text.TIM8_BRK_TIM12_IRQHandler
                0x08009dde        0x6 VisualGDB/Debug/startup_stm32f407xx.o
                0x08009dde                TIM8_BRK_TIM12_IRQHandler
 .text.TIM8_UP_TIM13_IRQHandler
                0x08009de4        0x6 VisualGDB/Debug/startup_stm32f407xx.o
                0x08009de4                TIM8_UP_TIM13_IRQHandler
 .text.TIM8_TRG_COM_TIM14_IRQHandler
                0x08009dea        0x6 VisualGDB/Debug/startup_stm32f407xx.o
                0x08009dea                TIM8_TRG_COM_TIM14_IRQHandler
 .text.TIM8_CC_IRQHandler
                0x08009df0        0x6 VisualGDB/Debug/startup_stm32f407xx.o
                0x08009df0                TIM8_CC_IRQHandler
 .text.FSMC_IRQHandler
                0x08009df6        0x6 VisualGDB/Debug/startup_stm32f407xx.o
                0x08009df6                FSMC_IRQHandler
 .text.SDIO_IRQHandler
                0x08009dfc        0x6 VisualGDB/Debug/startup_stm32f407xx.o
                0x08009dfc                SDIO_IRQHandler
 .text.TIM5_IRQHandler
                0x08009e02        0x6 VisualGDB/Debug/startup_stm32f407xx.o
                0x08009e02                TIM5_IRQHandler
 .text.SPI3_IRQHandler
                0x08009e08        0x6 VisualGDB/Debug/startup_stm32f407xx.o
                0x08009e08                SPI3_IRQHandler
 .text.TIM6_DAC_IRQHandler
                0x08009e0e        0x6 VisualGDB/Debug/startup_stm32f407xx.o
                0x08009e0e                TIM6_DAC_IRQHandler
 .text.DMA2_Stream3_IRQHandler
                0x08009e14        0x6 VisualGDB/Debug/startup_stm32f407xx.o
                0x08009e14                DMA2_Stream3_IRQHandler
 .text.DMA2_Stream4_IRQHandler
                0x08009e1a        0x6 VisualGDB/Debug/startup_stm32f407xx.o
                0x08009e1a                DMA2_Stream4_IRQHandler
 .text.ETH_IRQHandler
                0x08009e20        0x6 VisualGDB/Debug/startup_stm32f407xx.o
                0x08009e20                ETH_IRQHandler
 .text.ETH_WKUP_IRQHandler
                0x08009e26        0x6 VisualGDB/Debug/startup_stm32f407xx.o
                0x08009e26                ETH_WKUP_IRQHandler
 .text.CAN2_TX_IRQHandler
                0x08009e2c        0x6 VisualGDB/Debug/startup_stm32f407xx.o
                0x08009e2c                CAN2_TX_IRQHandler
 .text.CAN2_RX0_IRQHandler
                0x08009e32        0x6 VisualGDB/Debug/startup_stm32f407xx.o
                0x08009e32                CAN2_RX0_IRQHandler
 .text.CAN2_RX1_IRQHandler
                0x08009e38        0x6 VisualGDB/Debug/startup_stm32f407xx.o
                0x08009e38                CAN2_RX1_IRQHandler
 .text.CAN2_SCE_IRQHandler
                0x08009e3e        0x6 VisualGDB/Debug/startup_stm32f407xx.o
                0x08009e3e                CAN2_SCE_IRQHandler
 .text.OTG_FS_IRQHandler
                0x08009e44        0x6 VisualGDB/Debug/startup_stm32f407xx.o
                0x08009e44                OTG_FS_IRQHandler
 .text.DMA2_Stream5_IRQHandler
                0x08009e4a        0x6 VisualGDB/Debug/startup_stm32f407xx.o
                0x08009e4a                DMA2_Stream5_IRQHandler
 .text.I2C3_EV_IRQHandler
                0x08009e50        0x6 VisualGDB/Debug/startup_stm32f407xx.o
                0x08009e50                I2C3_EV_IRQHandler
 .text.I2C3_ER_IRQHandler
                0x08009e56        0x6 VisualGDB/Debug/startup_stm32f407xx.o
                0x08009e56                I2C3_ER_IRQHandler
 .text.OTG_HS_EP1_OUT_IRQHandler
                0x08009e5c        0x6 VisualGDB/Debug/startup_stm32f407xx.o
                0x08009e5c                OTG_HS_EP1_OUT_IRQHandler
 .text.OTG_HS_EP1_IN_IRQHandler
                0x08009e62        0x6 VisualGDB/Debug/startup_stm32f407xx.o
                0x08009e62                OTG_HS_EP1_IN_IRQHandler
 .text.OTG_HS_WKUP_IRQHandler
                0x08009e68        0x6 VisualGDB/Debug/startup_stm32f407xx.o
                0x08009e68                OTG_HS_WKUP_IRQHandler
 .text.OTG_HS_IRQHandler
                0x08009e6e        0x6 VisualGDB/Debug/startup_stm32f407xx.o
                0x08009e6e                OTG_HS_IRQHandler
 .text.DCMI_IRQHandler
                0x08009e74        0x6 VisualGDB/Debug/startup_stm32f407xx.o
                0x08009e74                DCMI_IRQHandler
 .text.HASH_RNG_IRQHandler
                0x08009e7a        0x6 VisualGDB/Debug/startup_stm32f407xx.o
                0x08009e7a                HASH_RNG_IRQHandler
 .text.FPU_IRQHandler
                0x08009e80        0x6 VisualGDB/Debug/startup_stm32f407xx.o
                0x08009e80                FPU_IRQHandler
 *fill*         0x08009e86        0x2 
 .text.Reset_Handler
                0x08009e88       0x48 VisualGDB/Debug/startup_stm32f407xx.o
                0x08009e88                Reset_Handler
 .text.__libc_init_array
                0x08009ed0       0x48 c:/sysgcc/arm-eabi/bin/../lib/gcc/arm-none-eabi/9.2.1/../../../../arm-none-eabi/lib/thumb/v7e-m+fp/hard\libc_nano.a(lib_a-init.o)
                0x08009ed0                __libc_init_array
 .text.malloc   0x08009f18       0x10 c:/sysgcc/arm-eabi/bin/../lib/gcc/arm-none-eabi/9.2.1/../../../../arm-none-eabi/lib/thumb/v7e-m+fp/hard\libc_nano.a(lib_a-malloc.o)
                0x08009f18                malloc
 .text.memset   0x08009f28       0x10 c:/sysgcc/arm-eabi/bin/../lib/gcc/arm-none-eabi/9.2.1/../../../../arm-none-eabi/lib/thumb/v7e-m+fp/hard\libc_nano.a(lib_a-memset.o)
                0x08009f28                memset
 .text._malloc_r
                0x08009f38       0xb4 c:/sysgcc/arm-eabi/bin/../lib/gcc/arm-none-eabi/9.2.1/../../../../arm-none-eabi/lib/thumb/v7e-m+fp/hard\libc_nano.a(lib_a-nano-mallocr.o)
                0x08009f38                _malloc_r
 .text._sbrk_r  0x08009fec       0x20 c:/sysgcc/arm-eabi/bin/../lib/gcc/arm-none-eabi/9.2.1/../../../../arm-none-eabi/lib/thumb/v7e-m+fp/hard\libc_nano.a(lib_a-sbrkr.o)
                0x08009fec                _sbrk_r
 .text.__malloc_lock
                0x0800a00c        0xc c:/sysgcc/arm-eabi/bin/../lib/gcc/arm-none-eabi/9.2.1/../../../../arm-none-eabi/lib/thumb/v7e-m+fp/hard\libc_nano.a(lib_a-mlock.o)
                0x0800a00c                __malloc_lock
 .text.__malloc_unlock
                0x0800a018        0xc c:/sysgcc/arm-eabi/bin/../lib/gcc/arm-none-eabi/9.2.1/../../../../arm-none-eabi/lib/thumb/v7e-m+fp/hard\libc_nano.a(lib_a-mlock.o)
                0x0800a018                __malloc_unlock
 .text.__retarget_lock_acquire_recursive
                0x0800a024        0x2 c:/sysgcc/arm-eabi/bin/../lib/gcc/arm-none-eabi/9.2.1/../../../../arm-none-eabi/lib/thumb/v7e-m+fp/hard\libc_nano.a(lib_a-lock.o)
                0x0800a024                __retarget_lock_acquire_recursive
 .text.__retarget_lock_release_recursive
                0x0800a026        0x2 c:/sysgcc/arm-eabi/bin/../lib/gcc/arm-none-eabi/9.2.1/../../../../arm-none-eabi/lib/thumb/v7e-m+fp/hard\libc_nano.a(lib_a-lock.o)
                0x0800a026                __retarget_lock_release_recursive
 .text._sbrk    0x0800a028       0x1c c:/sysgcc/arm-eabi/bin/../lib/gcc/arm-none-eabi/9.2.1/../../../../arm-none-eabi/lib/thumb/v7e-m+fp/hard\libnosys.a(sbrk.o)
                0x0800a028                _sbrk
 *(.rodata)
 .rodata        0x0800a044      0x150 VisualGDB/Debug/main.o
 .rodata        0x0800a194        0x5 VisualGDB/Debug/tasks.o
 *(.rodata*)
 *fill*         0x0800a199        0x3 
 .rodata.AHBPrescTable
                0x0800a19c       0x10 VisualGDB/Debug/system_stm32f4xx.o
                0x0800a19c                AHBPrescTable
 .rodata.APBPrescTable
                0x0800a1ac        0x8 VisualGDB/Debug/system_stm32f4xx.o
                0x0800a1ac                APBPrescTable
 .rodata.flagBitshiftOffset.8395
                0x0800a1b4        0x8 VisualGDB/Debug/stm32f4xx_hal_dma.o
 *(.glue_7)
 .glue_7        0x0800a1bc        0x0 linker stubs
 *(.glue_7t)
 .glue_7t       0x0800a1bc        0x0 linker stubs
 *(.init)
 .init          0x0800a1bc        0x4 c:/sysgcc/arm-eabi/bin/../lib/gcc/arm-none-eabi/9.2.1/thumb/v7e-m+fp/hard/crti.o
                0x0800a1bc                _init
 .init          0x0800a1c0        0x8 c:/sysgcc/arm-eabi/bin/../lib/gcc/arm-none-eabi/9.2.1/thumb/v7e-m+fp/hard/crtn.o
 *(.fini)
 .fini          0x0800a1c8        0x4 c:/sysgcc/arm-eabi/bin/../lib/gcc/arm-none-eabi/9.2.1/thumb/v7e-m+fp/hard/crti.o
                0x0800a1c8                _fini
 .fini          0x0800a1cc        0x8 c:/sysgcc/arm-eabi/bin/../lib/gcc/arm-none-eabi/9.2.1/thumb/v7e-m+fp/hard/crtn.o
                0x0800a1d4                . = ALIGN (0x4)
                0x0800a1d4                _etext = .

.eh_frame       0x0800a1d4        0x0
 .eh_frame      0x0800a1d4        0x0 c:/sysgcc/arm-eabi/bin/../lib/gcc/arm-none-eabi/9.2.1/thumb/v7e-m+fp/hard/crtbegin.o

.vfp11_veneer   0x0800a1d4        0x0
 .vfp11_veneer  0x0800a1d4        0x0 linker stubs

.v4_bx          0x0800a1d4        0x0
 .v4_bx         0x0800a1d4        0x0 linker stubs

.iplt           0x0800a1d4        0x0
 .iplt          0x0800a1d4        0x0 c:/sysgcc/arm-eabi/bin/../lib/gcc/arm-none-eabi/9.2.1/thumb/v7e-m+fp/hard/crtbegin.o

.ARM.extab      0x0800a1d4        0x0
                0x0800a1d4                . = ALIGN (0x4)
 *(.ARM.extab)
 *(.gnu.linkonce.armextab.*)
                0x0800a1d4                . = ALIGN (0x4)

.exidx          0x0800a1d4        0x8
                0x0800a1d4                . = ALIGN (0x4)
                [!provide]                PROVIDE (__exidx_start = .)
 *(.ARM.exidx*)
 .ARM.exidx     0x0800a1d4        0x8 c:/sysgcc/arm-eabi/bin/../lib/gcc/arm-none-eabi/9.2.1/thumb/v7e-m+fp/hard\libgcc.a(_udivmoddi4.o)
                0x0800a1dc                . = ALIGN (0x4)
                [!provide]                PROVIDE (__exidx_end = .)

.rel.dyn        0x0800a1dc        0x0
 .rel.iplt      0x0800a1dc        0x0 c:/sysgcc/arm-eabi/bin/../lib/gcc/arm-none-eabi/9.2.1/thumb/v7e-m+fp/hard/crtbegin.o

.ARM.attributes
                0x0800a1dc       0x30
 *(.ARM.attributes)
 .ARM.attributes
                0x0800a1dc       0x1e c:/sysgcc/arm-eabi/bin/../lib/gcc/arm-none-eabi/9.2.1/thumb/v7e-m+fp/hard/crti.o
 .ARM.attributes
                0x0800a1fa       0x34 c:/sysgcc/arm-eabi/bin/../lib/gcc/arm-none-eabi/9.2.1/thumb/v7e-m+fp/hard/crtbegin.o
 .ARM.attributes
                0x0800a22e       0x34 VisualGDB/Debug/Attitude.o
 .ARM.attributes
                0x0800a262       0x34 VisualGDB/Debug/Auto.o
 .ARM.attributes
                0x0800a296       0x34 VisualGDB/Debug/BasicCtrl.o
 .ARM.attributes
                0x0800a2ca       0x34 VisualGDB/Debug/Display_QL504.o
 .ARM.attributes
                0x0800a2fe       0x34 VisualGDB/Debug/freertos.o
 .ARM.attributes
                0x0800a332       0x34 VisualGDB/Debug/stm32f4xx_it.o
 .ARM.attributes
                0x0800a366       0x34 VisualGDB/Debug/stm32f4xx_hal_msp.o
 .ARM.attributes
                0x0800a39a       0x34 VisualGDB/Debug/stm32f4xx_hal_timebase_tim.o
 .ARM.attributes
                0x0800a3ce       0x34 VisualGDB/Debug/main.o
 .ARM.attributes
                0x0800a402       0x34 VisualGDB/Debug/system_stm32f4xx.o
 .ARM.attributes
                0x0800a436       0x34 VisualGDB/Debug/stm32f4xx_hal.o
 .ARM.attributes
                0x0800a46a       0x34 VisualGDB/Debug/stm32f4xx_hal_adc.o
 .ARM.attributes
                0x0800a49e       0x34 VisualGDB/Debug/stm32f4xx_hal_uart.o
 .ARM.attributes
                0x0800a4d2       0x34 VisualGDB/Debug/stm32f4xx_hal_gpio.o
 .ARM.attributes
                0x0800a506       0x34 VisualGDB/Debug/list.o
 .ARM.attributes
                0x0800a53a       0x34 VisualGDB/Debug/tasks.o
 .ARM.attributes
                0x0800a56e       0x34 VisualGDB/Debug/heap_4.o
 .ARM.attributes
                0x0800a5a2       0x34 VisualGDB/Debug/port.o
 .ARM.attributes
                0x0800a5d6       0x34 VisualGDB/Debug/cmsis_os.o
 .ARM.attributes
                0x0800a60a       0x34 VisualGDB/Debug/stm32f4xx_hal_iwdg.o
 .ARM.attributes
                0x0800a63e       0x34 VisualGDB/Debug/stm32f4xx_hal_rcc.o
 .ARM.attributes
                0x0800a672       0x34 VisualGDB/Debug/stm32f4xx_hal_cortex.o
 .ARM.attributes
                0x0800a6a6       0x34 VisualGDB/Debug/stm32f4xx_hal_tim.o
 .ARM.attributes
                0x0800a6da       0x34 VisualGDB/Debug/stm32f4xx_hal_tim_ex.o
 .ARM.attributes
                0x0800a70e       0x34 VisualGDB/Debug/stm32f4xx_hal_dma.o
 .ARM.attributes
                0x0800a742       0x34 VisualGDB/Debug/startup_stm32f407xx.o
 .ARM.attributes
                0x0800a776       0x1e c:/sysgcc/arm-eabi/bin/../lib/gcc/arm-none-eabi/9.2.1/thumb/v7e-m+fp/hard\libgcc.a(_arm_muldf3.o)
 .ARM.attributes
                0x0800a794       0x1e c:/sysgcc/arm-eabi/bin/../lib/gcc/arm-none-eabi/9.2.1/thumb/v7e-m+fp/hard\libgcc.a(_arm_addsubdf3.o)
 .ARM.attributes
                0x0800a7b2       0x1e c:/sysgcc/arm-eabi/bin/../lib/gcc/arm-none-eabi/9.2.1/thumb/v7e-m+fp/hard\libgcc.a(_arm_fixunsdfsi.o)
 .ARM.attributes
                0x0800a7d0       0x1e c:/sysgcc/arm-eabi/bin/../lib/gcc/arm-none-eabi/9.2.1/thumb/v7e-m+fp/hard\libgcc.a(_aeabi_uldivmod.o)
 .ARM.attributes
                0x0800a7ee       0x34 c:/sysgcc/arm-eabi/bin/../lib/gcc/arm-none-eabi/9.2.1/thumb/v7e-m+fp/hard\libgcc.a(_udivmoddi4.o)
 .ARM.attributes
                0x0800a822       0x1e c:/sysgcc/arm-eabi/bin/../lib/gcc/arm-none-eabi/9.2.1/thumb/v7e-m+fp/hard\libgcc.a(_dvmd_tls.o)
 .ARM.attributes
                0x0800a840       0x32 c:/sysgcc/arm-eabi/bin/../lib/gcc/arm-none-eabi/9.2.1/../../../../arm-none-eabi/lib/thumb/v7e-m+fp/hard\libc_nano.a(lib_a-impure.o)
 .ARM.attributes
                0x0800a872       0x34 c:/sysgcc/arm-eabi/bin/../lib/gcc/arm-none-eabi/9.2.1/../../../../arm-none-eabi/lib/thumb/v7e-m+fp/hard\libc_nano.a(lib_a-init.o)
 .ARM.attributes
                0x0800a8a6       0x34 c:/sysgcc/arm-eabi/bin/../lib/gcc/arm-none-eabi/9.2.1/../../../../arm-none-eabi/lib/thumb/v7e-m+fp/hard\libc_nano.a(lib_a-malloc.o)
 .ARM.attributes
                0x0800a8da       0x34 c:/sysgcc/arm-eabi/bin/../lib/gcc/arm-none-eabi/9.2.1/../../../../arm-none-eabi/lib/thumb/v7e-m+fp/hard\libc_nano.a(lib_a-memset.o)
 .ARM.attributes
                0x0800a90e       0x34 c:/sysgcc/arm-eabi/bin/../lib/gcc/arm-none-eabi/9.2.1/../../../../arm-none-eabi/lib/thumb/v7e-m+fp/hard\libc_nano.a(lib_a-nano-mallocr.o)
 .ARM.attributes
                0x0800a942       0x34 c:/sysgcc/arm-eabi/bin/../lib/gcc/arm-none-eabi/9.2.1/../../../../arm-none-eabi/lib/thumb/v7e-m+fp/hard\libc_nano.a(lib_a-sbrkr.o)
 .ARM.attributes
                0x0800a976       0x34 c:/sysgcc/arm-eabi/bin/../lib/gcc/arm-none-eabi/9.2.1/../../../../arm-none-eabi/lib/thumb/v7e-m+fp/hard\libc_nano.a(lib_a-mlock.o)
 .ARM.attributes
                0x0800a9aa       0x34 c:/sysgcc/arm-eabi/bin/../lib/gcc/arm-none-eabi/9.2.1/../../../../arm-none-eabi/lib/thumb/v7e-m+fp/hard\libc_nano.a(lib_a-reent.o)
 .ARM.attributes
                0x0800a9de       0x34 c:/sysgcc/arm-eabi/bin/../lib/gcc/arm-none-eabi/9.2.1/../../../../arm-none-eabi/lib/thumb/v7e-m+fp/hard\libc_nano.a(lib_a-lock.o)
 .ARM.attributes
                0x0800aa12       0x34 c:/sysgcc/arm-eabi/bin/../lib/gcc/arm-none-eabi/9.2.1/../../../../arm-none-eabi/lib/thumb/v7e-m+fp/hard\libnosys.a(sbrk.o)
 .ARM.attributes
                0x0800aa46       0x1e c:/sysgcc/arm-eabi/bin/../lib/gcc/arm-none-eabi/9.2.1/thumb/v7e-m+fp/hard/crtn.o

.preinit_array  0x0800a1dc        0x0
                0x0800a1dc                PROVIDE (__preinit_array_start = .)
 *(.preinit_array*)
                0x0800a1dc                PROVIDE (__preinit_array_end = .)

.init_array     0x0800a1dc        0x4
                0x0800a1dc                PROVIDE (__init_array_start = .)
 *(SORT_BY_NAME(.init_array.*))
 *(.init_array*)
 .init_array    0x0800a1dc        0x4 c:/sysgcc/arm-eabi/bin/../lib/gcc/arm-none-eabi/9.2.1/thumb/v7e-m+fp/hard/crtbegin.o
                0x0800a1e0                PROVIDE (__init_array_end = .)

.fini_array     0x0800a1e0        0x4
                [!provide]                PROVIDE (__fini_array_start = .)
 *(.fini_array*)
 .fini_array    0x0800a1e0        0x4 c:/sysgcc/arm-eabi/bin/../lib/gcc/arm-none-eabi/9.2.1/thumb/v7e-m+fp/hard/crtbegin.o
 *(SORT_BY_NAME(.fini_array.*))
                [!provide]                PROVIDE (__fini_array_end = .)

.data           0x20000000      0x170 load address 0x0800a1e4
                0x20000000                . = ALIGN (0x4)
                0x20000000                _sdata = .
                [!provide]                PROVIDE (__data_start__ = _sdata)
 *(.data)
 *(.data*)
 .data.One      0x20000000        0x1 VisualGDB/Debug/BasicCtrl.o
 *fill*         0x20000001        0x3 
 .data.POrient  0x20000004        0x4 VisualGDB/Debug/BasicCtrl.o
                0x20000004                POrient
 .data.PDeepkeeping
                0x20000008        0x4 VisualGDB/Debug/BasicCtrl.o
                0x20000008                PDeepkeeping
 .data.PMode    0x2000000c        0x4 VisualGDB/Debug/BasicCtrl.o
                0x2000000c                PMode
 .data.PAttitude
                0x20000010        0x4 VisualGDB/Debug/BasicCtrl.o
                0x20000010                PAttitude
 .data.BasicMove
                0x20000014        0xc VisualGDB/Debug/BasicCtrl.o
                0x20000014                BasicMove
 .data.AttitudeMove
                0x20000020       0x10 VisualGDB/Debug/BasicCtrl.o
                0x20000020                AttitudeMove
 .data.OrientMove
                0x20000030        0xc VisualGDB/Debug/BasicCtrl.o
                0x20000030                OrientMove
 .data.DeepkeepingMove
                0x2000003c        0xc VisualGDB/Debug/BasicCtrl.o
                0x2000003c                DeepkeepingMove
 .data.String_WaterOn
                0x20000048       0x36 VisualGDB/Debug/Display_QL504.o
 *fill*         0x2000007e        0x2 
 .data.String_WaterOff
                0x20000080       0x36 VisualGDB/Debug/Display_QL504.o
 *fill*         0x200000b6        0x2 
 .data.Num      0x200000b8       0x16 VisualGDB/Debug/Display_QL504.o
 *fill*         0x200000ce        0x2 
 .data.SendTempBuffer.9146
                0x200000d0        0xa VisualGDB/Debug/Display_QL504.o
 *fill*         0x200000da        0x2 
 .data.MoveCCR  0x200000dc       0x20 VisualGDB/Debug/main.o
                0x200000dc                MoveCCR
 .data.SystemCoreClock
                0x200000fc        0x4 VisualGDB/Debug/system_stm32f4xx.o
                0x200000fc                SystemCoreClock
 .data.uwTickPrio
                0x20000100        0x4 VisualGDB/Debug/stm32f4xx_hal.o
                0x20000100                uwTickPrio
 .data.uwTickFreq
                0x20000104        0x1 VisualGDB/Debug/stm32f4xx_hal.o
                0x20000104                uwTickFreq
 *fill*         0x20000105        0x3 
 .data.uxCriticalNesting
                0x20000108        0x4 VisualGDB/Debug/port.o
 .data._impure_ptr
                0x2000010c        0x4 c:/sysgcc/arm-eabi/bin/../lib/gcc/arm-none-eabi/9.2.1/../../../../arm-none-eabi/lib/thumb/v7e-m+fp/hard\libc_nano.a(lib_a-impure.o)
                0x2000010c                _impure_ptr
 .data.impure_data
                0x20000110       0x60 c:/sysgcc/arm-eabi/bin/../lib/gcc/arm-none-eabi/9.2.1/../../../../arm-none-eabi/lib/thumb/v7e-m+fp/hard\libc_nano.a(lib_a-impure.o)
                0x20000170                . = ALIGN (0x4)
                0x20000170                _edata = .
                [!provide]                PROVIDE (__data_end__ = _edata)
                0x0800a1e4                _sidata = LOADADDR (.data)

.igot.plt       0x20000170        0x0 load address 0x0800a354
 .igot.plt      0x20000170        0x0 c:/sysgcc/arm-eabi/bin/../lib/gcc/arm-none-eabi/9.2.1/thumb/v7e-m+fp/hard/crtbegin.o

.bss            0x20000170     0x49e4 load address 0x0800a354
                0x20000170                . = ALIGN (0x4)
                0x20000170                _sbss = .
                0x20000170                PROVIDE (__bss_start__ = _sbss)
 *(.bss)
 .bss           0x20000170       0x1c c:/sysgcc/arm-eabi/bin/../lib/gcc/arm-none-eabi/9.2.1/thumb/v7e-m+fp/hard/crtbegin.o
 *(.bss*)
 .bss.PAccPos   0x2000018c        0xc VisualGDB/Debug/Attitude.o
 .bss.PRotPos   0x20000198        0xc VisualGDB/Debug/Attitude.o
 .bss.PEulPos   0x200001a4        0xc VisualGDB/Debug/Attitude.o
 .bss.PMagPos   0x200001b0        0xc VisualGDB/Debug/Attitude.o
 .bss.PInsTemPos
                0x200001bc       0x10 VisualGDB/Debug/Attitude.o
 .bss.Zero      0x200001cc        0x1 VisualGDB/Debug/BasicCtrl.o
 .bss.NMoveMode
                0x200001cd        0x1 VisualGDB/Debug/BasicCtrl.o
 *fill*         0x200001ce        0x2 
 .bss.PPortrait
                0x200001d0        0x4 VisualGDB/Debug/BasicCtrl.o
                0x200001d0                PPortrait
 .bss.PRotate   0x200001d4        0x4 VisualGDB/Debug/BasicCtrl.o
                0x200001d4                PRotate
 .bss.PVertical
                0x200001d8        0x4 VisualGDB/Debug/BasicCtrl.o
                0x200001d8                PVertical
 .bss.PROver    0x200001dc        0x4 VisualGDB/Debug/BasicCtrl.o
                0x200001dc                PROver
 .bss.PLight    0x200001e0        0x4 VisualGDB/Debug/BasicCtrl.o
                0x200001e0                PLight
 .bss.PPTZ      0x200001e4        0x4 VisualGDB/Debug/BasicCtrl.o
                0x200001e4                PPTZ
 .bss.PClip     0x200001e8        0x4 VisualGDB/Debug/BasicCtrl.o
                0x200001e8                PClip
 .bss.PFlip     0x200001ec        0x4 VisualGDB/Debug/BasicCtrl.o
                0x200001ec                PFlip
 .bss.PTransverse
                0x200001f0        0x4 VisualGDB/Debug/BasicCtrl.o
                0x200001f0                PTransverse
 .bss.PassBackString
                0x200001f4        0x4 VisualGDB/Debug/BasicCtrl.o
                0x200001f4                PassBackString
 .bss.PBackPower
                0x200001f8        0x4 VisualGDB/Debug/BasicCtrl.o
                0x200001f8                PBackPower
 .bss.PBackWarn
                0x200001fc        0x4 VisualGDB/Debug/BasicCtrl.o
                0x200001fc                PBackWarn
 .bss.PBackA    0x20000200        0xc VisualGDB/Debug/BasicCtrl.o
                0x20000200                PBackA
 .bss.PBackW    0x2000020c        0xc VisualGDB/Debug/BasicCtrl.o
                0x2000020c                PBackW
 .bss.PBackE    0x20000218        0xc VisualGDB/Debug/BasicCtrl.o
                0x20000218                PBackE
 .bss.PBackH    0x20000224        0xc VisualGDB/Debug/BasicCtrl.o
                0x20000224                PBackH
 .bss.PBackIT   0x20000230        0x4 VisualGDB/Debug/BasicCtrl.o
                0x20000230                PBackIT
 .bss.PBackWT   0x20000234        0x4 VisualGDB/Debug/BasicCtrl.o
                0x20000234                PBackWT
 .bss.PBackWD   0x20000238        0x4 VisualGDB/Debug/BasicCtrl.o
                0x20000238                PBackWD
 .bss.PBackCheck
                0x2000023c        0x4 VisualGDB/Debug/BasicCtrl.o
                0x2000023c                PBackCheck
 .bss.DisProcess.9169
                0x20000240        0x1 VisualGDB/Debug/Display_QL504.o
 *fill*         0x20000241        0x3 
 .bss.ScreenTime.9168
                0x20000244        0x4 VisualGDB/Debug/Display_QL504.o
 .bss.j.9167    0x20000248        0x4 VisualGDB/Debug/Display_QL504.o
 .bss.i.9166    0x2000024c        0x4 VisualGDB/Debug/Display_QL504.o
 .bss.xIdleTaskTCBBuffer
                0x20000250       0x54 VisualGDB/Debug/freertos.o
 .bss.xIdleStack
                0x200002a4      0x200 VisualGDB/Debug/freertos.o
 .bss.RestFlag  0x200004a4        0x1 VisualGDB/Debug/stm32f4xx_it.o
 .bss.UART4EndFlag.8876
                0x200004a5        0x1 VisualGDB/Debug/stm32f4xx_it.o
 .bss.RestTimer.8895
                0x200004a6        0x1 VisualGDB/Debug/stm32f4xx_it.o
 .bss.LightClipTimer.8896
                0x200004a7        0x1 VisualGDB/Debug/stm32f4xx_it.o
 .bss.TaskBeingChangeFlag
                0x200004a8        0x1 VisualGDB/Debug/main.o
                0x200004a8                TaskBeingChangeFlag
 .bss.ControlTaskFlag
                0x200004a9        0x1 VisualGDB/Debug/main.o
                0x200004a9                ControlTaskFlag
 .bss.DisplayTaskFlag
                0x200004aa        0x1 VisualGDB/Debug/main.o
                0x200004aa                DisplayTaskFlag
 .bss.WaterDeepTaskFlag
                0x200004ab        0x1 VisualGDB/Debug/main.o
                0x200004ab                WaterDeepTaskFlag
 .bss.AttitudeTaskFlag
                0x200004ac        0x1 VisualGDB/Debug/main.o
                0x200004ac                AttitudeTaskFlag
 *fill*         0x200004ad        0x3 
 .bss.UART4RXPosition
                0x200004b0        0x4 VisualGDB/Debug/main.o
                0x200004b0                UART4RXPosition
 .bss.SystemBegin
                0x200004b4        0x1 VisualGDB/Debug/main.o
                0x200004b4                SystemBegin
 *fill*         0x200004b5        0x3 
 .bss.ADCCache  0x200004b8       0x18 VisualGDB/Debug/main.o
                0x200004b8                ADCCache
 .bss.WaterDepth
                0x200004d0        0x2 VisualGDB/Debug/main.o
                0x200004d0                WaterDepth
 .bss.WaterTemperture
                0x200004d2        0x2 VisualGDB/Debug/main.o
                0x200004d2                WaterTemperture
 .bss.AccNum    0x200004d4        0x6 VisualGDB/Debug/main.o
                0x200004d4                AccNum
 *fill*         0x200004da        0x2 
 .bss.RotNum    0x200004dc        0x6 VisualGDB/Debug/main.o
                0x200004dc                RotNum
 *fill*         0x200004e2        0x2 
 .bss.EulNum    0x200004e4        0x6 VisualGDB/Debug/main.o
                0x200004e4                EulNum
 *fill*         0x200004ea        0x2 
 .bss.MagNUM    0x200004ec        0x6 VisualGDB/Debug/main.o
                0x200004ec                MagNUM
 *fill*         0x200004f2        0x2 
 .bss.EulResNum
                0x200004f4        0x6 VisualGDB/Debug/main.o
                0x200004f4                EulResNum
 .bss.PowerNum.9369
                0x200004fa        0x1 VisualGDB/Debug/main.o
 *fill*         0x200004fb        0x1 
 .bss.pxCurrentTCB
                0x200004fc        0x4 VisualGDB/Debug/tasks.o
                0x200004fc                pxCurrentTCB
 .bss.pxReadyTasksLists
                0x20000500       0x8c VisualGDB/Debug/tasks.o
 .bss.xDelayedTaskList1
                0x2000058c       0x14 VisualGDB/Debug/tasks.o
 .bss.xDelayedTaskList2
                0x200005a0       0x14 VisualGDB/Debug/tasks.o
 .bss.pxDelayedTaskList
                0x200005b4        0x4 VisualGDB/Debug/tasks.o
 .bss.pxOverflowDelayedTaskList
                0x200005b8        0x4 VisualGDB/Debug/tasks.o
 .bss.xPendingReadyList
                0x200005bc       0x14 VisualGDB/Debug/tasks.o
 .bss.xTasksWaitingTermination
                0x200005d0       0x14 VisualGDB/Debug/tasks.o
 .bss.uxDeletedTasksWaitingCleanUp
                0x200005e4        0x4 VisualGDB/Debug/tasks.o
 .bss.xSuspendedTaskList
                0x200005e8       0x14 VisualGDB/Debug/tasks.o
 .bss.uxCurrentNumberOfTasks
                0x200005fc        0x4 VisualGDB/Debug/tasks.o
 .bss.xTickCount
                0x20000600        0x4 VisualGDB/Debug/tasks.o
 .bss.uxTopReadyPriority
                0x20000604        0x4 VisualGDB/Debug/tasks.o
 .bss.xSchedulerRunning
                0x20000608        0x4 VisualGDB/Debug/tasks.o
 .bss.uxPendedTicks
                0x2000060c        0x4 VisualGDB/Debug/tasks.o
 .bss.xYieldPending
                0x20000610        0x4 VisualGDB/Debug/tasks.o
 .bss.xNumOfOverflows
                0x20000614        0x4 VisualGDB/Debug/tasks.o
 .bss.uxTaskNumber
                0x20000618        0x4 VisualGDB/Debug/tasks.o
 .bss.xNextTaskUnblockTime
                0x2000061c        0x4 VisualGDB/Debug/tasks.o
 .bss.xIdleTaskHandle
                0x20000620        0x4 VisualGDB/Debug/tasks.o
 .bss.uxSchedulerSuspended
                0x20000624        0x4 VisualGDB/Debug/tasks.o
 .bss.ucHeap    0x20000628     0x3c00 VisualGDB/Debug/heap_4.o
 .bss.xStart    0x20004228        0x8 VisualGDB/Debug/heap_4.o
 .bss.pxEnd     0x20004230        0x4 VisualGDB/Debug/heap_4.o
 .bss.xFreeBytesRemaining
                0x20004234        0x4 VisualGDB/Debug/heap_4.o
 .bss.xMinimumEverFreeBytesRemaining
                0x20004238        0x4 VisualGDB/Debug/heap_4.o
 .bss.xBlockAllocatedBit
                0x2000423c        0x4 VisualGDB/Debug/heap_4.o
 .bss.ucMaxSysCallPriority
                0x20004240        0x1 VisualGDB/Debug/port.o
 *fill*         0x20004241        0x3 
 .bss.ulMaxPRIGROUPValue
                0x20004244        0x4 VisualGDB/Debug/port.o
 .bss.__malloc_free_list
                0x20004248        0x4 c:/sysgcc/arm-eabi/bin/../lib/gcc/arm-none-eabi/9.2.1/../../../../arm-none-eabi/lib/thumb/v7e-m+fp/hard\libc_nano.a(lib_a-nano-mallocr.o)
                0x20004248                __malloc_free_list
 .bss.__malloc_sbrk_start
                0x2000424c        0x4 c:/sysgcc/arm-eabi/bin/../lib/gcc/arm-none-eabi/9.2.1/../../../../arm-none-eabi/lib/thumb/v7e-m+fp/hard\libc_nano.a(lib_a-nano-mallocr.o)
                0x2000424c                __malloc_sbrk_start
 .bss.heap_end.5507
                0x20004250        0x4 c:/sysgcc/arm-eabi/bin/../lib/gcc/arm-none-eabi/9.2.1/../../../../arm-none-eabi/lib/thumb/v7e-m+fp/hard\libnosys.a(sbrk.o)
 *(COMMON)
 COMMON         0x20004254       0x40 VisualGDB/Debug/stm32f4xx_hal_timebase_tim.o
                0x20004254                htim10
 COMMON         0x20004294      0x8ac VisualGDB/Debug/main.o
                0x20004294                hdma_uart4_rx
                0x200042f4                WaterTempertureNum
                0x200042fc                hdma_usart2_rx
                0x2000435c                hdma_usart6_rx
                0x200043bc                UART4RXCache
                0x200043e4                hdma_usart3_rx
                0x20004444                huart3
                0x20004484                SwitcherTaskHandle
                0x20004488                AttitudeTaskHandle
                0x2000448c                hiwdg
                0x20004498                EmptyTaskHandle
                0x2000449c                hdma_usart3_tx
                0x200044fc                htim3
                0x2000453c                hdma_usart1_tx
                0x2000459c                huart5
                0x200045dc                hdma_usart6_tx
                0x2000463c                hadc1
                0x20004684                hdma_usart1_rx
                0x200046e4                hdma_usart2_tx
                0x20004744                huart1
                0x20004784                InsTemNum
                0x20004788                hdma_adc1
                0x200047e8                WaterDepthNum
                0x200047f0                htim1
                0x20004830                UART1RXCache
                0x20004850                DisplayTaskHandle
                0x20004854                huart6
                0x20004894                UART3RXCache
                0x200048d0                huart4
                0x20004910                htim2
                0x20004950                huart2
                0x20004990                hdma_uart5_rx
                0x200049f0                InitialTaskHandle
                0x200049f4                htim14
                0x20004a34                ControlTaskHandle
                0x20004a38                WaterDeepTaskHandle
                0x20004a3c                htim7
                0x20004a7c                hdma_uart4_tx
                0x20004adc                hdma_uart5_tx
                0x20004b3c                AutoMoveTaskHandle
 COMMON         0x20004b40        0x4 VisualGDB/Debug/stm32f4xx_hal.o
                0x20004b40                uwTick
 COMMON         0x20004b44        0x4 c:/sysgcc/arm-eabi/bin/../lib/gcc/arm-none-eabi/9.2.1/../../../../arm-none-eabi/lib/thumb/v7e-m+fp/hard\libc_nano.a(lib_a-reent.o)
                0x20004b44                errno
 COMMON         0x20004b48        0x9 c:/sysgcc/arm-eabi/bin/../lib/gcc/arm-none-eabi/9.2.1/../../../../arm-none-eabi/lib/thumb/v7e-m+fp/hard\libc_nano.a(lib_a-lock.o)
                0x20004b48                __lock___atexit_recursive_mutex
                0x20004b49                __lock___arc4random_mutex
                0x20004b4a                __lock___env_recursive_mutex
                0x20004b4b                __lock___sinit_recursive_mutex
                0x20004b4c                __lock___malloc_recursive_mutex
                0x20004b4d                __lock___at_quick_exit_mutex
                0x20004b4e                __lock___dd_hash_mutex
                0x20004b4f                __lock___tz_mutex
                0x20004b50                __lock___sfp_recursive_mutex
                0x20004b54                . = ALIGN (0x4)
 *fill*         0x20004b51        0x3 
                0x20004b54                _ebss = .
                0x20004b54                PROVIDE (__bss_end__ = _ebss)
                0x20004b54                PROVIDE (end = .)

.heap           0x20004b54        0x0 load address 0x0800a354
                0x20004b54                . = ALIGN (0x4)
                [!provide]                PROVIDE (__heap_start__ = .)
 *(.heap)
                0x20004b54                . = ALIGN (0x4)
                [!provide]                PROVIDE (__heap_end__ = .)

.reserved_for_stack
                0x20004b54        0x0 load address 0x0800a354
                0x20004b54                . = ALIGN (0x4)
                [!provide]                PROVIDE (__reserved_for_stack_start__ = .)
 *(.reserved_for_stack)
                0x20004b54                . = ALIGN (0x4)
                [!provide]                PROVIDE (__reserved_for_stack_end__ = .)
OUTPUT(VisualGDB/Debug/S2LUnderwater elf32-littlearm)

.debug_info     0x00000000    0x17703
 .debug_info    0x00000000      0x473 VisualGDB/Debug/Attitude.o
 .debug_info    0x00000473      0x1e8 VisualGDB/Debug/Auto.o
 .debug_info    0x0000065b     0x157f VisualGDB/Debug/BasicCtrl.o
 .debug_info    0x00001bda      0x93d VisualGDB/Debug/Display_QL504.o
 .debug_info    0x00002517      0x369 VisualGDB/Debug/freertos.o
 .debug_info    0x00002880      0xe1b VisualGDB/Debug/stm32f4xx_it.o
 .debug_info    0x0000369b     0x155e VisualGDB/Debug/stm32f4xx_hal_msp.o
 .debug_info    0x00004bf9      0xbc1 VisualGDB/Debug/stm32f4xx_hal_timebase_tim.o
 .debug_info    0x000057ba     0x1fe1 VisualGDB/Debug/main.o
 .debug_info    0x0000779b      0x542 VisualGDB/Debug/system_stm32f4xx.o
 .debug_info    0x00007cdd      0x9ae VisualGDB/Debug/stm32f4xx_hal.o
 .debug_info    0x0000868b      0xdb8 VisualGDB/Debug/stm32f4xx_hal_adc.o
 .debug_info    0x00009443     0x1353 VisualGDB/Debug/stm32f4xx_hal_uart.o
 .debug_info    0x0000a796      0x82a VisualGDB/Debug/stm32f4xx_hal_gpio.o
 .debug_info    0x0000afc0      0xb78 VisualGDB/Debug/list.o
 .debug_info    0x0000bb38     0x2479 VisualGDB/Debug/tasks.o
 .debug_info    0x0000dfb1      0xc73 VisualGDB/Debug/heap_4.o
 .debug_info    0x0000ec24      0x4ed VisualGDB/Debug/port.o
 .debug_info    0x0000f111     0x2021 VisualGDB/Debug/cmsis_os.o
 .debug_info    0x00011132      0x2c7 VisualGDB/Debug/stm32f4xx_hal_iwdg.o
 .debug_info    0x000113f9      0x992 VisualGDB/Debug/stm32f4xx_hal_rcc.o
 .debug_info    0x00011d8b      0xed3 VisualGDB/Debug/stm32f4xx_hal_cortex.o
 .debug_info    0x00012c5e     0x26c9 VisualGDB/Debug/stm32f4xx_hal_tim.o
 .debug_info    0x00015327     0x125b VisualGDB/Debug/stm32f4xx_hal_tim_ex.o
 .debug_info    0x00016582      0x9ed VisualGDB/Debug/stm32f4xx_hal_dma.o
 .debug_info    0x00016f6f      0x794 VisualGDB/Debug/startup_stm32f407xx.o

.debug_abbrev   0x00000000     0x37b0
 .debug_abbrev  0x00000000      0x12d VisualGDB/Debug/Attitude.o
 .debug_abbrev  0x0000012d       0xb3 VisualGDB/Debug/Auto.o
 .debug_abbrev  0x000001e0      0x310 VisualGDB/Debug/BasicCtrl.o
 .debug_abbrev  0x000004f0      0x1bc VisualGDB/Debug/Display_QL504.o
 .debug_abbrev  0x000006ac      0x11a VisualGDB/Debug/freertos.o
 .debug_abbrev  0x000007c6      0x20f VisualGDB/Debug/stm32f4xx_it.o
 .debug_abbrev  0x000009d5      0x203 VisualGDB/Debug/stm32f4xx_hal_msp.o
 .debug_abbrev  0x00000bd8      0x1bc VisualGDB/Debug/stm32f4xx_hal_timebase_tim.o
 .debug_abbrev  0x00000d94      0x276 VisualGDB/Debug/main.o
 .debug_abbrev  0x0000100a      0x126 VisualGDB/Debug/system_stm32f4xx.o
 .debug_abbrev  0x00001130      0x1ea VisualGDB/Debug/stm32f4xx_hal.o
 .debug_abbrev  0x0000131a      0x22c VisualGDB/Debug/stm32f4xx_hal_adc.o
 .debug_abbrev  0x00001546      0x26d VisualGDB/Debug/stm32f4xx_hal_uart.o
 .debug_abbrev  0x000017b3      0x1ee VisualGDB/Debug/stm32f4xx_hal_gpio.o
 .debug_abbrev  0x000019a1      0x232 VisualGDB/Debug/list.o
 .debug_abbrev  0x00001bd3      0x3bb VisualGDB/Debug/tasks.o
 .debug_abbrev  0x00001f8e      0x30e VisualGDB/Debug/heap_4.o
 .debug_abbrev  0x0000229c      0x22e VisualGDB/Debug/port.o
 .debug_abbrev  0x000024ca      0x3f4 VisualGDB/Debug/cmsis_os.o
 .debug_abbrev  0x000028be      0x14f VisualGDB/Debug/stm32f4xx_hal_iwdg.o
 .debug_abbrev  0x00002a0d      0x272 VisualGDB/Debug/stm32f4xx_hal_rcc.o
 .debug_abbrev  0x00002c7f      0x339 VisualGDB/Debug/stm32f4xx_hal_cortex.o
 .debug_abbrev  0x00002fb8      0x25b VisualGDB/Debug/stm32f4xx_hal_tim.o
 .debug_abbrev  0x00003213      0x249 VisualGDB/Debug/stm32f4xx_hal_tim_ex.o
 .debug_abbrev  0x0000345c      0x256 VisualGDB/Debug/stm32f4xx_hal_dma.o
 .debug_abbrev  0x000036b2       0xfe VisualGDB/Debug/startup_stm32f407xx.o

.debug_aranges  0x00000000     0x16a0
 .debug_aranges
                0x00000000       0x50 VisualGDB/Debug/Attitude.o
 .debug_aranges
                0x00000050       0x48 VisualGDB/Debug/Auto.o
 .debug_aranges
                0x00000098       0x58 VisualGDB/Debug/BasicCtrl.o
 .debug_aranges
                0x000000f0       0x30 VisualGDB/Debug/Display_QL504.o
 .debug_aranges
                0x00000120       0x20 VisualGDB/Debug/freertos.o
 .debug_aranges
                0x00000140       0xe8 VisualGDB/Debug/stm32f4xx_it.o
 .debug_aranges
                0x00000228       0x58 VisualGDB/Debug/stm32f4xx_hal_msp.o
 .debug_aranges
                0x00000280       0x30 VisualGDB/Debug/stm32f4xx_hal_timebase_tim.o
 .debug_aranges
                0x000002b0       0xf0 VisualGDB/Debug/main.o
 .debug_aranges
                0x000003a0       0x28 VisualGDB/Debug/system_stm32f4xx.o
 .debug_aranges
                0x000003c8       0xf0 VisualGDB/Debug/stm32f4xx_hal.o
 .debug_aranges
                0x000004b8       0xe8 VisualGDB/Debug/stm32f4xx_hal_adc.o
 .debug_aranges
                0x000005a0      0x1d0 VisualGDB/Debug/stm32f4xx_hal_uart.o
 .debug_aranges
                0x00000770       0x58 VisualGDB/Debug/stm32f4xx_hal_gpio.o
 .debug_aranges
                0x000007c8       0x40 VisualGDB/Debug/list.o
 .debug_aranges
                0x00000808      0x1a8 VisualGDB/Debug/tasks.o
 .debug_aranges
                0x000009b0       0x50 VisualGDB/Debug/heap_4.o
 .debug_aranges
                0x00000a00       0x80 VisualGDB/Debug/port.o
 .debug_aranges
                0x00000a80      0x1d8 VisualGDB/Debug/cmsis_os.o
 .debug_aranges
                0x00000c58       0x28 VisualGDB/Debug/stm32f4xx_hal_iwdg.o
 .debug_aranges
                0x00000c80       0x88 VisualGDB/Debug/stm32f4xx_hal_rcc.o
 .debug_aranges
                0x00000d08      0x118 VisualGDB/Debug/stm32f4xx_hal_cortex.o
 .debug_aranges
                0x00000e20      0x3a8 VisualGDB/Debug/stm32f4xx_hal_tim.o
 .debug_aranges
                0x000011c8      0x150 VisualGDB/Debug/stm32f4xx_hal_tim_ex.o
 .debug_aranges
                0x00001318       0x90 VisualGDB/Debug/stm32f4xx_hal_dma.o
 .debug_aranges
                0x000013a8      0x2f8 VisualGDB/Debug/startup_stm32f407xx.o

.debug_ranges   0x00000000     0x1518
 .debug_ranges  0x00000000       0x40 VisualGDB/Debug/Attitude.o
 .debug_ranges  0x00000040       0x38 VisualGDB/Debug/Auto.o
 .debug_ranges  0x00000078       0x48 VisualGDB/Debug/BasicCtrl.o
 .debug_ranges  0x000000c0       0x20 VisualGDB/Debug/Display_QL504.o
 .debug_ranges  0x000000e0       0x10 VisualGDB/Debug/freertos.o
 .debug_ranges  0x000000f0       0xf0 VisualGDB/Debug/stm32f4xx_it.o
 .debug_ranges  0x000001e0       0x48 VisualGDB/Debug/stm32f4xx_hal_msp.o
 .debug_ranges  0x00000228       0x20 VisualGDB/Debug/stm32f4xx_hal_timebase_tim.o
 .debug_ranges  0x00000248       0xe0 VisualGDB/Debug/main.o
 .debug_ranges  0x00000328       0x18 VisualGDB/Debug/system_stm32f4xx.o
 .debug_ranges  0x00000340       0xe0 VisualGDB/Debug/stm32f4xx_hal.o
 .debug_ranges  0x00000420       0xd8 VisualGDB/Debug/stm32f4xx_hal_adc.o
 .debug_ranges  0x000004f8      0x1c0 VisualGDB/Debug/stm32f4xx_hal_uart.o
 .debug_ranges  0x000006b8       0x48 VisualGDB/Debug/stm32f4xx_hal_gpio.o
 .debug_ranges  0x00000700       0x30 VisualGDB/Debug/list.o
 .debug_ranges  0x00000730      0x198 VisualGDB/Debug/tasks.o
 .debug_ranges  0x000008c8       0x40 VisualGDB/Debug/heap_4.o
 .debug_ranges  0x00000908       0x70 VisualGDB/Debug/port.o
 .debug_ranges  0x00000978      0x1c8 VisualGDB/Debug/cmsis_os.o
 .debug_ranges  0x00000b40       0x18 VisualGDB/Debug/stm32f4xx_hal_iwdg.o
 .debug_ranges  0x00000b58       0x78 VisualGDB/Debug/stm32f4xx_hal_rcc.o
 .debug_ranges  0x00000bd0      0x108 VisualGDB/Debug/stm32f4xx_hal_cortex.o
 .debug_ranges  0x00000cd8      0x398 VisualGDB/Debug/stm32f4xx_hal_tim.o
 .debug_ranges  0x00001070      0x140 VisualGDB/Debug/stm32f4xx_hal_tim_ex.o
 .debug_ranges  0x000011b0       0x80 VisualGDB/Debug/stm32f4xx_hal_dma.o
 .debug_ranges  0x00001230      0x2e8 VisualGDB/Debug/startup_stm32f407xx.o

.debug_line     0x00000000     0xe077
 .debug_line    0x00000000      0x6c8 VisualGDB/Debug/Attitude.o
 .debug_line    0x000006c8      0x1ca VisualGDB/Debug/Auto.o
 .debug_line    0x00000892      0x6ad VisualGDB/Debug/BasicCtrl.o
 .debug_line    0x00000f3f      0x2d5 VisualGDB/Debug/Display_QL504.o
 .debug_line    0x00001214      0x206 VisualGDB/Debug/freertos.o
 .debug_line    0x0000141a      0x5d8 VisualGDB/Debug/stm32f4xx_it.o
 .debug_line    0x000019f2      0x738 VisualGDB/Debug/stm32f4xx_hal_msp.o
 .debug_line    0x0000212a      0x23e VisualGDB/Debug/stm32f4xx_hal_timebase_tim.o
 .debug_line    0x00002368      0xaeb VisualGDB/Debug/main.o
 .debug_line    0x00002e53      0x1d6 VisualGDB/Debug/system_stm32f4xx.o
 .debug_line    0x00003029      0x495 VisualGDB/Debug/stm32f4xx_hal.o
 .debug_line    0x000034be      0xd1d VisualGDB/Debug/stm32f4xx_hal_adc.o
 .debug_line    0x000041db     0x12dc VisualGDB/Debug/stm32f4xx_hal_uart.o
 .debug_line    0x000054b7      0x635 VisualGDB/Debug/stm32f4xx_hal_gpio.o
 .debug_line    0x00005aec      0x31d VisualGDB/Debug/list.o
 .debug_line    0x00005e09     0x14ab VisualGDB/Debug/tasks.o
 .debug_line    0x000072b4      0x49b VisualGDB/Debug/heap_4.o
 .debug_line    0x0000774f      0x477 VisualGDB/Debug/port.o
 .debug_line    0x00007bc6      0xd91 VisualGDB/Debug/cmsis_os.o
 .debug_line    0x00008957      0x21e VisualGDB/Debug/stm32f4xx_hal_iwdg.o
 .debug_line    0x00008b75      0x843 VisualGDB/Debug/stm32f4xx_hal_rcc.o
 .debug_line    0x000093b8      0x756 VisualGDB/Debug/stm32f4xx_hal_cortex.o
 .debug_line    0x00009b0e     0x24a0 VisualGDB/Debug/stm32f4xx_hal_tim.o
 .debug_line    0x0000bfae      0xcce VisualGDB/Debug/stm32f4xx_hal_tim_ex.o
 .debug_line    0x0000cc7c      0xa15 VisualGDB/Debug/stm32f4xx_hal_dma.o
 .debug_line    0x0000d691      0x9e6 VisualGDB/Debug/startup_stm32f407xx.o

.debug_str      0x00000000     0x6b73
 .debug_str     0x00000000      0x34c VisualGDB/Debug/Attitude.o
                                0x399 (size before relaxing)
 .debug_str     0x0000034c       0x64 VisualGDB/Debug/Auto.o
                                0x2c3 (size before relaxing)
 .debug_str     0x000003b0      0x9e2 VisualGDB/Debug/BasicCtrl.o
                                0xced (size before relaxing)
 .debug_str     0x00000d92      0x11f VisualGDB/Debug/Display_QL504.o
                                0x7a4 (size before relaxing)
 .debug_str     0x00000eb1      0x135 VisualGDB/Debug/freertos.o
                                0x3c8 (size before relaxing)
 .debug_str     0x00000fe6      0x5bf VisualGDB/Debug/stm32f4xx_it.o
                                0xc88 (size before relaxing)
 .debug_str     0x000015a5      0x8bd VisualGDB/Debug/stm32f4xx_hal_msp.o
                               0x11c5 (size before relaxing)
 .debug_str     0x00001e62       0xf2 VisualGDB/Debug/stm32f4xx_hal_timebase_tim.o
                                0xd8e (size before relaxing)
 .debug_str     0x00001f54      0x6de VisualGDB/Debug/main.o
                               0x1a18 (size before relaxing)
 .debug_str     0x00002632       0xa7 VisualGDB/Debug/system_stm32f4xx.o
                                0x375 (size before relaxing)
 .debug_str     0x000026d9      0x268 VisualGDB/Debug/stm32f4xx_hal.o
                                0xb54 (size before relaxing)
 .debug_str     0x00002941      0x29a VisualGDB/Debug/stm32f4xx_hal_adc.o
                                0x9b3 (size before relaxing)
 .debug_str     0x00002bdb      0x52a VisualGDB/Debug/stm32f4xx_hal_uart.o
                                0xc68 (size before relaxing)
 .debug_str     0x00003105      0x16c VisualGDB/Debug/stm32f4xx_hal_gpio.o
                                0x59e (size before relaxing)
 .debug_str     0x00003271      0x136 VisualGDB/Debug/list.o
                                0x6ea (size before relaxing)
 .debug_str     0x000033a7      0xb49 VisualGDB/Debug/tasks.o
                               0x12bd (size before relaxing)
 .debug_str     0x00003ef0      0x1f5 VisualGDB/Debug/heap_4.o
                                0x7b4 (size before relaxing)
 .debug_str     0x000040e5      0x20d VisualGDB/Debug/port.o
                                0x44a (size before relaxing)
 .debug_str     0x000042f2      0x80e VisualGDB/Debug/cmsis_os.o
                               0x10fc (size before relaxing)
 .debug_str     0x00004b00       0x55 VisualGDB/Debug/stm32f4xx_hal_iwdg.o
                                0x34c (size before relaxing)
 .debug_str     0x00004b55      0x196 VisualGDB/Debug/stm32f4xx_hal_rcc.o
                                0x755 (size before relaxing)
 .debug_str     0x00004ceb      0x480 VisualGDB/Debug/stm32f4xx_hal_cortex.o
                                0xcd8 (size before relaxing)
 .debug_str     0x0000516b      0xced VisualGDB/Debug/stm32f4xx_hal_tim.o
                               0x1528 (size before relaxing)
 .debug_str     0x00005e58      0x498 VisualGDB/Debug/stm32f4xx_hal_tim_ex.o
                                0xd28 (size before relaxing)
 .debug_str     0x000062f0      0x30b VisualGDB/Debug/stm32f4xx_hal_dma.o
                                0x818 (size before relaxing)
 .debug_str     0x000065fb      0x578 VisualGDB/Debug/startup_stm32f407xx.o
                                0x8d4 (size before relaxing)

.comment        0x00000000       0x79
 .comment       0x00000000       0x79 VisualGDB/Debug/Attitude.o
                                 0x7a (size before relaxing)
 .comment       0x00000079       0x7a VisualGDB/Debug/Auto.o
 .comment       0x00000079       0x7a VisualGDB/Debug/BasicCtrl.o
 .comment       0x00000079       0x7a VisualGDB/Debug/Display_QL504.o
 .comment       0x00000079       0x7a VisualGDB/Debug/freertos.o
 .comment       0x00000079       0x7a VisualGDB/Debug/stm32f4xx_it.o
 .comment       0x00000079       0x7a VisualGDB/Debug/stm32f4xx_hal_msp.o
 .comment       0x00000079       0x7a VisualGDB/Debug/stm32f4xx_hal_timebase_tim.o
 .comment       0x00000079       0x7a VisualGDB/Debug/main.o
 .comment       0x00000079       0x7a VisualGDB/Debug/system_stm32f4xx.o
 .comment       0x00000079       0x7a VisualGDB/Debug/stm32f4xx_hal.o
 .comment       0x00000079       0x7a VisualGDB/Debug/stm32f4xx_hal_adc.o
 .comment       0x00000079       0x7a VisualGDB/Debug/stm32f4xx_hal_uart.o
 .comment       0x00000079       0x7a VisualGDB/Debug/stm32f4xx_hal_gpio.o
 .comment       0x00000079       0x7a VisualGDB/Debug/list.o
 .comment       0x00000079       0x7a VisualGDB/Debug/tasks.o
 .comment       0x00000079       0x7a VisualGDB/Debug/heap_4.o
 .comment       0x00000079       0x7a VisualGDB/Debug/port.o
 .comment       0x00000079       0x7a VisualGDB/Debug/cmsis_os.o
 .comment       0x00000079       0x7a VisualGDB/Debug/stm32f4xx_hal_iwdg.o
 .comment       0x00000079       0x7a VisualGDB/Debug/stm32f4xx_hal_rcc.o
 .comment       0x00000079       0x7a VisualGDB/Debug/stm32f4xx_hal_cortex.o
 .comment       0x00000079       0x7a VisualGDB/Debug/stm32f4xx_hal_tim.o
 .comment       0x00000079       0x7a VisualGDB/Debug/stm32f4xx_hal_tim_ex.o
 .comment       0x00000079       0x7a VisualGDB/Debug/stm32f4xx_hal_dma.o
 .comment       0x00000079       0x7a VisualGDB/Debug/startup_stm32f407xx.o

.debug_frame    0x00000000     0x5998
 .debug_frame   0x00000000      0x12c VisualGDB/Debug/Attitude.o
 .debug_frame   0x0000012c       0xd0 VisualGDB/Debug/Auto.o
 .debug_frame   0x000001fc      0x14c VisualGDB/Debug/BasicCtrl.o
 .debug_frame   0x00000348       0x80 VisualGDB/Debug/Display_QL504.o
 .debug_frame   0x000003c8       0x38 VisualGDB/Debug/freertos.o
 .debug_frame   0x00000400      0x2fc VisualGDB/Debug/stm32f4xx_it.o
 .debug_frame   0x000006fc      0x134 VisualGDB/Debug/stm32f4xx_hal_msp.o
 .debug_frame   0x00000830       0x74 VisualGDB/Debug/stm32f4xx_hal_timebase_tim.o
 .debug_frame   0x000008a4      0x38c VisualGDB/Debug/main.o
 .debug_frame   0x00000c30       0x58 VisualGDB/Debug/system_stm32f4xx.o
 .debug_frame   0x00000c88      0x374 VisualGDB/Debug/stm32f4xx_hal.o
 .debug_frame   0x00000ffc      0x3fc VisualGDB/Debug/stm32f4xx_hal_adc.o
 .debug_frame   0x000013f8      0x844 VisualGDB/Debug/stm32f4xx_hal_uart.o
 .debug_frame   0x00001c3c      0x14c VisualGDB/Debug/stm32f4xx_hal_gpio.o
 .debug_frame   0x00001d88       0xd8 VisualGDB/Debug/list.o
 .debug_frame   0x00001e60      0x734 VisualGDB/Debug/tasks.o
 .debug_frame   0x00002594      0x108 VisualGDB/Debug/heap_4.o
 .debug_frame   0x0000269c      0x1a8 VisualGDB/Debug/port.o
 .debug_frame   0x00002844      0x80c VisualGDB/Debug/cmsis_os.o
 .debug_frame   0x00003050       0x5c VisualGDB/Debug/stm32f4xx_hal_iwdg.o
 .debug_frame   0x000030ac      0x1f0 VisualGDB/Debug/stm32f4xx_hal_rcc.o
 .debug_frame   0x0000329c      0x498 VisualGDB/Debug/stm32f4xx_hal_cortex.o
 .debug_frame   0x00003734     0x10f0 VisualGDB/Debug/stm32f4xx_hal_tim.o
 .debug_frame   0x00004824      0x5c0 VisualGDB/Debug/stm32f4xx_hal_tim_ex.o
 .debug_frame   0x00004de4      0x250 VisualGDB/Debug/stm32f4xx_hal_dma.o
 .debug_frame   0x00005034      0x5d0 VisualGDB/Debug/startup_stm32f407xx.o
 .debug_frame   0x00005604       0x30 c:/sysgcc/arm-eabi/bin/../lib/gcc/arm-none-eabi/9.2.1/thumb/v7e-m+fp/hard\libgcc.a(_arm_muldf3.o)
 .debug_frame   0x00005634       0xac c:/sysgcc/arm-eabi/bin/../lib/gcc/arm-none-eabi/9.2.1/thumb/v7e-m+fp/hard\libgcc.a(_arm_addsubdf3.o)
 .debug_frame   0x000056e0       0x24 c:/sysgcc/arm-eabi/bin/../lib/gcc/arm-none-eabi/9.2.1/thumb/v7e-m+fp/hard\libgcc.a(_arm_fixunsdfsi.o)
 .debug_frame   0x00005704       0x2c c:/sysgcc/arm-eabi/bin/../lib/gcc/arm-none-eabi/9.2.1/thumb/v7e-m+fp/hard\libgcc.a(_aeabi_uldivmod.o)
 .debug_frame   0x00005730       0x34 c:/sysgcc/arm-eabi/bin/../lib/gcc/arm-none-eabi/9.2.1/thumb/v7e-m+fp/hard\libgcc.a(_udivmoddi4.o)
 .debug_frame   0x00005764       0x2c c:/sysgcc/arm-eabi/bin/../lib/gcc/arm-none-eabi/9.2.1/../../../../arm-none-eabi/lib/thumb/v7e-m+fp/hard\libc_nano.a(lib_a-init.o)
 .debug_frame   0x00005790       0x30 c:/sysgcc/arm-eabi/bin/../lib/gcc/arm-none-eabi/9.2.1/../../../../arm-none-eabi/lib/thumb/v7e-m+fp/hard\libc_nano.a(lib_a-malloc.o)
 .debug_frame   0x000057c0       0x20 c:/sysgcc/arm-eabi/bin/../lib/gcc/arm-none-eabi/9.2.1/../../../../arm-none-eabi/lib/thumb/v7e-m+fp/hard\libc_nano.a(lib_a-memset.o)
 .debug_frame   0x000057e0       0x30 c:/sysgcc/arm-eabi/bin/../lib/gcc/arm-none-eabi/9.2.1/../../../../arm-none-eabi/lib/thumb/v7e-m+fp/hard\libc_nano.a(lib_a-nano-mallocr.o)
 .debug_frame   0x00005810       0x2c c:/sysgcc/arm-eabi/bin/../lib/gcc/arm-none-eabi/9.2.1/../../../../arm-none-eabi/lib/thumb/v7e-m+fp/hard\libc_nano.a(lib_a-sbrkr.o)
 .debug_frame   0x0000583c       0x30 c:/sysgcc/arm-eabi/bin/../lib/gcc/arm-none-eabi/9.2.1/../../../../arm-none-eabi/lib/thumb/v7e-m+fp/hard\libc_nano.a(lib_a-mlock.o)
 .debug_frame   0x0000586c       0x5c c:/sysgcc/arm-eabi/bin/../lib/gcc/arm-none-eabi/9.2.1/../../../../arm-none-eabi/lib/thumb/v7e-m+fp/hard\libc_nano.a(lib_a-reent.o)
 .debug_frame   0x000058c8       0xb0 c:/sysgcc/arm-eabi/bin/../lib/gcc/arm-none-eabi/9.2.1/../../../../arm-none-eabi/lib/thumb/v7e-m+fp/hard\libc_nano.a(lib_a-lock.o)
 .debug_frame   0x00005978       0x20 c:/sysgcc/arm-eabi/bin/../lib/gcc/arm-none-eabi/9.2.1/../../../../arm-none-eabi/lib/thumb/v7e-m+fp/hard\libnosys.a(sbrk.o)